res：products/8AoWE22RR0/devices/test
et：1759610349
key：eU1mNXZoRndLcUVkUzhIQVdZc3ZFSXNOV3A3SVd1MkQ=
method:md5
version:2018-10-31
Token：version=2018-10-31&res=products%2F8AoWE22RR0%2Fdevices%2Ftest%08&et=1759610349&method=md5&sign=zjnTV65pW1MMLgND1GeuUA%3D%3D


res：products/8AoWE22RR0/devices/test
et：1759610349
key：eU1mNXZoRndLcUVkUzhIQVdZc3ZFSXNOV3A3SVd1MkQ=
method:md5
version:2018-10-31
Token：version=2018-10-31&res=products%2F8AoWE22RR0%2Fdevices%2Ftest%08&et=1759610349&method=md5&sign=zjnTV65pW1MMLgND1GeuUA%3D%3D


res：products/8AoWE22RR0/devices/test
et：1759610349
key：eU1mNXZoRndLcUVkUzhIQVdZc3ZFSXNOV3A3SVd1MkQ=
method:md5
version:2018-10-31
Token：version=2018-10-31&res=products%2F8AoWE22RR0%2Fdevices%2Ftest&et=1759610349&method=md5&sign=fJ1qF%2F%2BEnKmjwZAEqugblQ%3D%3D


res：products/8AoWE22RR0/devices/test
et：1764648732
key：eU1mNXZoRndLcUVkUzhIQVdZc3ZFSXNOV3A3SVd1MkQ=
method:md5
version:2018-10-31
Token：version=2018-10-31&res=products%2F8AoWE22RR0%2Fdevices%2Ftest&et=1764648732&method=md5&sign=UJ6CAyj66M6FDfGUIUF2lQ%3D%3D


res：products/8AoWE22RR0/devices/test
et：1764648732
key：eU1mNXZoRndLcUVkUzhIQVdZc3ZFSXNOV3A3SVd1MkQ=
method:sha1
version:2018-10-31
Token：version=2018-10-31&res=products%2F8AoWE22RR0%2Fdevices%2Ftest&et=1764648732&method=sha1&sign=4Rmlo2gSkvU7hiuWzR4D3u7R4es%3D


res：products/8AoWE22RR0/devices/test
et：1764648732
key：eU1mNXZoRndLcUVkUzhIQVdZc3ZFSXNOV3A3SVd1MkQ=
method:sha256
version:2018-10-31
Token：version=2018-10-31&res=products%2F8AoWE22RR0%2Fdevices%2Ftest&et=1764648732&method=sha256&sign=cskAiw4wmvVfhC4BB0njnDDbdpXIPAELLspiZVyAeo4%3D


res：products/8AoWE22RR0/devices/test
et：1764648732
key：eU1mNXZoRndLcUVkUzhIQVdZc3ZFSXNOV3A3SVd1MkQ=
method:md5
version:2018-10-31
Token：version=2018-10-31&res=products%2F8AoWE22RR0%2Fdevices%2Ftest&et=1764648732&method=md5&sign=UJ6CAyj66M6FDfGUIUF2lQ%3D%3D


res：products/8AoWE22RR0/devices/test
et：1764648732
key：eU1mNXZoRndLcUVkUzhIQVdZc3ZFSXNOV3A3SVd1MkQ=
method:md5
version:2018-10-31
Token：version=2018-10-31&res=products%2F8AoWE22RR0%2Fdevices%2Ftest&et=1764648732&method=md5&sign=UJ6CAyj66M6FDfGUIUF2lQ%3D%3D


res：products/Q90TtP6cvw/devices/one
et：1764648732
key：YXFjdW1WZFkzY3RVMDJoYmhnVTJobVZEVGxMS3VnZHU=
method:md5
version:2018-10-31
Token：version=2018-10-31&res=products%2FQ90TtP6cvw%2Fdevices%2Fone&et=1764648732&method=md5&sign=38zc8S%2FeWaCJUwtUniolQQ%3D%3D


res：products/Q90TtP6cvw/devices/one
et：1764648732
key：YXFjdW1WZFkzY3RVMDJoYmhnVTJobVZEVGxMS3VnZHU=
method:md5
version:2022-05-01
Token：version=2022-05-01&res=products%2FQ90TtP6cvw%2Fdevices%2Fone&et=1764648732&method=md5&sign=ndDPQfhCvLr6KwUnrhMCXQ%3D%3D


