Component: ARM Compiler 5.06 update 7 (build 960) Tool: armlink [4d3601]

==============================================================================

Section Cross References

    stm32f10x_it.o(i.BusFault_Handler) refers to usart.o(i.UsartPrintf) for UsartPrintf
    stm32f10x_it.o(i.HardFault_Handler) refers to usart.o(i.UsartPrintf) for UsartPrintf
    stm32f10x_it.o(i.MemManage_Handler) refers to usart.o(i.UsartPrintf) for UsartPrintf
    stm32f10x_it.o(i.UsageFault_Handler) refers to usart.o(i.UsartPrintf) for UsartPrintf
    system_stm32f10x.o(i.SetSysClock) refers to system_stm32f10x.o(i.SetSysClockTo72) for SetSysClockTo72
    system_stm32f10x.o(i.SystemCoreClockUpdate) refers to system_stm32f10x.o(.data) for SystemCoreClock
    system_stm32f10x.o(i.SystemInit) refers to system_stm32f10x.o(i.SetSysClock) for SetSysClock
    startup_stm32f10x_md.o(RESET) refers to startup_stm32f10x_md.o(STACK) for __initial_sp
    startup_stm32f10x_md.o(RESET) refers to startup_stm32f10x_md.o(.text) for Reset_Handler
    startup_stm32f10x_md.o(RESET) refers to stm32f10x_it.o(i.NMI_Handler) for NMI_Handler
    startup_stm32f10x_md.o(RESET) refers to stm32f10x_it.o(i.HardFault_Handler) for HardFault_Handler
    startup_stm32f10x_md.o(RESET) refers to stm32f10x_it.o(i.MemManage_Handler) for MemManage_Handler
    startup_stm32f10x_md.o(RESET) refers to stm32f10x_it.o(i.BusFault_Handler) for BusFault_Handler
    startup_stm32f10x_md.o(RESET) refers to stm32f10x_it.o(i.UsageFault_Handler) for UsageFault_Handler
    startup_stm32f10x_md.o(RESET) refers to stm32f10x_it.o(i.SVC_Handler) for SVC_Handler
    startup_stm32f10x_md.o(RESET) refers to stm32f10x_it.o(i.DebugMon_Handler) for DebugMon_Handler
    startup_stm32f10x_md.o(RESET) refers to stm32f10x_it.o(i.SysTick_Handler) for SysTick_Handler
    startup_stm32f10x_md.o(RESET) refers to stm32f10x_it.o(i.RTC_IRQHandler) for RTC_IRQHandler
    startup_stm32f10x_md.o(RESET) refers to stm32f10x_it.o(i.EXTI0_IRQHandler) for EXTI0_IRQHandler
    startup_stm32f10x_md.o(RESET) refers to timer.o(i.TIM2_IRQHandler) for TIM2_IRQHandler
    startup_stm32f10x_md.o(RESET) refers to timer.o(i.TIM3_IRQHandler) for TIM3_IRQHandler
    startup_stm32f10x_md.o(RESET) refers to usart.o(i.USART1_IRQHandler) for USART1_IRQHandler
    startup_stm32f10x_md.o(RESET) refers to esp8266.o(i.USART2_IRQHandler) for USART2_IRQHandler
    startup_stm32f10x_md.o(.text) refers to system_stm32f10x.o(i.SystemInit) for SystemInit
    startup_stm32f10x_md.o(.text) refers to entry.o(.ARM.Collect$$$$00000000) for __main
    stm32f10x_gpio.o(i.GPIO_AFIODeInit) refers to stm32f10x_rcc.o(i.RCC_APB2PeriphResetCmd) for RCC_APB2PeriphResetCmd
    stm32f10x_gpio.o(i.GPIO_DeInit) refers to stm32f10x_rcc.o(i.RCC_APB2PeriphResetCmd) for RCC_APB2PeriphResetCmd
    stm32f10x_rcc.o(i.RCC_GetClocksFreq) refers to stm32f10x_rcc.o(.data) for APBAHBPrescTable
    stm32f10x_rcc.o(i.RCC_WaitForHSEStartUp) refers to stm32f10x_rcc.o(i.RCC_GetFlagStatus) for RCC_GetFlagStatus
    stm32f10x_usart.o(i.USART_DeInit) refers to stm32f10x_rcc.o(i.RCC_APB2PeriphResetCmd) for RCC_APB2PeriphResetCmd
    stm32f10x_usart.o(i.USART_DeInit) refers to stm32f10x_rcc.o(i.RCC_APB1PeriphResetCmd) for RCC_APB1PeriphResetCmd
    stm32f10x_usart.o(i.USART_Init) refers to stm32f10x_rcc.o(i.RCC_GetClocksFreq) for RCC_GetClocksFreq
    stm32f10x_adc.o(i.ADC_DeInit) refers to stm32f10x_rcc.o(i.RCC_APB2PeriphResetCmd) for RCC_APB2PeriphResetCmd
    stm32f10x_tim.o(i.TIM_DeInit) refers to stm32f10x_rcc.o(i.RCC_APB2PeriphResetCmd) for RCC_APB2PeriphResetCmd
    stm32f10x_tim.o(i.TIM_DeInit) refers to stm32f10x_rcc.o(i.RCC_APB1PeriphResetCmd) for RCC_APB1PeriphResetCmd
    stm32f10x_tim.o(i.TIM_ETRClockMode1Config) refers to stm32f10x_tim.o(i.TIM_ETRConfig) for TIM_ETRConfig
    stm32f10x_tim.o(i.TIM_ETRClockMode2Config) refers to stm32f10x_tim.o(i.TIM_ETRConfig) for TIM_ETRConfig
    stm32f10x_tim.o(i.TIM_ICInit) refers to stm32f10x_tim.o(i.TI1_Config) for TI1_Config
    stm32f10x_tim.o(i.TIM_ICInit) refers to stm32f10x_tim.o(i.TIM_SetIC1Prescaler) for TIM_SetIC1Prescaler
    stm32f10x_tim.o(i.TIM_ICInit) refers to stm32f10x_tim.o(i.TI2_Config) for TI2_Config
    stm32f10x_tim.o(i.TIM_ICInit) refers to stm32f10x_tim.o(i.TIM_SetIC2Prescaler) for TIM_SetIC2Prescaler
    stm32f10x_tim.o(i.TIM_ICInit) refers to stm32f10x_tim.o(i.TI3_Config) for TI3_Config
    stm32f10x_tim.o(i.TIM_ICInit) refers to stm32f10x_tim.o(i.TIM_SetIC3Prescaler) for TIM_SetIC3Prescaler
    stm32f10x_tim.o(i.TIM_ICInit) refers to stm32f10x_tim.o(i.TI4_Config) for TI4_Config
    stm32f10x_tim.o(i.TIM_ICInit) refers to stm32f10x_tim.o(i.TIM_SetIC4Prescaler) for TIM_SetIC4Prescaler
    stm32f10x_tim.o(i.TIM_ITRxExternalClockConfig) refers to stm32f10x_tim.o(i.TIM_SelectInputTrigger) for TIM_SelectInputTrigger
    stm32f10x_tim.o(i.TIM_PWMIConfig) refers to stm32f10x_tim.o(i.TI1_Config) for TI1_Config
[...]
    fwlib\src\stm32f10x_rcc.c                0x00000000   Number         0  stm32f10x_rcc.o ABSOLUTE
    fwlib\src\stm32f10x_tim.c                0x00000000   Number         0  stm32f10x_tim.o ABSOLUTE
    fwlib\src\stm32f10x_usart.c              0x00000000   Number         0  stm32f10x_usart.o ABSOLUTE
    handlers.s                               0x00000000   Number         0  handlers.o ABSOLUTE
    hardware\src\AD.c                        0x00000000   Number         0  ad.o ABSOLUTE
    hardware\src\Timer.c                     0x00000000   Number         0  timer.o ABSOLUTE
    hardware\src\delay.c                     0x00000000   Number         0  delay.o ABSOLUTE
    hardware\src\usart.c                     0x00000000   Number         0  usart.o ABSOLUTE
    init.s                                   0x00000000   Number         0  init.o ABSOLUTE
    user\main.c                              0x00000000   Number         0  main.o ABSOLUTE
    RESET                                    0x08000000   Section      236  startup_stm32f10x_md.o(RESET)
    .ARM.Collect$$$$00000000                 0x080000ec   Section        0  entry.o(.ARM.Collect$$$$00000000)
    .ARM.Collect$$$$00000001                 0x080000ec   Section        4  entry2.o(.ARM.Collect$$$$00000001)
    .ARM.Collect$$$$00000004                 0x080000f0   Section        4  entry5.o(.ARM.Collect$$$$00000004)
    .ARM.Collect$$$$00000008                 0x080000f4   Section        0  entry7b.o(.ARM.Collect$$$$00000008)
    .ARM.Collect$$$$0000000A                 0x080000f4   Section        0  entry8b.o(.ARM.Collect$$$$0000000A)
    .ARM.Collect$$$$0000000B                 0x080000f4   Section        8  entry9a.o(.ARM.Collect$$$$0000000B)
    .ARM.Collect$$$$0000000E                 0x080000fc   Section        4  entry12b.o(.ARM.Collect$$$$0000000E)
    .ARM.Collect$$$$0000000F                 0x08000100   Section        0  entry10a.o(.ARM.Collect$$$$0000000F)
    .ARM.Collect$$$$00000011                 0x08000100   Section        0  entry11a.o(.ARM.Collect$$$$00000011)
    .ARM.Collect$$$$00002712                 0x08000100   Section        4  entry2.o(.ARM.Collect$$$$00002712)
    __lit__00000000                          0x08000100   Data           4  entry2.o(.ARM.Collect$$$$00002712)
    .text                                    0x08000104   Section       36  startup_stm32f10x_md.o(.text)
    .text                                    0x08000128   Section        0  tolower.o(.text)
    .text                                    0x08000134   Section        0  memcpya.o(.text)
    .text                                    0x08000158   Section        0  memseta.o(.text)
    .text                                    0x0800017c   Section        0  strcat.o(.text)
    .text                                    0x08000194   Section        0  strstr.o(.text)
    .text                                    0x080001b8   Section        0  strchr.o(.text)
    .text                                    0x080001cc   Section        0  strlen.o(.text)
    .text                                    0x080001da   Section        0  strncat.o(.text)
    .text                                    0x08000202   Section        0  strcpy.o(.text)
    .text                                    0x08000214   Section        0  strncmp.o(.text)
    .text                                    0x08000232   Section        0  atoi.o(.text)
    .text                                    0x0800024c   Section        0  fdiv.o(.text)
    .text                                    0x080002c8   Section        0  dadd.o(.text)
    .text                                    0x08000416   Section        0  dmul.o(.text)
    .text                                    0x080004fa   Section        0  ffltui.o(.text)
    .text                                    0x08000504   Section        0  dflti.o(.text)
    .text                                    0x08000526   Section        0  dfixi.o(.text)
    .text                                    0x08000564   Section        0  f2d.o(.text)
    .text                                    0x0800058c   Section       48  cdrcmple.o(.text)
    .text                                    0x080005bc   Section        0  d2f.o(.text)
    .text                                    0x080005f4   Section        0  uidiv.o(.text)
    .text                                    0x08000620   Section        0  uldiv.o(.text)
    .text                                    0x08000682   Section        0  llshl.o(.text)
    .text                                    0x080006a0   Section        0  llushr.o(.text)
    .text                                    0x080006c0   Section        0  llsshr.o(.text)
    .text                                    0x080006e4   Section        0  _chval.o(.text)
    .text                                    0x08000700   Section        0  strtol.o(.text)
    .text                                    0x08000770   Section        0  iusefp.o(.text)
    .text                                    0x08000770   Section        0  fepilogue.o(.text)
    .text                                    0x080007de   Section        0  depilogue.o(.text)
    .text                                    0x08000898   Section        0  ddiv.o(.text)
    .text                                    0x08000976   Section        0  dscalb.o(.text)
    .text                                    0x080009a4   Section        0  dfixul.o(.text)
    .text                                    0x080009d4   Section       36  init.o(.text)
    .text                                    0x080009f8   Section        0  ctype_o.o(.text)
    .text                                    0x08000a00   Section        0  _strtoul.o(.text)
    .text                                    0x08000a9e   Section        0  dsqrt.o(.text)
    i.ADC_Cmd                                0x08000b40   Section        0  stm32f10x_adc.o(i.ADC_Cmd)
    i.ADC_GetCalibrationStatus               0x08000b56   Section        0  stm32f10x_adc.o(i.ADC_GetCalibrationStatus)
    i.ADC_GetConversionValue                 0x08000b6a   Section        0  stm32f10x_adc.o(i.ADC_GetConversionValue)
    i.ADC_GetFlagStatus                      0x08000b72   Section        0  stm32f10x_adc.o(i.ADC_GetFlagStatus)
    i.ADC_GetResetCalibrationStatus          0x08000b84   Section        0  stm32f10x_adc.o(i.ADC_GetResetCalibrationStatus)
    i.ADC_Init                               0x08000b98   Section        0  stm32f10x_adc.o(i.ADC_Init)
    i.ADC_RegularChannelConfig               0x08000be8   Section        0  stm32f10x_adc.o(i.ADC_RegularChannelConfig)
    i.ADC_ResetCalibration                   0x08000ca0   Section        0  stm32f10x_adc.o(i.ADC_ResetCalibration)
    i.ADC_SoftwareStartConvCmd               0x08000caa   Section        0  stm32f10x_adc.o(i.ADC_SoftwareStartConvCmd)
    i.ADC_StartCalibration                   0x08000cc0   Section        0  stm32f10x_adc.o(i.ADC_StartCalibration)
    i.AD_GetValue                            0x08000ccc   Section        0  ad.o(i.AD_GetValue)
    i.AD_Init                                0x08000cf0   Section        0  ad.o(i.AD_Init)
    i.BASE64_Decode                          0x08000d90   Section        0  base64.o(i.BASE64_Decode)
    i.BASE64_Encode                          0x08000efc   Section        0  base64.o(i.BASE64_Encode)
    i.BusFault_Handler                       0x08001040   Section        0  stm32f10x_it.o(i.BusFault_Handler)
    i.DebugMon_Handler                       0x0800108c   Section        0  stm32f10x_it.o(i.DebugMon_Handler)
    i.DelayMs                                0x0800108e   Section        0  delay.o(i.DelayMs)
    i.DelayXms                               0x080010cc   Section        0  delay.o(i.DelayXms)
    i.Delay_Init                             0x08001114   Section        0  delay.o(i.Delay_Init)
    i.ESP8266_Clear                          0x0800114c   Section        0  esp8266.o(i.ESP8266_Clear)
    i.ESP8266_GetIPD                         0x08001168   Section        0  esp8266.o(i.ESP8266_GetIPD)
    i.ESP8266_Init                           0x080011b8   Section        0  esp8266.o(i.ESP8266_Init)
    i.ESP8266_SendCmd                        0x080012e0   Section        0  esp8266.o(i.ESP8266_SendCmd)
    i.ESP8266_SendData                       0x08001334   Section        0  esp8266.o(i.ESP8266_SendData)
    i.ESP8266_WaitRecive                     0x0800137c   Section        0  esp8266.o(i.ESP8266_WaitRecive)
    i.EXTI0_IRQHandler                       0x080013b0   Section        0  stm32f10x_it.o(i.EXTI0_IRQHandler)
    i.GPIO_Init                              0x080013b2   Section        0  stm32f10x_gpio.o(i.GPIO_Init)
    i.GPIO_PinRemapConfig                    0x080014c8   Section        0  stm32f10x_gpio.o(i.GPIO_PinRemapConfig)
    i.GPIO_ReadInputDataBit                  0x08001558   Section        0  stm32f10x_gpio.o(i.GPIO_ReadInputDataBit)
    i.GPIO_ResetBits                         0x0800156a   Section        0  stm32f10x_gpio.o(i.GPIO_ResetBits)
    i.GPIO_SetBits                           0x0800156e   Section        0  stm32f10x_gpio.o(i.GPIO_SetBits)
    i.GPIO_WriteBit                          0x08001572   Section        0  stm32f10x_gpio.o(i.GPIO_WriteBit)
    i.Get_Key1_Value                         0x0800157c   Section        0  key.o(i.Get_Key1_Value)
    i.Get_Key2_Value                         0x080015bc   Section        0  key.o(i.Get_Key2_Value)
    i.Get_SU03T_val                          0x080015fc   Section        0  key.o(i.Get_SU03T_val)
    i.Get_infrared_val                       0x08001640   Section        0  key.o(i.Get_infrared_val)
    i.HardFault_Handler                      0x08001684   Section        0  stm32f10x_it.o(i.HardFault_Handler)
    i.Hardware_Init                          0x080016d0   Section        0  main.o(i.Hardware_Init)
    i.LED_Init                               0x08001738   Section        0  led.o(i.LED_Init)
    i.MQTT_DeleteBuffer                      0x08001770   Section        0  mqttkit.o(i.MQTT_DeleteBuffer)
    i.MQTT_DumpLength                        0x0800178c   Section        0  mqttkit.o(i.MQTT_DumpLength)
    i.MQTT_NewBuffer                         0x080017ba   Section        0  mqttkit.o(i.MQTT_NewBuffer)
    i.MQTT_PacketConnect                     0x08001814   Section        0  mqttkit.o(i.MQTT_PacketConnect)
    i.MQTT_PacketPublish                     0x08001ab4   Section        0  mqttkit.o(i.MQTT_PacketPublish)
    i.MQTT_PacketSaveData                    0x08001c6c   Section        0  mqttkit.o(i.MQTT_PacketSaveData)
    i.MQTT_PacketSubscribe                   0x08001cd0   Section        0  mqttkit.o(i.MQTT_PacketSubscribe)
    i.MQTT_ReadLength                        0x08001dce   Section        0  mqttkit.o(i.MQTT_ReadLength)
    i.MQTT_UnPacketConnectAck                0x08001e14   Section        0  mqttkit.o(i.MQTT_UnPacketConnectAck)
    i.MQTT_UnPacketPublish                   0x08001e34   Section        0  mqttkit.o(i.MQTT_UnPacketPublish)
    i.MQTT_UnPacketPublishAck                0x08001ff4   Section        0  mqttkit.o(i.MQTT_UnPacketPublishAck)
    i.MQTT_UnPacketRecv                      0x08002014   Section        0  mqttkit.o(i.MQTT_UnPacketRecv)
    i.MQTT_UnPacketSubscribe                 0x08002088   Section        0  mqttkit.o(i.MQTT_UnPacketSubscribe)
    i.MemManage_Handler                      0x080020bc   Section        0  stm32f10x_it.o(i.MemManage_Handler)
    i.NMI_Handler                            0x08002108   Section        0  stm32f10x_it.o(i.NMI_Handler)
    i.NVIC_Init                              0x0800210c   Section        0  misc.o(i.NVIC_Init)
    i.NVIC_PriorityGroupConfig               0x0800217c   Section        0  misc.o(i.NVIC_PriorityGroupConfig)
    i.OLED_Clear                             0x08002190   Section        0  oled.o(i.OLED_Clear)
    i.OLED_I2C_Init                          0x080021bc   Section        0  oled.o(i.OLED_I2C_Init)
    i.OLED_I2C_SendByte                      0x0800220c   Section        0  oled.o(i.OLED_I2C_SendByte)
    i.OLED_I2C_Start                         0x08002260   Section        0  oled.o(i.OLED_I2C_Start)
    i.OLED_I2C_Stop                          0x08002294   Section        0  oled.o(i.OLED_I2C_Stop)
    i.OLED_Init                              0x080022bc   Section        0  oled.o(i.OLED_Init)
    i.OLED_SetCursor                         0x0800236a   Section        0  oled.o(i.OLED_SetCursor)
    i.OLED_ShowChar                          0x0800238c   Section        0  oled.o(i.OLED_ShowChar)
    i.OLED_ShowString                        0x08002400   Section        0  oled.o(i.OLED_ShowString)
    i.OLED_WriteCommand                      0x08002428   Section        0  oled.o(i.OLED_WriteCommand)
    i.OLED_WriteData                         0x08002448   Section        0  oled.o(i.OLED_WriteData)
    i.OTA_UrlEncode                          0x08002468   Section        0  onenet.o(i.OTA_UrlEncode)
    OTA_UrlEncode                            0x08002469   Thumb Code   246  onenet.o(i.OTA_UrlEncode)
    i.OneNET_Authorization                   0x08002580   Section        0  onenet.o(i.OneNET_Authorization)
    OneNET_Authorization                     0x08002581   Thumb Code   284  onenet.o(i.OneNET_Authorization)
    i.OneNET_Subscribe                       0x0800271c   Section        0  onenet.o(i.OneNET_Subscribe)
    i.OneNet_DevLink                         0x080027bc   Section        0  onenet.o(i.OneNet_DevLink)
    i.OneNet_FillBuf                         0x08002a38   Section        0  onenet.o(i.OneNet_FillBuf)
    i.OneNet_RevPro                          0x08002b34   Section        0  onenet.o(i.OneNet_RevPro)
    i.OneNet_SendData                        0x08002de4   Section        0  onenet.o(i.OneNet_SendData)
    i.RCC_ADCCLKConfig                       0x08002ecc   Section        0  stm32f10x_rcc.o(i.RCC_ADCCLKConfig)
    i.RCC_APB1PeriphClockCmd                 0x08002ee4   Section        0  stm32f10x_rcc.o(i.RCC_APB1PeriphClockCmd)
    i.RCC_APB2PeriphClockCmd                 0x08002f04   Section        0  stm32f10x_rcc.o(i.RCC_APB2PeriphClockCmd)
    i.RCC_GetClocksFreq                      0x08002f24   Section        0  stm32f10x_rcc.o(i.RCC_GetClocksFreq)
    i.RTC_IRQHandler                         0x08002ff8   Section        0  stm32f10x_it.o(i.RTC_IRQHandler)
    i.SVC_Handler                            0x08002ffa   Section        0  stm32f10x_it.o(i.SVC_Handler)
    i.SetSysClock                            0x08002ffc   Section        0  system_stm32f10x.o(i.SetSysClock)
    SetSysClock                              0x08002ffd   Thumb Code     8  system_stm32f10x.o(i.SetSysClock)
    i.SetSysClockTo72                        0x08003004   Section        0  system_stm32f10x.o(i.SetSysClockTo72)
    SetSysClockTo72                          0x08003005   Thumb Code   214  system_stm32f10x.o(i.SetSysClockTo72)
    i.SysTick_Handler                        0x080030e4   Section        0  stm32f10x_it.o(i.SysTick_Handler)
    i.SystemInit                             0x080030e8   Section        0  system_stm32f10x.o(i.SystemInit)
    i.TIM2_IRQHandler                        0x08003148   Section        0  timer.o(i.TIM2_IRQHandler)
    i.TIM3_IRQHandler                        0x08003214   Section        0  timer.o(i.TIM3_IRQHandler)
    i.TIM_ClearFlag                          0x080032e4   Section        0  stm32f10x_tim.o(i.TIM_ClearFlag)
    i.TIM_ClearITPendingBit                  0x080032ea   Section        0  stm32f10x_tim.o(i.TIM_ClearITPendingBit)
    i.TIM_Cmd                                0x080032f0   Section        0  stm32f10x_tim.o(i.TIM_Cmd)
    i.TIM_GetITStatus                        0x08003308   Section        0  stm32f10x_tim.o(i.TIM_GetITStatus)
    i.TIM_ITConfig                           0x0800332a   Section        0  stm32f10x_tim.o(i.TIM_ITConfig)
    i.TIM_InternalClockConfig                0x0800333c   Section        0  stm32f10x_tim.o(i.TIM_InternalClockConfig)
    i.TIM_TimeBaseInit                       0x08003348   Section        0  stm32f10x_tim.o(i.TIM_TimeBaseInit)
    i.Timer2_Init                            0x080033ec   Section        0  timer.o(i.Timer2_Init)
    i.Timer3_Init                            0x0800345c   Section        0  timer.o(i.Timer3_Init)
    i.USART1_IRQHandler                      0x080034cc   Section        0  usart.o(i.USART1_IRQHandler)
    i.USART2_IRQHandler                      0x080034e8   Section        0  esp8266.o(i.USART2_IRQHandler)
    i.USART_ClearFlag                        0x08003534   Section        0  stm32f10x_usart.o(i.USART_ClearFlag)
    i.USART_Cmd                              0x08003546   Section        0  stm32f10x_usart.o(i.USART_Cmd)
    i.USART_GetFlagStatus                    0x0800355e   Section        0  stm32f10x_usart.o(i.USART_GetFlagStatus)
    i.USART_GetITStatus                      0x08003578   Section        0  stm32f10x_usart.o(i.USART_GetITStatus)
    i.USART_ITConfig                         0x080035cc   Section        0  stm32f10x_usart.o(i.USART_ITConfig)
    i.USART_Init                             0x08003618   Section        0  stm32f10x_usart.o(i.USART_Init)
    i.USART_SendData                         0x080036f0   Section        0  stm32f10x_usart.o(i.USART_SendData)
    i.UsageFault_Handler                     0x080036f8   Section        0  stm32f10x_it.o(i.UsageFault_Handler)
    i.Usart1_Init                            0x08003748   Section        0  usart.o(i.Usart1_Init)
    i.Usart2_Init                            0x080037f8   Section        0  usart.o(i.Usart2_Init)
    i.UsartPrintf                            0x080038a4   Section        0  usart.o(i.UsartPrintf)
    i.Usart_SendString                       0x080038ec   Section        0  usart.o(i.Usart_SendString)
    i.__0snprintf                            0x08003920   Section        0  printfa.o(i.__0snprintf)
    i.__0sprintf                             0x08003954   Section        0  printfa.o(i.__0sprintf)
    i.__0vsnprintf                           0x0800397c   Section        0  printfa.o(i.__0vsnprintf)
    i.__ARM_fpclassify                       0x080039b0   Section        0  fpclassify.o(i.__ARM_fpclassify)
    i.__aeabi_errno_addr                     0x080039d8   Section        0  errno.o(i.__aeabi_errno_addr)
    i.__kernel_poly                          0x080039e0   Section        0  poly.o(i.__kernel_poly)
    i.__mathlib_dbl_divzero                  0x08003a8c   Section        0  dunder.o(i.__mathlib_dbl_divzero)
    i.__mathlib_dbl_infnan2                  0x08003a9c   Section        0  dunder.o(i.__mathlib_dbl_infnan2)
    i.__mathlib_dbl_invalid                  0x08003aa0   Section        0  dunder.o(i.__mathlib_dbl_invalid)
    i.__mathlib_dbl_overflow                 0x08003aac   Section        0  dunder.o(i.__mathlib_dbl_overflow)
    i.__mathlib_dbl_underflow                0x08003abc   Section        0  dunder.o(i.__mathlib_dbl_underflow)
    i.__scatterload_copy                     0x08003acc   Section       14  handlers.o(i.__scatterload_copy)
    i.__scatterload_null                     0x08003ada   Section        2  handlers.o(i.__scatterload_null)
    i.__scatterload_zeroinit                 0x08003adc   Section       14  handlers.o(i.__scatterload_zeroinit)
    i.__set_errno                            0x08003aec   Section        0  errno.o(i.__set_errno)
    i._fp_digits                             0x08003af8   Section        0  printfa.o(i._fp_digits)
    _fp_digits                               0x08003af9   Thumb Code   366  printfa.o(i._fp_digits)
    i._printf_core                           0x08003c7c   Section        0  printfa.o(i._printf_core)
    _printf_core                             0x08003c7d   Thumb Code  1704  printfa.o(i._printf_core)
    i._printf_post_padding                   0x08004330   Section        0  printfa.o(i._printf_post_padding)
    _printf_post_padding                     0x08004331   Thumb Code    36  printfa.o(i._printf_post_padding)
    i._printf_pre_padding                    0x08004354   Section        0  printfa.o(i._printf_pre_padding)
    _printf_pre_padding                      0x08004355   Thumb Code    46  printfa.o(i._printf_pre_padding)
    i._snputc                                0x08004382   Section        0  printfa.o(i._snputc)
    _snputc                                  0x08004383   Thumb Code    22  printfa.o(i._snputc)
    i._sputc                                 0x08004398   Section        0  printfa.o(i._sputc)
    _sputc                                   0x08004399   Thumb Code    10  printfa.o(i._sputc)
    i.cJSON_Delete                           0x080043a4   Section        0  cjson.o(i.cJSON_Delete)
    i.cJSON_GetObjectItem                    0x080043fc   Section        0  cjson.o(i.cJSON_GetObjectItem)
    i.cJSON_New_Item                         0x0800441c   Section        0  cjson.o(i.cJSON_New_Item)
    cJSON_New_Item                           0x0800441d   Thumb Code    26  cjson.o(i.cJSON_New_Item)
    i.cJSON_Parse                            0x0800443c   Section        0  cjson.o(i.cJSON_Parse)
    i.cJSON_ParseWithOpts                    0x0800444c   Section        0  cjson.o(i.cJSON_ParseWithOpts)
    i.cJSON_strcasecmp                       0x080044b0   Section        0  cjson.o(i.cJSON_strcasecmp)
    cJSON_strcasecmp                         0x080044b1   Thumb Code    76  cjson.o(i.cJSON_strcasecmp)
    i.free                                   0x080044fc   Section        0  malloc.o(i.free)
    i.ft                                     0x0800454c   Section        0  hmac_sha1.o(i.ft)
    i.hmac_sha1                              0x08004598   Section        0  hmac_sha1.o(i.hmac_sha1)
    i.k                                      0x080046c8   Section        0  hmac_sha1.o(i.k)
    i.key_Init                               0x080046fc   Section        0  key.o(i.key_Init)
    i.main                                   0x08004748   Section        0  main.o(i.main)
    i.malloc                                 0x08004928   Section        0  malloc.o(i.malloc)
    i.parse_array                            0x08004994   Section        0  cjson.o(i.parse_array)
    parse_array                              0x08004995   Thumb Code   166  cjson.o(i.parse_array)
    i.parse_hex4                             0x08004a40   Section        0  cjson.o(i.parse_hex4)
    parse_hex4                               0x08004a41   Thumb Code   276  cjson.o(i.parse_hex4)
    i.parse_number                           0x08004b54   Section        0  cjson.o(i.parse_number)
    parse_number                             0x08004b55   Thumb Code   432  cjson.o(i.parse_number)
    i.parse_object                           0x08004d10   Section        0  cjson.o(i.parse_object)
    parse_object                             0x08004d11   Thumb Code   270  cjson.o(i.parse_object)
    i.parse_string                           0x08004e24   Section        0  cjson.o(i.parse_string)
    parse_string                             0x08004e25   Thumb Code   448  cjson.o(i.parse_string)
    i.parse_value                            0x08004ff0   Section        0  cjson.o(i.parse_value)
    parse_value                              0x08004ff1   Thumb Code   158  cjson.o(i.parse_value)
    i.pow                                    0x080050ac   Section        0  pow.o(i.pow)
    i.rotl                                   0x08005a84   Section        0  hmac_sha1.o(i.rotl)
    i.sha1                                   0x08005ab4   Section        0  hmac_sha1.o(i.sha1)
    i.skip                                   0x08005d38   Section        0  cjson.o(i.skip)
    skip                                     0x08005d39   Thumb Code    18  cjson.o(i.skip)
    i.sqrt                                   0x08005d4a   Section        0  sqrt.o(i.sqrt)
    .constdata                               0x08005d96   Section     1520  oled.o(.constdata)
    .constdata                               0x08006386   Section      192  base64.o(.constdata)
    base64_enc_map                           0x08006386   Data          64  base64.o(.constdata)
    base64_dec_map                           0x080063c6   Data         128  base64.o(.constdata)
    .constdata                               0x08006446   Section        7  cjson.o(.constdata)
    firstByteMark                            0x08006446   Data           7  cjson.o(.constdata)
    .constdata                               0x08006450   Section      136  pow.o(.constdata)
    bp                                       0x08006450   Data          16  pow.o(.constdata)
    dp_h                                     0x08006460   Data          16  pow.o(.constdata)
    dp_l                                     0x08006470   Data          16  pow.o(.constdata)
    L                                        0x08006480   Data          48  pow.o(.constdata)
    P                                        0x080064b0   Data          40  pow.o(.constdata)
    .constdata                               0x080064d8   Section        8  qnan.o(.constdata)
    .constdata                               0x080064e0   Section      129  ctype_o.o(.constdata)
    .constdata                               0x08006564   Section        4  ctype_o.o(.constdata)
    table                                    0x08006564   Data           4  ctype_o.o(.constdata)
    .conststring                             0x08006568   Section       71  onenet.o(.conststring)
    .data                                    0x20000000   Section       20  stm32f10x_rcc.o(.data)
    APBAHBPrescTable                         0x20000000   Data          16  stm32f10x_rcc.o(.data)
    ADCPrescTable                            0x20000010   Data           4  stm32f10x_rcc.o(.data)
    .data                                    0x20000014   Section        4  delay.o(.data)
    .data                                    0x20000018   Section        1  timer.o(.data)
    .data                                    0x2000001c   Section       13  main.o(.data)
    .data                                    0x2000002a   Section        4  onenet.o(.data)
    pkt_id                                   0x2000002c   Data           2  onenet.o(.data)
    .data                                    0x20000030   Section       12  cjson.o(.data)
    ep                                       0x20000030   Data           4  cjson.o(.data)
    cJSON_malloc                             0x20000034   Data           4  cjson.o(.data)
    cJSON_free                               0x20000038   Data           4  cjson.o(.data)
    .data                                    0x2000003c   Section        4  esp8266.o(.data)
    .data                                    0x20000040   Section        4  mvars.o(.data)
    .data                                    0x20000044   Section        4  mvars.o(.data)
    .data                                    0x20000048   Section        4  errno.o(.data)
    _errno                                   0x20000048   Data           4  errno.o(.data)
    .bss                                     0x2000004c   Section      164  timer.o(.bss)
    .bss                                     0x200000f0   Section      512  esp8266.o(.bss)
    HEAP                                     0x200002f0   Section      512  startup_stm32f10x_md.o(HEAP)
    STACK                                    0x200004f0   Section     2048  startup_stm32f10x_md.o(STACK)

    Global Symbols

    Symbol Name                              Value     Ov Type        Size  Object(Section)

    BuildAttributes$$THM_ISAv4$P$D$K$B$S$PE$A:L22UL41UL21$X:L11$S22US41US21$IEEE1$IW$USESV6$~STKCKD$USESV7$~SHL$OTIME$ROPI$IEEEX$EBA8$MICROLIB$REQ8$PRES8$EABIv2 0x00000000   Number         0  anon$$obj.o ABSOLUTE
    __ARM_use_no_argv                        0x00000000   Number         0  main.o ABSOLUTE
    _printf_a                                0x00000000   Number         0  stubs.o ABSOLUTE
    _printf_c                                0x00000000   Number         0  stubs.o ABSOLUTE
    _printf_charcount                        0x00000000   Number         0  stubs.o ABSOLUTE
    _printf_d                                0x00000000   Number         0  stubs.o ABSOLUTE
    _printf_e                                0x00000000   Number         0  stubs.o ABSOLUTE
    _printf_f                                0x00000000   Number         0  stubs.o ABSOLUTE
    _printf_flags                            0x00000000   Number         0  stubs.o ABSOLUTE
    _printf_fp_dec                           0x00000000   Number         0  stubs.o ABSOLUTE
    _printf_fp_hex                           0x00000000   Number         0  stubs.o ABSOLUTE
    _printf_g                                0x00000000   Number         0  stubs.o ABSOLUTE
    _printf_i                                0x00000000   Number         0  stubs.o ABSOLUTE
    _printf_int_dec                          0x00000000   Number         0  stubs.o ABSOLUTE
    _printf_l                                0x00000000   Number         0  stubs.o ABSOLUTE
    _printf_lc                               0x00000000   Number         0  stubs.o ABSOLUTE
    _printf_ll                               0x00000000   Number         0  stubs.o ABSOLUTE
    _printf_lld                              0x00000000   Number         0  stubs.o ABSOLUTE
    _printf_lli                              0x00000000   Number         0  stubs.o ABSOLUTE
    _printf_llo                              0x00000000   Number         0  stubs.o ABSOLUTE
    _printf_llu                              0x00000000   Number         0  stubs.o ABSOLUTE
    _printf_llx                              0x00000000   Number         0  stubs.o ABSOLUTE
    _printf_longlong_dec                     0x00000000   Number         0  stubs.o ABSOLUTE
    _printf_longlong_hex                     0x00000000   Number         0  stubs.o ABSOLUTE
    _printf_longlong_oct                     0x00000000   Number         0  stubs.o ABSOLUTE
    _printf_ls                               0x00000000   Number         0  stubs.o ABSOLUTE
    _printf_mbtowc                           0x00000000   Number         0  stubs.o ABSOLUTE
    _printf_n                                0x00000000   Number         0  stubs.o ABSOLUTE
    _printf_o                                0x00000000   Number         0  stubs.o ABSOLUTE
    _printf_p                                0x00000000   Number         0  stubs.o ABSOLUTE
    _printf_percent                          0x00000000   Number         0  stubs.o ABSOLUTE
    _printf_pre_padding                      0x00000000   Number         0  stubs.o ABSOLUTE
    _printf_return_value                     0x00000000   Number         0  stubs.o ABSOLUTE
    _printf_s                                0x00000000   Number         0  stubs.o ABSOLUTE
    _printf_sizespec                         0x00000000   Number         0  stubs.o ABSOLUTE
    _printf_str                              0x00000000   Number         0  stubs.o ABSOLUTE
    _printf_truncate_signed                  0x00000000   Number         0  stubs.o ABSOLUTE
    _printf_truncate_unsigned                0x00000000   Number         0  stubs.o ABSOLUTE
    _printf_u                                0x00000000   Number         0  stubs.o ABSOLUTE
    _printf_wc                               0x00000000   Number         0  stubs.o ABSOLUTE
    _printf_wctomb                           0x00000000   Number         0  stubs.o ABSOLUTE
    _printf_widthprec                        0x00000000   Number         0  stubs.o ABSOLUTE
    _printf_x                                0x00000000   Number         0  stubs.o ABSOLUTE
    __arm_fini_                               - Undefined Weak Reference
    __cpp_initialize__aeabi_                  - Undefined Weak Reference
    __cxa_finalize                            - Undefined Weak Reference
    __decompress                              - Undefined Weak Reference
    _clock_init                               - Undefined Weak Reference
    _microlib_exit                            - Undefined Weak Reference
    _scanf_longlong                           - Undefined Weak Reference
    _scanf_real                               - Undefined Weak Reference
    __Vectors_Size                           0x000000ec   Number         0  startup_stm32f10x_md.o ABSOLUTE
    __Vectors                                0x08000000   Data           4  startup_stm32f10x_md.o(RESET)
    __Vectors_End                            0x080000ec   Data           0  startup_stm32f10x_md.o(RESET)
    __main                                   0x080000ed   Thumb Code     0  entry.o(.ARM.Collect$$$$00000000)
    _main_stk                                0x080000ed   Thumb Code     0  entry2.o(.ARM.Collect$$$$00000001)
    _main_scatterload                        0x080000f1   Thumb Code     0  entry5.o(.ARM.Collect$$$$00000004)
    __main_after_scatterload                 0x080000f5   Thumb Code     0  entry5.o(.ARM.Collect$$$$00000004)
    _main_clock                              0x080000f5   Thumb Code     0  entry7b.o(.ARM.Collect$$$$00000008)
    _main_cpp_init                           0x080000f5   Thumb Code     0  entry8b.o(.ARM.Collect$$$$0000000A)
    _main_init                               0x080000f5   Thumb Code     0  entry9a.o(.ARM.Collect$$$$0000000B)
    __rt_lib_shutdown_fini                   0x080000fd   Thumb Code     0  entry12b.o(.ARM.Collect$$$$0000000E)
    __rt_final_cpp                           0x08000101   Thumb Code     0  entry10a.o(.ARM.Collect$$$$0000000F)
    __rt_final_exit                          0x08000101   Thumb Code     0  entry11a.o(.ARM.Collect$$$$00000011)
    Reset_Handler                            0x08000105   Thumb Code     8  startup_stm32f10x_md.o(.text)
    PendSV_Handler                           0x0800011b   Thumb Code     2  startup_stm32f10x_md.o(.text)
    ADC1_2_IRQHandler                        0x0800011f   Thumb Code     0  startup_stm32f10x_md.o(.text)
    CAN1_RX1_IRQHandler                      0x0800011f   Thumb Code     0  startup_stm32f10x_md.o(.text)
    CAN1_SCE_IRQHandler                      0x0800011f   Thumb Code     0  startup_stm32f10x_md.o(.text)
    DMA1_Channel1_IRQHandler                 0x0800011f   Thumb Code     0  startup_stm32f10x_md.o(.text)
    DMA1_Channel2_IRQHandler                 0x0800011f   Thumb Code     0  startup_stm32f10x_md.o(.text)
    DMA1_Channel3_IRQHandler                 0x0800011f   Thumb Code     0  startup_stm32f10x_md.o(.text)
    DMA1_Channel4_IRQHandler                 0x0800011f   Thumb Code     0  startup_stm32f10x_md.o(.text)
    DMA1_Channel5_IRQHandler                 0x0800011f   Thumb Code     0  startup_stm32f10x_md.o(.text)
    DMA1_Channel6_IRQHandler                 0x0800011f   Thumb Code     0  startup_stm32f10x_md.o(.text)
    DMA1_Channel7_IRQHandler                 0x0800011f   Thumb Code     0  startup_stm32f10x_md.o(.text)
    EXTI15_10_IRQHandler                     0x0800011f   Thumb Code     0  startup_stm32f10x_md.o(.text)
    EXTI1_IRQHandler                         0x0800011f   Thumb Code     0  startup_stm32f10x_md.o(.text)
    EXTI2_IRQHandler                         0x0800011f   Thumb Code     0  startup_stm32f10x_md.o(.text)
    EXTI3_IRQHandler                         0x0800011f   Thumb Code     0  startup_stm32f10x_md.o(.text)
    EXTI4_IRQHandler                         0x0800011f   Thumb Code     0  startup_stm32f10x_md.o(.text)
    EXTI9_5_IRQHandler                       0x0800011f   Thumb Code     0  startup_stm32f10x_md.o(.text)
    FLASH_IRQHandler                         0x0800011f   Thumb Code     0  startup_stm32f10x_md.o(.text)
    I2C1_ER_IRQHandler                       0x0800011f   Thumb Code     0  startup_stm32f10x_md.o(.text)
    I2C1_EV_IRQHandler                       0x0800011f   Thumb Code     0  startup_stm32f10x_md.o(.text)
    I2C2_ER_IRQHandler                       0x0800011f   Thumb Code     0  startup_stm32f10x_md.o(.text)
    I2C2_EV_IRQHandler                       0x0800011f   Thumb Code     0  startup_stm32f10x_md.o(.text)
    PVD_IRQHandler                           0x0800011f   Thumb Code     0  startup_stm32f10x_md.o(.text)
    RCC_IRQHandler                           0x0800011f   Thumb Code     0  startup_stm32f10x_md.o(.text)
    RTCAlarm_IRQHandler                      0x0800011f   Thumb Code     0  startup_stm32f10x_md.o(.text)
    SPI1_IRQHandler                          0x0800011f   Thumb Code     0  startup_stm32f10x_md.o(.text)
    SPI2_IRQHandler                          0x0800011f   Thumb Code     0  startup_stm32f10x_md.o(.text)
    TAMPER_IRQHandler                        0x0800011f   Thumb Code     0  startup_stm32f10x_md.o(.text)
    TIM1_BRK_IRQHandler                      0x0800011f   Thumb Code     0  startup_stm32f10x_md.o(.text)
    TIM1_CC_IRQHandler                       0x0800011f   Thumb Code     0  startup_stm32f10x_md.o(.text)
    TIM1_TRG_COM_IRQHandler                  0x0800011f   Thumb Code     0  startup_stm32f10x_md.o(.text)
    TIM1_UP_IRQHandler                       0x0800011f   Thumb Code     0  startup_stm32f10x_md.o(.text)
    TIM4_IRQHandler                          0x0800011f   Thumb Code     0  startup_stm32f10x_md.o(.text)
    USART3_IRQHandler                        0x0800011f   Thumb Code     0  startup_stm32f10x_md.o(.text)
    USBWakeUp_IRQHandler                     0x0800011f   Thumb Code     0  startup_stm32f10x_md.o(.text)
    USB_HP_CAN1_TX_IRQHandler                0x0800011f   Thumb Code     0  startup_stm32f10x_md.o(.text)
    USB_LP_CAN1_RX0_IRQHandler               0x0800011f   Thumb Code     0  startup_stm32f10x_md.o(.text)
    WWDG_IRQHandler                          0x0800011f   Thumb Code     0  startup_stm32f10x_md.o(.text)
    tolower                                  0x08000129   Thumb Code    12  tolower.o(.text)
    __aeabi_memcpy                           0x08000135   Thumb Code    36  memcpya.o(.text)
    __aeabi_memcpy4                          0x08000135   Thumb Code     0  memcpya.o(.text)
    __aeabi_memcpy8                          0x08000135   Thumb Code     0  memcpya.o(.text)
    __aeabi_memset                           0x08000159   Thumb Code    14  memseta.o(.text)
    __aeabi_memset4                          0x08000159   Thumb Code     0  memseta.o(.text)
    __aeabi_memset8                          0x08000159   Thumb Code     0  memseta.o(.text)
    __aeabi_memclr                           0x08000167   Thumb Code     4  memseta.o(.text)
    __aeabi_memclr4                          0x08000167   Thumb Code     0  memseta.o(.text)
    __aeabi_memclr8                          0x08000167   Thumb Code     0  memseta.o(.text)
    _memset$wrapper                          0x0800016b   Thumb Code    18  memseta.o(.text)
    strcat                                   0x0800017d   Thumb Code    24  strcat.o(.text)
    strstr                                   0x08000195   Thumb Code    36  strstr.o(.text)
    strchr                                   0x080001b9   Thumb Code    20  strchr.o(.text)
    strlen                                   0x080001cd   Thumb Code    14  strlen.o(.text)
    strncat                                  0x080001db   Thumb Code    40  strncat.o(.text)
    strcpy                                   0x08000203   Thumb Code    18  strcpy.o(.text)
    strncmp                                  0x08000215   Thumb Code    30  strncmp.o(.text)
    atoi                                     0x08000233   Thumb Code    26  atoi.o(.text)
    __aeabi_fdiv                             0x0800024d   Thumb Code   124  fdiv.o(.text)
    __aeabi_dadd                             0x080002c9   Thumb Code   322  dadd.o(.text)
    __aeabi_dsub                             0x0800040b   Thumb Code     6  dadd.o(.text)
    __aeabi_drsub                            0x08000411   Thumb Code     6  dadd.o(.text)
    __aeabi_dmul                             0x08000417   Thumb Code   228  dmul.o(.text)
    __aeabi_ui2f                             0x080004fb   Thumb Code    10  ffltui.o(.text)
    __aeabi_i2d                              0x08000505   Thumb Code    34  dflti.o(.text)
    __aeabi_d2iz                             0x08000527   Thumb Code    62  dfixi.o(.text)
    __aeabi_f2d                              0x08000565   Thumb Code    38  f2d.o(.text)
    __aeabi_cdrcmple                         0x0800058d   Thumb Code    48  cdrcmple.o(.text)
    __aeabi_d2f                              0x080005bd   Thumb Code    56  d2f.o(.text)
    __aeabi_uidiv                            0x080005f5   Thumb Code     0  uidiv.o(.text)
    __aeabi_uidivmod                         0x080005f5   Thumb Code    44  uidiv.o(.text)
    __aeabi_uldivmod                         0x08000621   Thumb Code    98  uldiv.o(.text)
    __aeabi_llsl                             0x08000683   Thumb Code    30  llshl.o(.text)
    _ll_shift_l                              0x08000683   Thumb Code     0  llshl.o(.text)
    __aeabi_llsr                             0x080006a1   Thumb Code    32  llushr.o(.text)
    _ll_ushift_r                             0x080006a1   Thumb Code     0  llushr.o(.text)
    __aeabi_lasr                             0x080006c1   Thumb Code    36  llsshr.o(.text)
    _ll_sshift_r                             0x080006c1   Thumb Code     0  llsshr.o(.text)
    _chval                                   0x080006e5   Thumb Code    28  _chval.o(.text)
    strtol                                   0x08000701   Thumb Code   112  strtol.o(.text)
    __I$use$fp                               0x08000771   Thumb Code     0  iusefp.o(.text)
    _float_round                             0x08000771   Thumb Code    18  fepilogue.o(.text)
    _float_epilogue                          0x08000783   Thumb Code    92  fepilogue.o(.text)
    _double_round                            0x080007df   Thumb Code    30  depilogue.o(.text)
    _double_epilogue                         0x080007fd   Thumb Code   156  depilogue.o(.text)
    __aeabi_ddiv                             0x08000899   Thumb Code   222  ddiv.o(.text)
    __ARM_scalbn                             0x08000977   Thumb Code    46  dscalb.o(.text)
    scalbn                                   0x08000977   Thumb Code     0  dscalb.o(.text)
    __aeabi_d2ulz                            0x080009a5   Thumb Code    48  dfixul.o(.text)
    __scatterload                            0x080009d5   Thumb Code    28  init.o(.text)
    __scatterload_rt2                        0x080009d5   Thumb Code     0  init.o(.text)
    __rt_ctype_table                         0x080009f9   Thumb Code     4  ctype_o.o(.text)
    _strtoul                                 0x08000a01   Thumb Code   158  _strtoul.o(.text)
    _dsqrt                                   0x08000a9f   Thumb Code   162  dsqrt.o(.text)
    ADC_Cmd                                  0x08000b41   Thumb Code    22  stm32f10x_adc.o(i.ADC_Cmd)
    ADC_GetCalibrationStatus                 0x08000b57   Thumb Code    20  stm32f10x_adc.o(i.ADC_GetCalibrationStatus)
    ADC_GetConversionValue                   0x08000b6b   Thumb Code     8  stm32f10x_adc.o(i.ADC_GetConversionValue)
    ADC_GetFlagStatus                        0x08000b73   Thumb Code    18  stm32f10x_adc.o(i.ADC_GetFlagStatus)
    ADC_GetResetCalibrationStatus            0x08000b85   Thumb Code    20  stm32f10x_adc.o(i.ADC_GetResetCalibrationStatus)
    ADC_Init                                 0x08000b99   Thumb Code    70  stm32f10x_adc.o(i.ADC_Init)
    ADC_RegularChannelConfig                 0x08000be9   Thumb Code   184  stm32f10x_adc.o(i.ADC_RegularChannelConfig)
    ADC_ResetCalibration                     0x08000ca1   Thumb Code    10  stm32f10x_adc.o(i.ADC_ResetCalibration)
    ADC_SoftwareStartConvCmd                 0x08000cab   Thumb Code    22  stm32f10x_adc.o(i.ADC_SoftwareStartConvCmd)
    ADC_StartCalibration                     0x08000cc1   Thumb Code    10  stm32f10x_adc.o(i.ADC_StartCalibration)
    AD_GetValue                              0x08000ccd   Thumb Code    32  ad.o(i.AD_GetValue)
    AD_Init                                  0x08000cf1   Thumb Code   150  ad.o(i.AD_Init)
    BASE64_Decode                            0x08000d91   Thumb Code   360  base64.o(i.BASE64_Decode)
    BASE64_Encode                            0x08000efd   Thumb Code   320  base64.o(i.BASE64_Encode)
    BusFault_Handler                         0x08001041   Thumb Code    12  stm32f10x_it.o(i.BusFault_Handler)
    DebugMon_Handler                         0x0800108d   Thumb Code     2  stm32f10x_it.o(i.DebugMon_Handler)
    DelayMs                                  0x0800108f   Thumb Code    60  delay.o(i.DelayMs)
    DelayXms                                 0x080010cd   Thumb Code    66  delay.o(i.DelayXms)
    Delay_Init                               0x08001115   Thumb Code    48  delay.o(i.Delay_Init)
    ESP8266_Clear                            0x0800114d   Thumb Code    20  esp8266.o(i.ESP8266_Clear)
    ESP8266_GetIPD                           0x08001169   Thumb Code    68  esp8266.o(i.ESP8266_GetIPD)
    ESP8266_Init                             0x080011b9   Thumb Code   136  esp8266.o(i.ESP8266_Init)
    ESP8266_SendCmd                          0x080012e1   Thumb Code    76  esp8266.o(i.ESP8266_SendCmd)
    ESP8266_SendData                         0x08001335   Thumb Code    46  esp8266.o(i.ESP8266_SendData)
    ESP8266_WaitRecive                       0x0800137d   Thumb Code    42  esp8266.o(i.ESP8266_WaitRecive)
    EXTI0_IRQHandler                         0x080013b1   Thumb Code     2  stm32f10x_it.o(i.EXTI0_IRQHandler)
    GPIO_Init                                0x080013b3   Thumb Code   278  stm32f10x_gpio.o(i.GPIO_Init)
    GPIO_PinRemapConfig                      0x080014c9   Thumb Code   138  stm32f10x_gpio.o(i.GPIO_PinRemapConfig)
    GPIO_ReadInputDataBit                    0x08001559   Thumb Code    18  stm32f10x_gpio.o(i.GPIO_ReadInputDataBit)
    GPIO_ResetBits                           0x0800156b   Thumb Code     4  stm32f10x_gpio.o(i.GPIO_ResetBits)
    GPIO_SetBits                             0x0800156f   Thumb Code     4  stm32f10x_gpio.o(i.GPIO_SetBits)
    GPIO_WriteBit                            0x08001573   Thumb Code    10  stm32f10x_gpio.o(i.GPIO_WriteBit)
    Get_Key1_Value                           0x0800157d   Thumb Code    58  key.o(i.Get_Key1_Value)
    Get_Key2_Value                           0x080015bd   Thumb Code    58  key.o(i.Get_Key2_Value)
    Get_SU03T_val                            0x080015fd   Thumb Code    62  key.o(i.Get_SU03T_val)
    Get_infrared_val                         0x08001641   Thumb Code    62  key.o(i.Get_infrared_val)
    HardFault_Handler                        0x08001685   Thumb Code    12  stm32f10x_it.o(i.HardFault_Handler)
    Hardware_Init                            0x080016d1   Thumb Code    80  main.o(i.Hardware_Init)
    LED_Init                                 0x08001739   Thumb Code    50  led.o(i.LED_Init)
    MQTT_DeleteBuffer                        0x08001771   Thumb Code    28  mqttkit.o(i.MQTT_DeleteBuffer)
    MQTT_DumpLength                          0x0800178d   Thumb Code    46  mqttkit.o(i.MQTT_DumpLength)
    MQTT_NewBuffer                           0x080017bb   Thumb Code    88  mqttkit.o(i.MQTT_NewBuffer)
    MQTT_PacketConnect                       0x08001815   Thumb Code   666  mqttkit.o(i.MQTT_PacketConnect)
    MQTT_PacketPublish                       0x08001ab5   Thumb Code   440  mqttkit.o(i.MQTT_PacketPublish)
    MQTT_PacketSaveData                      0x08001c6d   Thumb Code    68  mqttkit.o(i.MQTT_PacketSaveData)
    MQTT_PacketSubscribe                     0x08001cd1   Thumb Code   254  mqttkit.o(i.MQTT_PacketSubscribe)
    MQTT_ReadLength                          0x08001dcf   Thumb Code    70  mqttkit.o(i.MQTT_ReadLength)
    MQTT_UnPacketConnectAck                  0x08001e15   Thumb Code    30  mqttkit.o(i.MQTT_UnPacketConnectAck)
    MQTT_UnPacketPublish                     0x08001e35   Thumb Code   438  mqttkit.o(i.MQTT_UnPacketPublish)
    MQTT_UnPacketPublishAck                  0x08001ff5   Thumb Code    30  mqttkit.o(i.MQTT_UnPacketPublishAck)
    MQTT_UnPacketRecv                        0x08002015   Thumb Code   106  mqttkit.o(i.MQTT_UnPacketRecv)
    MQTT_UnPacketSubscribe                   0x08002089   Thumb Code    52  mqttkit.o(i.MQTT_UnPacketSubscribe)
    MemManage_Handler                        0x080020bd   Thumb Code    12  stm32f10x_it.o(i.MemManage_Handler)
    NMI_Handler                              0x08002109   Thumb Code     2  stm32f10x_it.o(i.NMI_Handler)
    NVIC_Init                                0x0800210d   Thumb Code   100  misc.o(i.NVIC_Init)
    NVIC_PriorityGroupConfig                 0x0800217d   Thumb Code    10  misc.o(i.NVIC_PriorityGroupConfig)
    OLED_Clear                               0x08002191   Thumb Code    42  oled.o(i.OLED_Clear)
    OLED_I2C_Init                            0x080021bd   Thumb Code    76  oled.o(i.OLED_I2C_Init)
    OLED_I2C_SendByte                        0x0800220d   Thumb Code    80  oled.o(i.OLED_I2C_SendByte)
    OLED_I2C_Start                           0x08002261   Thumb Code    48  oled.o(i.OLED_I2C_Start)
    OLED_I2C_Stop                            0x08002295   Thumb Code    36  oled.o(i.OLED_I2C_Stop)
    OLED_Init                                0x080022bd   Thumb Code   174  oled.o(i.OLED_Init)
    OLED_SetCursor                           0x0800236b   Thumb Code    34  oled.o(i.OLED_SetCursor)
    OLED_ShowChar                            0x0800238d   Thumb Code   110  oled.o(i.OLED_ShowChar)
    OLED_ShowString                          0x08002401   Thumb Code    40  oled.o(i.OLED_ShowString)
    OLED_WriteCommand                        0x08002429   Thumb Code    32  oled.o(i.OLED_WriteCommand)
    OLED_WriteData                           0x08002449   Thumb Code    32  oled.o(i.OLED_WriteData)
    OneNET_Subscribe                         0x0800271d   Thumb Code    82  onenet.o(i.OneNET_Subscribe)
    OneNet_DevLink                           0x080027bd   Thumb Code   242  onenet.o(i.OneNet_DevLink)
    OneNet_FillBuf                           0x08002a39   Thumb Code   136  onenet.o(i.OneNet_FillBuf)
    OneNet_RevPro                            0x08002b35   Thumb Code   428  onenet.o(i.OneNet_RevPro)
    OneNet_SendData                          0x08002de5   Thumb Code   130  onenet.o(i.OneNet_SendData)
    RCC_ADCCLKConfig                         0x08002ecd   Thumb Code    18  stm32f10x_rcc.o(i.RCC_ADCCLKConfig)
    RCC_APB1PeriphClockCmd                   0x08002ee5   Thumb Code    26  stm32f10x_rcc.o(i.RCC_APB1PeriphClockCmd)
    RCC_APB2PeriphClockCmd                   0x08002f05   Thumb Code    26  stm32f10x_rcc.o(i.RCC_APB2PeriphClockCmd)
    RCC_GetClocksFreq                        0x08002f25   Thumb Code   192  stm32f10x_rcc.o(i.RCC_GetClocksFreq)
    RTC_IRQHandler                           0x08002ff9   Thumb Code     2  stm32f10x_it.o(i.RTC_IRQHandler)
    SVC_Handler                              0x08002ffb   Thumb Code     2  stm32f10x_it.o(i.SVC_Handler)
    SysTick_Handler                          0x080030e5   Thumb Code     2  stm32f10x_it.o(i.SysTick_Handler)
    SystemInit                               0x080030e9   Thumb Code    78  system_stm32f10x.o(i.SystemInit)
    TIM2_IRQHandler                          0x08003149   Thumb Code   128  timer.o(i.TIM2_IRQHandler)
    TIM3_IRQHandler                          0x08003215   Thumb Code   174  timer.o(i.TIM3_IRQHandler)
    TIM_ClearFlag                            0x080032e5   Thumb Code     6  stm32f10x_tim.o(i.TIM_ClearFlag)
    TIM_ClearITPendingBit                    0x080032eb   Thumb Code     6  stm32f10x_tim.o(i.TIM_ClearITPendingBit)
    TIM_Cmd                                  0x080032f1   Thumb Code    24  stm32f10x_tim.o(i.TIM_Cmd)
    TIM_GetITStatus                          0x08003309   Thumb Code    34  stm32f10x_tim.o(i.TIM_GetITStatus)
    TIM_ITConfig                             0x0800332b   Thumb Code    18  stm32f10x_tim.o(i.TIM_ITConfig)
    TIM_InternalClockConfig                  0x0800333d   Thumb Code    12  stm32f10x_tim.o(i.TIM_InternalClockConfig)
    TIM_TimeBaseInit                         0x08003349   Thumb Code   122  stm32f10x_tim.o(i.TIM_TimeBaseInit)
    Timer2_Init                              0x080033ed   Thumb Code   112  timer.o(i.Timer2_Init)
    Timer3_Init                              0x0800345d   Thumb Code   106  timer.o(i.Timer3_Init)
    USART1_IRQHandler                        0x080034cd   Thumb Code    24  usart.o(i.USART1_IRQHandler)
    USART2_IRQHandler                        0x080034e9   Thumb Code    64  esp8266.o(i.USART2_IRQHandler)
    USART_ClearFlag                          0x08003535   Thumb Code    18  stm32f10x_usart.o(i.USART_ClearFlag)
    USART_Cmd                                0x08003547   Thumb Code    24  stm32f10x_usart.o(i.USART_Cmd)
    USART_GetFlagStatus                      0x0800355f   Thumb Code    26  stm32f10x_usart.o(i.USART_GetFlagStatus)
    USART_GetITStatus                        0x08003579   Thumb Code    84  stm32f10x_usart.o(i.USART_GetITStatus)
    USART_ITConfig                           0x080035cd   Thumb Code    74  stm32f10x_usart.o(i.USART_ITConfig)
    USART_Init                               0x08003619   Thumb Code   210  stm32f10x_usart.o(i.USART_Init)
    USART_SendData                           0x080036f1   Thumb Code     8  stm32f10x_usart.o(i.USART_SendData)
    UsageFault_Handler                       0x080036f9   Thumb Code    12  stm32f10x_it.o(i.UsageFault_Handler)
    Usart1_Init                              0x08003749   Thumb Code   166  usart.o(i.Usart1_Init)
    Usart2_Init                              0x080037f9   Thumb Code   162  usart.o(i.Usart2_Init)
    UsartPrintf                              0x080038a5   Thumb Code    72  usart.o(i.UsartPrintf)
    Usart_SendString                         0x080038ed   Thumb Code    50  usart.o(i.Usart_SendString)
    __0snprintf                              0x08003921   Thumb Code    48  printfa.o(i.__0snprintf)
    __1snprintf                              0x08003921   Thumb Code     0  printfa.o(i.__0snprintf)
    __2snprintf                              0x08003921   Thumb Code     0  printfa.o(i.__0snprintf)
    __c89snprintf                            0x08003921   Thumb Code     0  printfa.o(i.__0snprintf)
    snprintf                                 0x08003921   Thumb Code     0  printfa.o(i.__0snprintf)
    __0sprintf                               0x08003955   Thumb Code    34  printfa.o(i.__0sprintf)
    __1sprintf                               0x08003955   Thumb Code     0  printfa.o(i.__0sprintf)
    __2sprintf                               0x08003955   Thumb Code     0  printfa.o(i.__0sprintf)
    __c89sprintf                             0x08003955   Thumb Code     0  printfa.o(i.__0sprintf)
    sprintf                                  0x08003955   Thumb Code     0  printfa.o(i.__0sprintf)
    __0vsnprintf                             0x0800397d   Thumb Code    46  printfa.o(i.__0vsnprintf)
    __1vsnprintf                             0x0800397d   Thumb Code     0  printfa.o(i.__0vsnprintf)
    __2vsnprintf                             0x0800397d   Thumb Code     0  printfa.o(i.__0vsnprintf)
    __c89vsnprintf                           0x0800397d   Thumb Code     0  printfa.o(i.__0vsnprintf)
    vsnprintf                                0x0800397d   Thumb Code     0  printfa.o(i.__0vsnprintf)
    __ARM_fpclassify                         0x080039b1   Thumb Code    40  fpclassify.o(i.__ARM_fpclassify)
    __aeabi_errno_addr                       0x080039d9   Thumb Code     4  errno.o(i.__aeabi_errno_addr)
    __rt_errno_addr                          0x080039d9   Thumb Code     0  errno.o(i.__aeabi_errno_addr)
    __kernel_poly                            0x080039e1   Thumb Code   170  poly.o(i.__kernel_poly)
    __mathlib_dbl_divzero                    0x08003a8d   Thumb Code    12  dunder.o(i.__mathlib_dbl_divzero)
    __mathlib_dbl_infnan2                    0x08003a9d   Thumb Code     4  dunder.o(i.__mathlib_dbl_infnan2)
    __mathlib_dbl_invalid                    0x08003aa1   Thumb Code    12  dunder.o(i.__mathlib_dbl_invalid)
    __mathlib_dbl_overflow                   0x08003aad   Thumb Code    14  dunder.o(i.__mathlib_dbl_overflow)
    __mathlib_dbl_underflow                  0x08003abd   Thumb Code    10  dunder.o(i.__mathlib_dbl_underflow)
    __scatterload_copy                       0x08003acd   Thumb Code    14  handlers.o(i.__scatterload_copy)
    __scatterload_null                       0x08003adb   Thumb Code     2  handlers.o(i.__scatterload_null)
    __scatterload_zeroinit                   0x08003add   Thumb Code    14  handlers.o(i.__scatterload_zeroinit)
    __set_errno                              0x08003aed   Thumb Code     6  errno.o(i.__set_errno)
    cJSON_Delete                             0x080043a5   Thumb Code    82  cjson.o(i.cJSON_Delete)
    cJSON_GetObjectItem                      0x080043fd   Thumb Code    30  cjson.o(i.cJSON_GetObjectItem)
    cJSON_Parse                              0x0800443d   Thumb Code    16  cjson.o(i.cJSON_Parse)
    cJSON_ParseWithOpts                      0x0800444d   Thumb Code    96  cjson.o(i.cJSON_ParseWithOpts)
    free                                     0x080044fd   Thumb Code    76  malloc.o(i.free)
    ft                                       0x0800454d   Thumb Code    76  hmac_sha1.o(i.ft)
    hmac_sha1                                0x08004599   Thumb Code   302  hmac_sha1.o(i.hmac_sha1)
    k                                        0x080046c9   Thumb Code    34  hmac_sha1.o(i.k)
    key_Init                                 0x080046fd   Thumb Code    66  key.o(i.key_Init)
    main                                     0x08004749   Thumb Code   294  main.o(i.main)
    malloc                                   0x08004929   Thumb Code    92  malloc.o(i.malloc)
    pow                                      0x080050ad   Thumb Code  2512  pow.o(i.pow)
    rotl                                     0x08005a85   Thumb Code    46  hmac_sha1.o(i.rotl)
    sha1                                     0x08005ab5   Thumb Code   632  hmac_sha1.o(i.sha1)
    sqrt                                     0x08005d4b   Thumb Code    76  sqrt.o(i.sqrt)
    OLED_F8x16                               0x08005d96   Data        1520  oled.o(.constdata)
    __mathlib_zero                           0x080064d8   Data           8  qnan.o(.constdata)
    __ctype_table                            0x080064e0   Data         129  ctype_o.o(.constdata)
    Region$$Table$$Base                      0x080065b0   Number         0  anon$$obj.o(Region$$Table)
    Region$$Table$$Limit                     0x080065d0   Number         0  anon$$obj.o(Region$$Table)
    UsCount                                  0x20000014   Data           1  delay.o(.data)
    MsCount                                  0x20000016   Data           2  delay.o(.data)
    LED_Status                               0x20000018   Data           1  timer.o(.data)
    Light_ADValue                            0x2000001c   Data           2  main.o(.data)
    Voltage                                  0x20000020   Data           4  main.o(.data)
    Key_control_LED                          0x20000024   Data           1  main.o(.data)
    Key_control_MODE                         0x20000025   Data           1  main.o(.data)
    infrared_status                          0x20000026   Data           1  main.o(.data)
    su03t_status                             0x20000027   Data           1  main.o(.data)
    flag                                     0x20000028   Data           1  main.o(.data)
    auto_manual_mode                         0x2000002a   Data           1  onenet.o(.data)
    key_val                                  0x2000002b   Data           1  onenet.o(.data)
    esp8266_cnt                              0x2000003c   Data           2  esp8266.o(.data)
    esp8266_cntPre                           0x2000003e   Data           2  esp8266.o(.data)
    __microlib_freelist                      0x20000040   Data           4  mvars.o(.data)
    __microlib_freelist_initialised          0x20000044   Data           4  mvars.o(.data)
    OledBuf                                  0x2000004c   Data          64  timer.o(.bss)
    String                                   0x2000008c   Data         100  timer.o(.bss)
    esp8266_buf                              0x200000f0   Data         512  esp8266.o(.bss)
    __heap_base                              0x200002f0   Data           0  startup_stm32f10x_md.o(HEAP)
    __heap_limit                             0x200004f0   Data           0  startup_stm32f10x_md.o(HEAP)
    __initial_sp                             0x20000cf0   Data           0  startup_stm32f10x_md.o(STACK)



==============================================================================

Memory Map of the image

  Image Entry point : 0x080000ed

  Load Region LR_IROM1 (Base: 0x08000000, Size: 0x0000661c, Max: 0x00010000, ABSOLUTE)

    Execution Region ER_IROM1 (Exec base: 0x08000000, Load base: 0x08000000, Size: 0x000065d0, Max: 0x00010000, ABSOLUTE)

    Exec Addr    Load Addr    Size         Type   Attr      Idx    E Section Name        Object

    0x08000000   0x08000000   0x000000ec   Data   RO          209    RESET               startup_stm32f10x_md.o
    0x080000ec   0x080000ec   0x00000000   Code   RO         2718  * .ARM.Collect$$$$00000000  mc_w.l(entry.o)
    0x080000ec   0x080000ec   0x00000004   Code   RO         3087    .ARM.Collect$$$$00000001  mc_w.l(entry2.o)
    0x080000f0   0x080000f0   0x00000004   Code   RO         3090    .ARM.Collect$$$$00000004  mc_w.l(entry5.o)
    0x080000f4   0x080000f4   0x00000000   Code   RO         3092    .ARM.Collect$$$$00000008  mc_w.l(entry7b.o)
    0x080000f4   0x080000f4   0x00000000   Code   RO         3094    .ARM.Collect$$$$0000000A  mc_w.l(entry8b.o)
    0x080000f4   0x080000f4   0x00000008   Code   RO         3095    .ARM.Collect$$$$0000000B  mc_w.l(entry9a.o)
    0x080000fc   0x080000fc   0x00000004   Code   RO         3102    .ARM.Collect$$$$0000000E  mc_w.l(entry12b.o)
    0x08000100   0x08000100   0x00000000   Code   RO         3097    .ARM.Collect$$$$0000000F  mc_w.l(entry10a.o)
    0x08000100   0x08000100   0x00000000   Code   RO         3099    .ARM.Collect$$$$00000011  mc_w.l(entry11a.o)
    0x08000100   0x08000100   0x00000004   Code   RO         3088    .ARM.Collect$$$$00002712  mc_w.l(entry2.o)
    0x08000104   0x08000104   0x00000024   Code   RO          210    .text               startup_stm32f10x_md.o
    0x08000128   0x08000128   0x0000000c   Code   RO         2721    .text               mc_w.l(tolower.o)
    0x08000134   0x08000134   0x00000024   Code   RO         2723    .text               mc_w.l(memcpya.o)
    0x08000158   0x08000158   0x00000024   Code   RO         2725    .text               mc_w.l(memseta.o)
    0x0800017c   0x0800017c   0x00000018   Code   RO         2727    .text               mc_w.l(strcat.o)
    0x08000194   0x08000194   0x00000024   Code   RO         2729    .text               mc_w.l(strstr.o)
    0x080001b8   0x080001b8   0x00000014   Code   RO         2731    .text               mc_w.l(strchr.o)
    0x080001cc   0x080001cc   0x0000000e   Code   RO         2733    .text               mc_w.l(strlen.o)
    0x080001da   0x080001da   0x00000028   Code   RO         2735    .text               mc_w.l(strncat.o)
    0x08000202   0x08000202   0x00000012   Code   RO         2737    .text               mc_w.l(strcpy.o)
    0x08000214   0x08000214   0x0000001e   Code   RO         2739    .text               mc_w.l(strncmp.o)
    0x08000232   0x08000232   0x0000001a   Code   RO         3038    .text               mc_w.l(atoi.o)
    0x0800024c   0x0800024c   0x0000007c   Code   RO         3040    .text               mf_w.l(fdiv.o)
    0x080002c8   0x080002c8   0x0000014e   Code   RO         3042    .text               mf_w.l(dadd.o)
    0x08000416   0x08000416   0x000000e4   Code   RO         3044    .text               mf_w.l(dmul.o)
    0x080004fa   0x080004fa   0x0000000a   Code   RO         3046    .text               mf_w.l(ffltui.o)
    0x08000504   0x08000504   0x00000022   Code   RO         3048    .text               mf_w.l(dflti.o)
    0x08000526   0x08000526   0x0000003e   Code   RO         3050    .text               mf_w.l(dfixi.o)
    0x08000564   0x08000564   0x00000026   Code   RO         3052    .text               mf_w.l(f2d.o)
    0x0800058a   0x0800058a   0x00000002   PAD
    0x0800058c   0x0800058c   0x00000030   Code   RO         3056    .text               mf_w.l(cdrcmple.o)
    0x080005bc   0x080005bc   0x00000038   Code   RO         3058    .text               mf_w.l(d2f.o)
    0x080005f4   0x080005f4   0x0000002c   Code   RO         3106    .text               mc_w.l(uidiv.o)
    0x08000620   0x08000620   0x00000062   Code   RO         3108    .text               mc_w.l(uldiv.o)
    0x08000682   0x08000682   0x0000001e   Code   RO         3110    .text               mc_w.l(llshl.o)
    0x080006a0   0x080006a0   0x00000020   Code   RO         3112    .text               mc_w.l(llushr.o)
    0x080006c0   0x080006c0   0x00000024   Code   RO         3114    .text               mc_w.l(llsshr.o)
    0x080006e4   0x080006e4   0x0000001c   Code   RO         3125    .text               mc_w.l(_chval.o)
    0x08000700   0x08000700   0x00000070   Code   RO         3131    .text               mc_w.l(strtol.o)
    0x08000770   0x08000770   0x00000000   Code   RO         3133    .text               mc_w.l(iusefp.o)
    0x08000770   0x08000770   0x0000006e   Code   RO         3134    .text               mf_w.l(fepilogue.o)
    0x080007de   0x080007de   0x000000ba   Code   RO         3136    .text               mf_w.l(depilogue.o)
    0x08000898   0x08000898   0x000000de   Code   RO         3138    .text               mf_w.l(ddiv.o)
    0x08000976   0x08000976   0x0000002e   Code   RO         3140    .text               mf_w.l(dscalb.o)
    0x080009a4   0x080009a4   0x00000030   Code   RO         3142    .text               mf_w.l(dfixul.o)
    0x080009d4   0x080009d4   0x00000024   Code   RO         3144    .text               mc_w.l(init.o)
    0x080009f8   0x080009f8   0x00000008   Code   RO         3149    .text               mc_w.l(ctype_o.o)
    0x08000a00   0x08000a00   0x0000009e   Code   RO         3179    .text               mc_w.l(_strtoul.o)
    0x08000a9e   0x08000a9e   0x000000a2   Code   RO         3182    .text               mf_w.l(dsqrt.o)
    0x08000b40   0x08000b40   0x00000016   Code   RO          830    i.ADC_Cmd           stm32f10x_adc.o
    0x08000b56   0x08000b56   0x00000014   Code   RO          838    i.ADC_GetCalibrationStatus  stm32f10x_adc.o
    0x08000b6a   0x08000b6a   0x00000008   Code   RO          839    i.ADC_GetConversionValue  stm32f10x_adc.o
    0x08000b72   0x08000b72   0x00000012   Code   RO          841    i.ADC_GetFlagStatus  stm32f10x_adc.o
    0x08000b84   0x08000b84   0x00000014   Code   RO          844    i.ADC_GetResetCalibrationStatus  stm32f10x_adc.o
    0x08000b98   0x08000b98   0x00000050   Code   RO          848    i.ADC_Init          stm32f10x_adc.o
    0x08000be8   0x08000be8   0x000000b8   Code   RO          852    i.ADC_RegularChannelConfig  stm32f10x_adc.o
    0x08000ca0   0x08000ca0   0x0000000a   Code   RO          853    i.ADC_ResetCalibration  stm32f10x_adc.o
    0x08000caa   0x08000caa   0x00000016   Code   RO          855    i.ADC_SoftwareStartConvCmd  stm32f10x_adc.o
    0x08000cc0   0x08000cc0   0x0000000a   Code   RO          857    i.ADC_StartCalibration  stm32f10x_adc.o
    0x08000cca   0x08000cca   0x00000002   PAD
    0x08000ccc   0x08000ccc   0x00000024   Code   RO         1691    i.AD_GetValue       ad.o
    0x08000cf0   0x08000cf0   0x000000a0   Code   RO         1692    i.AD_Init           ad.o
    0x08000d90   0x08000d90   0x0000016c   Code   RO         2082    i.BASE64_Decode     base64.o
    0x08000efc   0x08000efc   0x00000144   Code   RO         2083    i.BASE64_Encode     base64.o
    0x08001040   0x08001040   0x0000004c   Code   RO           17    i.BusFault_Handler  stm32f10x_it.o
    0x0800108c   0x0800108c   0x00000002   Code   RO           18    i.DebugMon_Handler  stm32f10x_it.o
    0x0800108e   0x0800108e   0x0000003c   Code   RO         1594    i.DelayMs           delay.o
    0x080010ca   0x080010ca   0x00000002   PAD
    0x080010cc   0x080010cc   0x00000048   Code   RO         1596    i.DelayXms          delay.o
    0x08001114   0x08001114   0x00000038   Code   RO         1597    i.Delay_Init        delay.o
    0x0800114c   0x0800114c   0x0000001c   Code   RO         2652    i.ESP8266_Clear     esp8266.o
    0x08001168   0x08001168   0x00000050   Code   RO         2653    i.ESP8266_GetIPD    esp8266.o
    0x080011b8   0x080011b8   0x00000128   Code   RO         2654    i.ESP8266_Init      esp8266.o
    0x080012e0   0x080012e0   0x00000054   Code   RO         2655    i.ESP8266_SendCmd   esp8266.o
    0x08001334   0x08001334   0x00000048   Code   RO         2656    i.ESP8266_SendData  esp8266.o
    0x0800137c   0x0800137c   0x00000034   Code   RO         2657    i.ESP8266_WaitRecive  esp8266.o
    0x080013b0   0x080013b0   0x00000002   Code   RO           19    i.EXTI0_IRQHandler  stm32f10x_it.o
    0x080013b2   0x080013b2   0x00000116   Code   RO          282    i.GPIO_Init         stm32f10x_gpio.o
    0x080014c8   0x080014c8   0x00000090   Code   RO          284    i.GPIO_PinRemapConfig  stm32f10x_gpio.o
    0x08001558   0x08001558   0x00000012   Code   RO          286    i.GPIO_ReadInputDataBit  stm32f10x_gpio.o
    0x0800156a   0x0800156a   0x00000004   Code   RO          289    i.GPIO_ResetBits    stm32f10x_gpio.o
    0x0800156e   0x0800156e   0x00000004   Code   RO          290    i.GPIO_SetBits      stm32f10x_gpio.o
    0x08001572   0x08001572   0x0000000a   Code   RO          293    i.GPIO_WriteBit     stm32f10x_gpio.o
    0x0800157c   0x0800157c   0x00000040   Code   RO         1868    i.Get_Key1_Value    key.o
    0x080015bc   0x080015bc   0x00000040   Code   RO         1869    i.Get_Key2_Value    key.o
    0x080015fc   0x080015fc   0x00000044   Code   RO         1870    i.Get_SU03T_val     key.o
    0x08001640   0x08001640   0x00000044   Code   RO         1871    i.Get_infrared_val  key.o
    0x08001684   0x08001684   0x0000004c   Code   RO           20    i.HardFault_Handler  stm32f10x_it.o
    0x080016d0   0x080016d0   0x00000068   Code   RO         1907    i.Hardware_Init     main.o
    0x08001738   0x08001738   0x00000038   Code   RO         1676    i.LED_Init          led.o
    0x08001770   0x08001770   0x0000001c   Code   RO         2468    i.MQTT_DeleteBuffer  mqttkit.o
    0x0800178c   0x0800178c   0x0000002e   Code   RO         2469    i.MQTT_DumpLength   mqttkit.o
    0x080017ba   0x080017ba   0x00000058   Code   RO         2470    i.MQTT_NewBuffer    mqttkit.o
    0x08001812   0x08001812   0x00000002   PAD
    0x08001814   0x08001814   0x000002a0   Code   RO         2472    i.MQTT_PacketConnect  mqttkit.o
    0x08001ab4   0x08001ab4   0x000001b8   Code   RO         2475    i.MQTT_PacketPublish  mqttkit.o
    0x08001c6c   0x08001c6c   0x00000064   Code   RO         2481    i.MQTT_PacketSaveData  mqttkit.o
    0x08001cd0   0x08001cd0   0x000000fe   Code   RO         2482    i.MQTT_PacketSubscribe  mqttkit.o
    0x08001dce   0x08001dce   0x00000046   Code   RO         2484    i.MQTT_ReadLength   mqttkit.o
    0x08001e14   0x08001e14   0x0000001e   Code   RO         2486    i.MQTT_UnPacketConnectAck  mqttkit.o
    0x08001e32   0x08001e32   0x00000002   PAD
    0x08001e34   0x08001e34   0x000001c0   Code   RO         2487    i.MQTT_UnPacketPublish  mqttkit.o
    0x08001ff4   0x08001ff4   0x0000001e   Code   RO         2488    i.MQTT_UnPacketPublishAck  mqttkit.o
    0x08002012   0x08002012   0x00000002   PAD
    0x08002014   0x08002014   0x00000074   Code   RO         2492    i.MQTT_UnPacketRecv  mqttkit.o
    0x08002088   0x08002088   0x00000034   Code   RO         2493    i.MQTT_UnPacketSubscribe  mqttkit.o
    0x080020bc   0x080020bc   0x0000004c   Code   RO           21    i.MemManage_Handler  stm32f10x_it.o
    0x08002108   0x08002108   0x00000002   Code   RO           22    i.NMI_Handler       stm32f10x_it.o
    0x0800210a   0x0800210a   0x00000002   PAD
    0x0800210c   0x0800210c   0x00000070   Code   RO          214    i.NVIC_Init         misc.o
    0x0800217c   0x0800217c   0x00000014   Code   RO          215    i.NVIC_PriorityGroupConfig  misc.o
    0x08002190   0x08002190   0x0000002a   Code   RO         1712    i.OLED_Clear        oled.o
    0x080021ba   0x080021ba   0x00000002   PAD
    0x080021bc   0x080021bc   0x00000050   Code   RO         1713    i.OLED_I2C_Init     oled.o
    0x0800220c   0x0800220c   0x00000054   Code   RO         1714    i.OLED_I2C_SendByte  oled.o
    0x08002260   0x08002260   0x00000034   Code   RO         1715    i.OLED_I2C_Start    oled.o
    0x08002294   0x08002294   0x00000028   Code   RO         1716    i.OLED_I2C_Stop     oled.o
    0x080022bc   0x080022bc   0x000000ae   Code   RO         1717    i.OLED_Init         oled.o
    0x0800236a   0x0800236a   0x00000022   Code   RO         1719    i.OLED_SetCursor    oled.o
    0x0800238c   0x0800238c   0x00000074   Code   RO         1721    i.OLED_ShowChar     oled.o
    0x08002400   0x08002400   0x00000028   Code   RO         1725    i.OLED_ShowString   oled.o
    0x08002428   0x08002428   0x00000020   Code   RO         1726    i.OLED_WriteCommand  oled.o
    0x08002448   0x08002448   0x00000020   Code   RO         1727    i.OLED_WriteData    oled.o
    0x08002468   0x08002468   0x00000118   Code   RO         1938    i.OTA_UrlEncode     onenet.o
    0x08002580   0x08002580   0x0000019c   Code   RO         1939    i.OneNET_Authorization  onenet.o
    0x0800271c   0x0800271c   0x000000a0   Code   RO         1942    i.OneNET_Subscribe  onenet.o
    0x080027bc   0x080027bc   0x0000027c   Code   RO         1943    i.OneNet_DevLink    onenet.o
    0x08002a38   0x08002a38   0x000000fc   Code   RO         1944    i.OneNet_FillBuf    onenet.o
    0x08002b34   0x08002b34   0x000002b0   Code   RO         1945    i.OneNet_RevPro     onenet.o
    0x08002de4   0x08002de4   0x000000e8   Code   RO         1946    i.OneNet_SendData   onenet.o
    0x08002ecc   0x08002ecc   0x00000018   Code   RO          390    i.RCC_ADCCLKConfig  stm32f10x_rcc.o
    0x08002ee4   0x08002ee4   0x00000020   Code   RO          392    i.RCC_APB1PeriphClockCmd  stm32f10x_rcc.o
    0x08002f04   0x08002f04   0x00000020   Code   RO          394    i.RCC_APB2PeriphClockCmd  stm32f10x_rcc.o
    0x08002f24   0x08002f24   0x000000d4   Code   RO          402    i.RCC_GetClocksFreq  stm32f10x_rcc.o
    0x08002ff8   0x08002ff8   0x00000002   Code   RO           23    i.RTC_IRQHandler    stm32f10x_it.o
    0x08002ffa   0x08002ffa   0x00000002   Code   RO           24    i.SVC_Handler       stm32f10x_it.o
    0x08002ffc   0x08002ffc   0x00000008   Code   RO          173    i.SetSysClock       system_stm32f10x.o
    0x08003004   0x08003004   0x000000e0   Code   RO          174    i.SetSysClockTo72   system_stm32f10x.o
    0x080030e4   0x080030e4   0x00000002   Code   RO           25    i.SysTick_Handler   stm32f10x_it.o
    0x080030e6   0x080030e6   0x00000002   PAD
    0x080030e8   0x080030e8   0x00000060   Code   RO          176    i.SystemInit        system_stm32f10x.o
    0x08003148   0x08003148   0x000000cc   Code   RO         1820    i.TIM2_IRQHandler   timer.o
    0x08003214   0x08003214   0x000000d0   Code   RO         1821    i.TIM3_IRQHandler   timer.o
    0x080032e4   0x080032e4   0x00000006   Code   RO         1056    i.TIM_ClearFlag     stm32f10x_tim.o
    0x080032ea   0x080032ea   0x00000006   Code   RO         1057    i.TIM_ClearITPendingBit  stm32f10x_tim.o
    0x080032f0   0x080032f0   0x00000018   Code   RO         1062    i.TIM_Cmd           stm32f10x_tim.o
    0x08003308   0x08003308   0x00000022   Code   RO         1083    i.TIM_GetITStatus   stm32f10x_tim.o
    0x0800332a   0x0800332a   0x00000012   Code   RO         1087    i.TIM_ITConfig      stm32f10x_tim.o
    0x0800333c   0x0800333c   0x0000000c   Code   RO         1089    i.TIM_InternalClockConfig  stm32f10x_tim.o
    0x08003348   0x08003348   0x000000a4   Code   RO         1133    i.TIM_TimeBaseInit  stm32f10x_tim.o
    0x080033ec   0x080033ec   0x00000070   Code   RO         1822    i.Timer2_Init       timer.o
    0x0800345c   0x0800345c   0x00000070   Code   RO         1823    i.Timer3_Init       timer.o
    0x080034cc   0x080034cc   0x0000001c   Code   RO         1630    i.USART1_IRQHandler  usart.o
    0x080034e8   0x080034e8   0x0000004c   Code   RO         2658    i.USART2_IRQHandler  esp8266.o
    0x08003534   0x08003534   0x00000012   Code   RO          590    i.USART_ClearFlag   stm32f10x_usart.o
    0x08003546   0x08003546   0x00000018   Code   RO          594    i.USART_Cmd         stm32f10x_usart.o
    0x0800355e   0x0800355e   0x0000001a   Code   RO          597    i.USART_GetFlagStatus  stm32f10x_usart.o
    0x08003578   0x08003578   0x00000054   Code   RO          598    i.USART_GetITStatus  stm32f10x_usart.o
    0x080035cc   0x080035cc   0x0000004a   Code   RO          600    i.USART_ITConfig    stm32f10x_usart.o
    0x08003616   0x08003616   0x00000002   PAD
    0x08003618   0x08003618   0x000000d8   Code   RO          601    i.USART_Init        stm32f10x_usart.o
    0x080036f0   0x080036f0   0x00000008   Code   RO          611    i.USART_SendData    stm32f10x_usart.o
    0x080036f8   0x080036f8   0x00000050   Code   RO           26    i.UsageFault_Handler  stm32f10x_it.o
    0x08003748   0x08003748   0x000000b0   Code   RO         1631    i.Usart1_Init       usart.o
    0x080037f8   0x080037f8   0x000000ac   Code   RO         1632    i.Usart2_Init       usart.o
    0x080038a4   0x080038a4   0x00000048   Code   RO         1633    i.UsartPrintf       usart.o
    0x080038ec   0x080038ec   0x00000032   Code   RO         1634    i.Usart_SendString  usart.o
    0x0800391e   0x0800391e   0x00000002   PAD
    0x08003920   0x08003920   0x00000034   Code   RO         2977    i.__0snprintf       mc_w.l(printfa.o)
    0x08003954   0x08003954   0x00000028   Code   RO         2978    i.__0sprintf        mc_w.l(printfa.o)
    0x0800397c   0x0800397c   0x00000034   Code   RO         2981    i.__0vsnprintf      mc_w.l(printfa.o)
    0x080039b0   0x080039b0   0x00000028   Code   RO         3074    i.__ARM_fpclassify  m_ws.l(fpclassify.o)
    0x080039d8   0x080039d8   0x00000008   Code   RO         3118    i.__aeabi_errno_addr  mc_w.l(errno.o)
    0x080039e0   0x080039e0   0x000000aa   Code   RO         3076    i.__kernel_poly     m_ws.l(poly.o)
    0x08003a8a   0x08003a8a   0x00000002   PAD
    0x08003a8c   0x08003a8c   0x00000010   Code   RO         3060    i.__mathlib_dbl_divzero  m_ws.l(dunder.o)
    0x08003a9c   0x08003a9c   0x00000004   Code   RO         3062    i.__mathlib_dbl_infnan2  m_ws.l(dunder.o)
    0x08003aa0   0x08003aa0   0x0000000c   Code   RO         3063    i.__mathlib_dbl_invalid  m_ws.l(dunder.o)
    0x08003aac   0x08003aac   0x0000000e   Code   RO         3064    i.__mathlib_dbl_overflow  m_ws.l(dunder.o)
    0x08003aba   0x08003aba   0x00000002   PAD
    0x08003abc   0x08003abc   0x00000010   Code   RO         3066    i.__mathlib_dbl_underflow  m_ws.l(dunder.o)
    0x08003acc   0x08003acc   0x0000000e   Code   RO         3189    i.__scatterload_copy  mc_w.l(handlers.o)
    0x08003ada   0x08003ada   0x00000002   Code   RO         3190    i.__scatterload_null  mc_w.l(handlers.o)
    0x08003adc   0x08003adc   0x0000000e   Code   RO         3191    i.__scatterload_zeroinit  mc_w.l(handlers.o)
    0x08003aea   0x08003aea   0x00000002   PAD
    0x08003aec   0x08003aec   0x0000000c   Code   RO         3120    i.__set_errno       mc_w.l(errno.o)
    0x08003af8   0x08003af8   0x00000184   Code   RO         2983    i._fp_digits        mc_w.l(printfa.o)
    0x08003c7c   0x08003c7c   0x000006b4   Code   RO         2984    i._printf_core      mc_w.l(printfa.o)
    0x08004330   0x08004330   0x00000024   Code   RO         2985    i._printf_post_padding  mc_w.l(printfa.o)
    0x08004354   0x08004354   0x0000002e   Code   RO         2986    i._printf_pre_padding  mc_w.l(printfa.o)
    0x08004382   0x08004382   0x00000016   Code   RO         2987    i._snputc           mc_w.l(printfa.o)
    0x08004398   0x08004398   0x0000000a   Code   RO         2988    i._sputc            mc_w.l(printfa.o)
    0x080043a2   0x080043a2   0x00000002   PAD
    0x080043a4   0x080043a4   0x00000058   Code   RO         2126    i.cJSON_Delete      cjson.o
    0x080043fc   0x080043fc   0x0000001e   Code   RO         2135    i.cJSON_GetObjectItem  cjson.o
    0x0800441a   0x0800441a   0x00000002   PAD
    0x0800441c   0x0800441c   0x00000020   Code   RO         2139    i.cJSON_New_Item    cjson.o
    0x0800443c   0x0800443c   0x00000010   Code   RO         2140    i.cJSON_Parse       cjson.o
    0x0800444c   0x0800444c   0x00000064   Code   RO         2141    i.cJSON_ParseWithOpts  cjson.o
    0x080044b0   0x080044b0   0x0000004c   Code   RO         2147    i.cJSON_strcasecmp  cjson.o
    0x080044fc   0x080044fc   0x00000050   Code   RO         3004    i.free              mc_w.l(malloc.o)
    0x0800454c   0x0800454c   0x0000004c   Code   RO         2030    i.ft                hmac_sha1.o
    0x08004598   0x08004598   0x0000012e   Code   RO         2031    i.hmac_sha1         hmac_sha1.o
    0x080046c6   0x080046c6   0x00000002   PAD
    0x080046c8   0x080046c8   0x00000034   Code   RO         2032    i.k                 hmac_sha1.o
    0x080046fc   0x080046fc   0x0000004c   Code   RO         1872    i.key_Init          key.o
    0x08004748   0x08004748   0x000001e0   Code   RO         1908    i.main              main.o
    0x08004928   0x08004928   0x0000006c   Code   RO         3005    i.malloc            mc_w.l(malloc.o)
    0x08004994   0x08004994   0x000000ac   Code   RO         2151    i.parse_array       cjson.o
    0x08004a40   0x08004a40   0x00000114   Code   RO         2152    i.parse_hex4        cjson.o
    0x08004b54   0x08004b54   0x000001bc   Code   RO         2153    i.parse_number      cjson.o
    0x08004d10   0x08004d10   0x00000114   Code   RO         2154    i.parse_object      cjson.o
    0x08004e24   0x08004e24   0x000001cc   Code   RO         2155    i.parse_string      cjson.o
    0x08004ff0   0x08004ff0   0x000000bc   Code   RO         2156    i.parse_value       cjson.o
    0x080050ac   0x080050ac   0x000009d8   Code   RO         2709    i.pow               m_ws.l(pow.o)
    0x08005a84   0x08005a84   0x0000002e   Code   RO         2033    i.rotl              hmac_sha1.o
    0x08005ab2   0x08005ab2   0x00000002   PAD
    0x08005ab4   0x08005ab4   0x00000284   Code   RO         2035    i.sha1              hmac_sha1.o
    0x08005d38   0x08005d38   0x00000012   Code   RO         2164    i.skip              cjson.o
    0x08005d4a   0x08005d4a   0x0000004c   Code   RO         3080    i.sqrt              m_ws.l(sqrt.o)
    0x08005d96   0x08005d96   0x000005f0   Data   RO         1728    .constdata          oled.o
    0x08006386   0x08006386   0x000000c0   Data   RO         2084    .constdata          base64.o
    0x08006446   0x08006446   0x00000007   Data   RO         2167    .constdata          cjson.o
    0x0800644d   0x0800644d   0x00000003   PAD
    0x08006450   0x08006450   0x00000088   Data   RO         2710    .constdata          m_ws.l(pow.o)
    0x080064d8   0x080064d8   0x00000008   Data   RO         3078    .constdata          m_ws.l(qnan.o)
    0x080064e0   0x080064e0   0x00000081   Data   RO         3150    .constdata          mc_w.l(ctype_o.o)
    0x08006561   0x08006561   0x00000003   PAD
    0x08006564   0x08006564   0x00000004   Data   RO         3151    .constdata          mc_w.l(ctype_o.o)
    0x08006568   0x08006568   0x00000047   Data   RO         1948    .conststring        onenet.o
    0x080065af   0x080065af   0x00000001   PAD
    0x080065b0   0x080065b0   0x00000020   Data   RO         3187    Region$$Table       anon$$obj.o


    Execution Region RW_IRAM1 (Exec base: 0x20000000, Load base: 0x080065d0, Size: 0x00000cf0, Max: 0x00005000, ABSOLUTE)

    Exec Addr    Load Addr    Size         Type   Attr      Idx    E Section Name        Object

    0x20000000   0x080065d0   0x00000014   Data   RW          422    .data               stm32f10x_rcc.o
    0x20000014   0x080065e4   0x00000004   Data   RW         1598    .data               delay.o
    0x20000018   0x080065e8   0x00000001   Data   RW         1825    .data               timer.o
    0x20000019   0x080065e9   0x00000003   PAD
    0x2000001c   0x080065ec   0x0000000d   Data   RW         1909    .data               main.o
    0x20000029   0x080065f9   0x00000001   PAD
    0x2000002a   0x080065fa   0x00000004   Data   RW         1949    .data               onenet.o
    0x2000002e   0x080065fe   0x00000002   PAD
    0x20000030   0x08006600   0x0000000c   Data   RW         2168    .data               cjson.o
    0x2000003c   0x0800660c   0x00000004   Data   RW         2660    .data               esp8266.o
    0x20000040   0x08006610   0x00000004   Data   RW         3116    .data               mc_w.l(mvars.o)
    0x20000044   0x08006614   0x00000004   Data   RW         3117    .data               mc_w.l(mvars.o)
    0x20000048   0x08006618   0x00000004   Data   RW         3121    .data               mc_w.l(errno.o)
    0x2000004c        -       0x000000a4   Zero   RW         1824    .bss                timer.o
    0x200000f0        -       0x00000200   Zero   RW         2659    .bss                esp8266.o
    0x200002f0        -       0x00000200   Zero   RW          208    HEAP                startup_stm32f10x_md.o
    0x200004f0        -       0x00000800   Zero   RW          207    STACK               startup_stm32f10x_md.o


==============================================================================

Image component sizes


      Code (inc. data)   RO Data    RW Data    ZI Data      Debug   Object Name

       196         14          0          0          0        980   ad.o
       688          8        192          0          0       3364   base64.o
      2176         82          7         12          0      10985   cjson.o
         0          0          0          0          0       4540   core_cm3.o
       188         14          0          4          0       1728   delay.o
       688        236          0          4        512       4567   esp8266.o
      1120         30          0          0          0       4115   hmac_sha1.o
       340         34          0          0          0       2260   key.o
        56          6          0          0          0        419   led.o
       584        210          0         13          0       1510   main.o
       132         22          0          0          0     213543   misc.o
      2374         58          0          0          0      12976   mqttkit.o
       726         22       1520          0          0       5731   oled.o
      2660       1118         71          4          0      10255   onenet.o
        36          8        236          0       2560        768   startup_stm32f10x_md.o
       394         10          0          0          0       7225   stm32f10x_adc.o
       458          6          0          0          0       4562   stm32f10x_gpio.o
       320        260          0          0          0      47053   stm32f10x_it.o
       300         38          0         20          0       4561   stm32f10x_rcc.o
       264         42          0          0          0       4020   stm32f10x_tim.o
       450          6          0          0          0       5591   stm32f10x_usart.o
       328         28          0          0          0       1657   system_stm32f10x.o
       636        116          0          1        164       3150   timer.o
       498         24          0          0          0       4389   usart.o

    ----------------------------------------------------------------------
     15638       2392       2062         64       3236     359949   Object Totals
         0          0         32          0          0          0   (incl. Generated)
        26          0          4          6          0          0   (incl. Padding)

    ----------------------------------------------------------------------

      Code (inc. data)   RO Data    RW Data    ZI Data      Debug   Library Member Name

        62         10          0          0          0        340   dunder.o
        40          0          0          0          0         68   fpclassify.o
       170          0          0          0          0         96   poly.o
      2520        190        136          0          0        324   pow.o
         0          0          8          0          0          0   qnan.o
        76          0          0          0          0         84   sqrt.o
        28          0          0          0          0         68   _chval.o
       158          0          0          0          0         92   _strtoul.o
        26          0          0          0          0         80   atoi.o
         8          4        133          0          0         68   ctype_o.o
         0          0          0          0          0          0   entry.o
         0          0          0          0          0          0   entry10a.o
         0          0          0          0          0          0   entry11a.o
         4          0          0          0          0          0   entry12b.o
         8          4          0          0          0          0   entry2.o
         4          0          0          0          0          0   entry5.o
         0          0          0          0          0          0   entry7b.o
         0          0          0          0          0          0   entry8b.o
         8          4          0          0          0          0   entry9a.o
        20         10          0          4          0        136   errno.o
        30          0          0          0          0          0   handlers.o
        36          8          0          0          0         68   init.o
         0          0          0          0          0          0   iusefp.o
        30          0          0          0          0         68   llshl.o
        36          0          0          0          0         68   llsshr.o
        32          0          0          0          0         68   llushr.o
       188         20          0          0          0        160   malloc.o
        36          0          0          0          0         68   memcpya.o
        36          0          0          0          0        108   memseta.o
         0          0          0          8          0          0   mvars.o
      2362         96          0          0          0        768   printfa.o
        24          0          0          0          0         68   strcat.o
        20          0          0          0          0         68   strchr.o
        18          0          0          0          0         68   strcpy.o
        14          0          0          0          0         68   strlen.o
        40          0          0          0          0         76   strncat.o
        30          0          0          0          0         80   strncmp.o
        36          0          0          0          0         80   strstr.o
       112          0          0          0          0         88   strtol.o
        12          0          0          0          0         68   tolower.o
        44          0          0          0          0         80   uidiv.o
        98          0          0          0          0         92   uldiv.o
        48          0          0          0          0         68   cdrcmple.o
        56          0          0          0          0         88   d2f.o
       334          0          0          0          0        148   dadd.o
       222          0          0          0          0        100   ddiv.o
       186          0          0          0          0        176   depilogue.o
        62          0          0          0          0         80   dfixi.o
        48          0          0          0          0         68   dfixul.o
        34          0          0          0          0         76   dflti.o
       228          0          0          0          0         96   dmul.o
        46          0          0          0          0         80   dscalb.o
       162          0          0          0          0        100   dsqrt.o
        38          0          0          0          0         68   f2d.o
       124          0          0          0          0         88   fdiv.o
       110          0          0          0          0        168   fepilogue.o
        10          0          0          0          0         68   ffltui.o

    ----------------------------------------------------------------------
      8084        346        280         12          0       5040   Library Totals
        10          0          3          0          0          0   (incl. Padding)

    ----------------------------------------------------------------------

      Code (inc. data)   RO Data    RW Data    ZI Data      Debug   Library Name

      2868        200        144          0          0        912   m_ws.l
      3498        146        133         12          0       2656   mc_w.l
      1708          0          0          0          0       1472   mf_w.l

    ----------------------------------------------------------------------
      8084        346        280         12          0       5040   Library Totals

    ----------------------------------------------------------------------

==============================================================================


      Code (inc. data)   RO Data    RW Data    ZI Data      Debug   

     23722       2738       2342         76       3236     355781   Grand Totals
     23722       2738       2342         76       3236     355781   ELF Image Totals
     23722       2738       2342         76          0          0   ROM Totals

==============================================================================

    Total RO  Size (Code + RO Data)                26064 (  25.45kB)
    Total RW  Size (RW Data + ZI Data)              3312 (   3.23kB)
    Total ROM Size (Code + RO Data + RW Data)      26140 (  25.53kB)

==============================================================================

