Component: ARM Compiler 5.06 update 7 (build 960) Tool: armlink [4d3601]

==============================================================================

Section Cross References

    stm32f10x_it.o(i.BusFault_Handler) refers to usart.o(i.UsartPrintf) for UsartPrintf
    stm32f10x_it.o(i.HardFault_Handler) refers to usart.o(i.UsartPrintf) for UsartPrintf
    stm32f10x_it.o(i.MemManage_Handler) refers to usart.o(i.UsartPrintf) for UsartPrintf
    stm32f10x_it.o(i.UsageFault_Handler) refers to usart.o(i.UsartPrintf) for UsartPrintf
    system_stm32f10x.o(i.SetSysClock) refers to system_stm32f10x.o(i.SetSysClockTo72) for SetSysClockTo72
    system_stm32f10x.o(i.SystemCoreClockUpdate) refers to system_stm32f10x.o(.data) for SystemCoreClock
    system_stm32f10x.o(i.SystemInit) refers to system_stm32f10x.o(i.SetSysClock) for SetSysClock
    startup_stm32f10x_hd.o(RESET) refers to startup_stm32f10x_hd.o(STACK) for __initial_sp
    startup_stm32f10x_hd.o(RESET) refers to startup_stm32f10x_hd.o(.text) for Reset_Handler
    startup_stm32f10x_hd.o(RESET) refers to stm32f10x_it.o(i.NMI_Handler) for NMI_Handler
    startup_stm32f10x_hd.o(RESET) refers to stm32f10x_it.o(i.HardFault_Handler) for HardFault_Handler
    startup_stm32f10x_hd.o(RESET) refers to stm32f10x_it.o(i.MemManage_Handler) for MemManage_Handler
    startup_stm32f10x_hd.o(RESET) refers to stm32f10x_it.o(i.BusFault_Handler) for BusFault_Handler
    startup_stm32f10x_hd.o(RESET) refers to stm32f10x_it.o(i.UsageFault_Handler) for UsageFault_Handler
    startup_stm32f10x_hd.o(RESET) refers to stm32f10x_it.o(i.SVC_Handler) for SVC_Handler
    startup_stm32f10x_hd.o(RESET) refers to stm32f10x_it.o(i.DebugMon_Handler) for DebugMon_Handler
    startup_stm32f10x_hd.o(RESET) refers to stm32f10x_it.o(i.SysTick_Handler) for SysTick_Handler
    startup_stm32f10x_hd.o(RESET) refers to stm32f10x_it.o(i.RTC_IRQHandler) for RTC_IRQHandler
    startup_stm32f10x_hd.o(RESET) refers to stm32f10x_it.o(i.EXTI0_IRQHandler) for EXTI0_IRQHandler
    startup_stm32f10x_hd.o(RESET) refers to usart.o(i.USART1_IRQHandler) for USART1_IRQHandler
    startup_stm32f10x_hd.o(RESET) refers to esp8266.o(i.USART2_IRQHandler) for USART2_IRQHandler
    startup_stm32f10x_hd.o(.text) refers to system_stm32f10x.o(i.SystemInit) for SystemInit
    startup_stm32f10x_hd.o(.text) refers to entry.o(.ARM.Collect$$$$00000000) for __main
    stm32f10x_gpio.o(i.GPIO_AFIODeInit) refers to stm32f10x_rcc.o(i.RCC_APB2PeriphResetCmd) for RCC_APB2PeriphResetCmd
    stm32f10x_gpio.o(i.GPIO_DeInit) refers to stm32f10x_rcc.o(i.RCC_APB2PeriphResetCmd) for RCC_APB2PeriphResetCmd
    stm32f10x_rcc.o(i.RCC_GetClocksFreq) refers to stm32f10x_rcc.o(.data) for APBAHBPrescTable
    stm32f10x_rcc.o(i.RCC_WaitForHSEStartUp) refers to stm32f10x_rcc.o(i.RCC_GetFlagStatus) for RCC_GetFlagStatus
    stm32f10x_usart.o(i.USART_DeInit) refers to stm32f10x_rcc.o(i.RCC_APB2PeriphResetCmd) for RCC_APB2PeriphResetCmd
    stm32f10x_usart.o(i.USART_DeInit) refers to stm32f10x_rcc.o(i.RCC_APB1PeriphResetCmd) for RCC_APB1PeriphResetCmd
    stm32f10x_usart.o(i.USART_Init) refers to stm32f10x_rcc.o(i.RCC_GetClocksFreq) for RCC_GetClocksFreq
    delay.o(i.Delay_Init) refers to delay.o(.data) for UsCount
    delay.o(i.delay_ms) refers to delay.o(.data) for MsCount
    delay.o(i.delay_us) refers to delay.o(.data) for UsCount
    usart.o(i.USART1_IRQHandler) refers to stm32f10x_usart.o(i.USART_GetITStatus) for USART_GetITStatus
    usart.o(i.USART1_IRQHandler) refers to stm32f10x_usart.o(i.USART_ClearFlag) for USART_ClearFlag
    usart.o(i.Usart1_Init) refers to stm32f10x_rcc.o(i.RCC_APB2PeriphClockCmd) for RCC_APB2PeriphClockCmd
    usart.o(i.Usart1_Init) refers to stm32f10x_gpio.o(i.GPIO_Init) for GPIO_Init
    usart.o(i.Usart1_Init) refers to stm32f10x_usart.o(i.USART_Init) for USART_Init
    usart.o(i.Usart1_Init) refers to stm32f10x_usart.o(i.USART_Cmd) for USART_Cmd
    usart.o(i.Usart1_Init) refers to stm32f10x_usart.o(i.USART_ITConfig) for USART_ITConfig
    usart.o(i.Usart1_Init) refers to misc.o(i.NVIC_Init) for NVIC_Init
    usart.o(i.Usart2_Init) refers to stm32f10x_rcc.o(i.RCC_APB2PeriphClockCmd) for RCC_APB2PeriphClockCmd
    usart.o(i.Usart2_Init) refers to stm32f10x_rcc.o(i.RCC_APB1PeriphClockCmd) for RCC_APB1PeriphClockCmd
    usart.o(i.Usart2_Init) refers to stm32f10x_gpio.o(i.GPIO_Init) for GPIO_Init
    usart.o(i.Usart2_Init) refers to stm32f10x_usart.o(i.USART_Init) for USART_Init
    usart.o(i.Usart2_Init) refers to stm32f10x_usart.o(i.USART_Cmd) for USART_Cmd
    usart.o(i.Usart2_Init) refers to stm32f10x_usart.o(i.USART_ITConfig) for USART_ITConfig
    usart.o(i.Usart2_Init) refers to misc.o(i.NVIC_Init) for NVIC_Init
    usart.o(i.UsartPrintf) refers to printfa.o(i.__0vsnprintf) for vsnprintf
    usart.o(i.UsartPrintf) refers to stm32f10x_usart.o(i.USART_SendData) for USART_SendData
    usart.o(i.UsartPrintf) refers to stm32f10x_usart.o(i.USART_GetFlagStatus) for USART_GetFlagStatus
[...]
    ../clib/microlib/printf/printf.c         0x00000000   Number         0  printf0.o ABSOLUTE
    ../clib/microlib/printf/printf.c         0x00000000   Number         0  printf1.o ABSOLUTE
    ../clib/microlib/printf/printf.c         0x00000000   Number         0  printfb.o ABSOLUTE
    ../clib/microlib/printf/printf.c         0x00000000   Number         0  printfa.o ABSOLUTE
    ../clib/microlib/printf/printf.c         0x00000000   Number         0  printf8.o ABSOLUTE
    ../clib/microlib/printf/printf.c         0x00000000   Number         0  printf7.o ABSOLUTE
    ../clib/microlib/printf/printf.c         0x00000000   Number         0  printf6.o ABSOLUTE
    ../clib/microlib/printf/printf.c         0x00000000   Number         0  printf5.o ABSOLUTE
    ../clib/microlib/printf/printf.c         0x00000000   Number         0  printf4.o ABSOLUTE
    ../clib/microlib/printf/printf.c         0x00000000   Number         0  printf3.o ABSOLUTE
    ../clib/microlib/printf/stubs.s          0x00000000   Number         0  stubs.o ABSOLUTE
    ../clib/microlib/stdio/fputc.c           0x00000000   Number         0  fputc.o ABSOLUTE
    ../clib/microlib/stdio/semi.s            0x00000000   Number         0  semi.o ABSOLUTE
    ../clib/microlib/stdio/streams.c         0x00000000   Number         0  stdout.o ABSOLUTE
    ../clib/microlib/string/memcpy.c         0x00000000   Number         0  memcpya.o ABSOLUTE
    ../clib/microlib/string/memcpy.c         0x00000000   Number         0  memcpyb.o ABSOLUTE
    ../clib/microlib/string/memset.c         0x00000000   Number         0  memseta.o ABSOLUTE
    ../clib/microlib/string/strcat.c         0x00000000   Number         0  strcat.o ABSOLUTE
    ../clib/microlib/string/strchr.c         0x00000000   Number         0  strchr.o ABSOLUTE
    ../clib/microlib/string/strcpy.c         0x00000000   Number         0  strcpy.o ABSOLUTE
    ../clib/microlib/string/strlen.c         0x00000000   Number         0  strlen.o ABSOLUTE
    ../clib/microlib/string/strncat.c        0x00000000   Number         0  strncat.o ABSOLUTE
    ../clib/microlib/string/strncmp.c        0x00000000   Number         0  strncmp.o ABSOLUTE
    ../clib/microlib/string/strstr.c         0x00000000   Number         0  strstr.o ABSOLUTE
    ../clib/microlib/stubs.s                 0x00000000   Number         0  iusefp.o ABSOLUTE
    ../clib/microlib/stubs.s                 0x00000000   Number         0  iusesemip.o ABSOLUTE
    ../clib/scanf.c                          0x00000000   Number         0  scanf_char.o ABSOLUTE
    ../clib/scanf.c                          0x00000000   Number         0  _sgetc.o ABSOLUTE
    ../clib/scanf.c                          0x00000000   Number         0  _chval.o ABSOLUTE
    ../clib/scanf.c                          0x00000000   Number         0  strtol.o ABSOLUTE
    ../clib/scanf.c                          0x00000000   Number         0  _scanf.o ABSOLUTE
    ../clib/scanf.c                          0x00000000   Number         0  _strtoul.o ABSOLUTE
    ../clib/scanf.c                          0x00000000   Number         0  atoi.o ABSOLUTE
    ../clib/scanf.c                          0x00000000   Number         0  _scanf_str.o ABSOLUTE
    ../clib/scanf.c                          0x00000000   Number         0  _scanf_int.o ABSOLUTE
    ../clib/scanf.c                          0x00000000   Number         0  __0sscanf.o ABSOLUTE
    ../fplib/microlib/f2d.c                  0x00000000   Number         0  f2d.o ABSOLUTE
    ../fplib/microlib/fpadd.c                0x00000000   Number         0  dadd.o ABSOLUTE
    ../fplib/microlib/fpdiv.c                0x00000000   Number         0  ddiv.o ABSOLUTE
    ../fplib/microlib/fpepilogue.c           0x00000000   Number         0  depilogue.o ABSOLUTE
    ../fplib/microlib/fpfix.c                0x00000000   Number         0  dfixul.o ABSOLUTE
    ../fplib/microlib/fpfix.c                0x00000000   Number         0  dfixi.o ABSOLUTE
    ../fplib/microlib/fpflt.c                0x00000000   Number         0  dflti.o ABSOLUTE
    ../fplib/microlib/fpmul.c                0x00000000   Number         0  dmul.o ABSOLUTE
    ../fplib/microlib/fpscalb.c              0x00000000   Number         0  dscalb.o ABSOLUTE
    ../fplib/microlib/fpsqrt.c               0x00000000   Number         0  dsqrt.o ABSOLUTE
    ../mathlib/dunder.c                      0x00000000   Number         0  dunder.o ABSOLUTE
    ../mathlib/floor.c                       0x00000000   Number         0  floor.o ABSOLUTE
    ../mathlib/fpclassify.c                  0x00000000   Number         0  fpclassify.o ABSOLUTE
    ../mathlib/poly.c                        0x00000000   Number         0  poly.o ABSOLUTE
    ../mathlib/pow.c                         0x00000000   Number         0  pow.o ABSOLUTE
    ../mathlib/pow.c                         0x00000000   Number         0  pow_x.o ABSOLUTE
    ../mathlib/qnan.c                        0x00000000   Number         0  qnan.o ABSOLUTE
    ../mathlib/sqrt.c                        0x00000000   Number         0  sqrt.o ABSOLUTE
    ../mathlib/sqrt.c                        0x00000000   Number         0  sqrt_x.o ABSOLUTE
    NET\MQTT\MqttKit.c                       0x00000000   Number         0  mqttkit.o ABSOLUTE
    NET\cJSON\cJSON.c                        0x00000000   Number         0  cjson.o ABSOLUTE
    NET\device\src\esp8266.c                 0x00000000   Number         0  esp8266.o ABSOLUTE
    NET\onenet\src\base64.c                  0x00000000   Number         0  base64.o ABSOLUTE
    NET\onenet\src\hmac_sha1.c               0x00000000   Number         0  hmac_sha1.o ABSOLUTE
    NET\onenet\src\onenet.c                  0x00000000   Number         0  onenet.o ABSOLUTE
    cdcmple.s                                0x00000000   Number         0  cdcmple.o ABSOLUTE
    cdrcmple.s                               0x00000000   Number         0  cdrcmple.o ABSOLUTE
    core\\core_cm3.c                         0x00000000   Number         0  core_cm3.o ABSOLUTE
    core\core_cm3.c                          0x00000000   Number         0  core_cm3.o ABSOLUTE
    core\startup\arm\startup_stm32f10x_hd.s  0x00000000   Number         0  startup_stm32f10x_hd.o ABSOLUTE
    core\stm32f10x_it.c                      0x00000000   Number         0  stm32f10x_it.o ABSOLUTE
    core\system_stm32f10x.c                  0x00000000   Number         0  system_stm32f10x.o ABSOLUTE
    dc.s                                     0x00000000   Number         0  dc.o ABSOLUTE
    fwlib\src\misc.c                         0x00000000   Number         0  misc.o ABSOLUTE
    fwlib\src\stm32f10x_gpio.c               0x00000000   Number         0  stm32f10x_gpio.o ABSOLUTE
    fwlib\src\stm32f10x_rcc.c                0x00000000   Number         0  stm32f10x_rcc.o ABSOLUTE
    fwlib\src\stm32f10x_usart.c              0x00000000   Number         0  stm32f10x_usart.o ABSOLUTE
    handlers.s                               0x00000000   Number         0  handlers.o ABSOLUTE
    hardware\DHT11\dht11.c                   0x00000000   Number         0  dht11.o ABSOLUTE
    hardware\OLED\oled.c                     0x00000000   Number         0  oled.o ABSOLUTE
    hardware\\src\\sys.c                     0x00000000   Number         0  sys.o ABSOLUTE
    hardware\led.c                           0x00000000   Number         0  led.o ABSOLUTE
    hardware\src\delay.c                     0x00000000   Number         0  delay.o ABSOLUTE
    hardware\src\sys.c                       0x00000000   Number         0  sys.o ABSOLUTE
    hardware\src\usart.c                     0x00000000   Number         0  usart.o ABSOLUTE
    init.s                                   0x00000000   Number         0  init.o ABSOLUTE
    user\main.c                              0x00000000   Number         0  main.o ABSOLUTE
    RESET                                    0x08000000   Section      304  startup_stm32f10x_hd.o(RESET)
    .ARM.Collect$$$$00000000                 0x08000130   Section        0  entry.o(.ARM.Collect$$$$00000000)
    .ARM.Collect$$$$00000001                 0x08000130   Section        4  entry2.o(.ARM.Collect$$$$00000001)
    .ARM.Collect$$$$00000004                 0x08000134   Section        4  entry5.o(.ARM.Collect$$$$00000004)
    .ARM.Collect$$$$00000008                 0x08000138   Section        0  entry7b.o(.ARM.Collect$$$$00000008)
    .ARM.Collect$$$$0000000A                 0x08000138   Section        0  entry8b.o(.ARM.Collect$$$$0000000A)
    .ARM.Collect$$$$0000000B                 0x08000138   Section        8  entry9a.o(.ARM.Collect$$$$0000000B)
    .ARM.Collect$$$$0000000E                 0x08000140   Section        4  entry12b.o(.ARM.Collect$$$$0000000E)
    .ARM.Collect$$$$0000000F                 0x08000144   Section        0  entry10a.o(.ARM.Collect$$$$0000000F)
    .ARM.Collect$$$$00000011                 0x08000144   Section        0  entry11a.o(.ARM.Collect$$$$00000011)
    .ARM.Collect$$$$00002712                 0x08000144   Section        4  entry2.o(.ARM.Collect$$$$00002712)
    __lit__00000000                          0x08000144   Data           4  entry2.o(.ARM.Collect$$$$00002712)
    .text                                    0x08000148   Section       36  startup_stm32f10x_hd.o(.text)
    .text                                    0x0800016c   Section        0  tolower.o(.text)
    .text                                    0x08000178   Section        0  memcpya.o(.text)
    .text                                    0x0800019c   Section        0  memseta.o(.text)
    .text                                    0x080001c0   Section        0  strcat.o(.text)
    .text                                    0x080001d8   Section        0  strstr.o(.text)
    .text                                    0x080001fc   Section        0  strchr.o(.text)
    .text                                    0x08000210   Section        0  strlen.o(.text)
    .text                                    0x0800021e   Section        0  strncat.o(.text)
    .text                                    0x08000246   Section        0  strcpy.o(.text)
    .text                                    0x08000258   Section        0  strncmp.o(.text)
    .text                                    0x08000276   Section        0  atoi.o(.text)
    .text                                    0x08000290   Section        0  dadd.o(.text)
    .text                                    0x080003de   Section        0  dmul.o(.text)
    .text                                    0x080004c2   Section        0  dflti.o(.text)
    .text                                    0x080004e4   Section        0  dfixi.o(.text)
    .text                                    0x08000524   Section       48  cdrcmple.o(.text)
    .text                                    0x08000554   Section        0  uidiv.o(.text)
    .text                                    0x08000580   Section        0  uldiv.o(.text)
    .text                                    0x080005e2   Section        0  llshl.o(.text)
    .text                                    0x08000600   Section        0  llushr.o(.text)
    .text                                    0x08000620   Section        0  llsshr.o(.text)
    .text                                    0x08000644   Section        0  _chval.o(.text)
    .text                                    0x08000660   Section        0  strtol.o(.text)
    .text                                    0x080006d0   Section        0  iusefp.o(.text)
    .text                                    0x080006d0   Section        0  depilogue.o(.text)
    .text                                    0x0800078a   Section        0  ddiv.o(.text)
    .text                                    0x08000868   Section        0  dscalb.o(.text)
    .text                                    0x08000896   Section        0  dfixul.o(.text)
    .text                                    0x080008c8   Section       36  init.o(.text)
    .text                                    0x080008ec   Section        0  ctype_o.o(.text)
    .text                                    0x080008f4   Section        0  _strtoul.o(.text)
    .text                                    0x08000992   Section        0  dsqrt.o(.text)
    i.BASE64_Decode                          0x08000a34   Section        0  base64.o(i.BASE64_Decode)
    i.BASE64_Encode                          0x08000ba0   Section        0  base64.o(i.BASE64_Encode)
    i.BusFault_Handler                       0x08000ce4   Section        0  stm32f10x_it.o(i.BusFault_Handler)
    i.DHT11_Check                            0x08000d30   Section        0  dht11.o(i.DHT11_Check)
    i.DHT11_Init                             0x08000d8c   Section        0  dht11.o(i.DHT11_Init)
    i.DHT11_Mode                             0x08000dcc   Section        0  dht11.o(i.DHT11_Mode)
    i.DHT11_Read_Bit                         0x08000e04   Section        0  dht11.o(i.DHT11_Read_Bit)
    i.DHT11_Read_Byte                        0x08000e60   Section        0  dht11.o(i.DHT11_Read_Byte)
    i.DHT11_Read_Data                        0x08000e7e   Section        0  dht11.o(i.DHT11_Read_Data)
    i.DHT11_Rst                              0x08000eec   Section        0  dht11.o(i.DHT11_Rst)
    i.DebugMon_Handler                       0x08000f1c   Section        0  stm32f10x_it.o(i.DebugMon_Handler)
    i.Delay_Init                             0x08000f20   Section        0  delay.o(i.Delay_Init)
    i.ESP8266_Clear                          0x08000f58   Section        0  esp8266.o(i.ESP8266_Clear)
    i.ESP8266_GetIPD                         0x08000f74   Section        0  esp8266.o(i.ESP8266_GetIPD)
    i.ESP8266_Init                           0x08000fc4   Section        0  esp8266.o(i.ESP8266_Init)
    i.ESP8266_SendCmd                        0x080010ec   Section        0  esp8266.o(i.ESP8266_SendCmd)
    i.ESP8266_SendData                       0x08001140   Section        0  esp8266.o(i.ESP8266_SendData)
    i.ESP8266_WaitRecive                     0x08001188   Section        0  esp8266.o(i.ESP8266_WaitRecive)
    i.EXTI0_IRQHandler                       0x080011bc   Section        0  stm32f10x_it.o(i.EXTI0_IRQHandler)
    i.GPIO_Init                              0x080011be   Section        0  stm32f10x_gpio.o(i.GPIO_Init)
    i.GPIO_ReadInputDataBit                  0x080012d4   Section        0  stm32f10x_gpio.o(i.GPIO_ReadInputDataBit)
    i.GPIO_ResetBits                         0x080012e6   Section        0  stm32f10x_gpio.o(i.GPIO_ResetBits)
    i.GPIO_SetBits                           0x080012ea   Section        0  stm32f10x_gpio.o(i.GPIO_SetBits)
    i.HardFault_Handler                      0x080012f0   Section        0  stm32f10x_it.o(i.HardFault_Handler)
    i.IIC_delay                              0x0800133c   Section        0  oled.o(i.IIC_delay)
    i.LED_Init                               0x0800134c   Section        0  led.o(i.LED_Init)
    i.MQTT_DeleteBuffer                      0x08001380   Section        0  mqttkit.o(i.MQTT_DeleteBuffer)
    i.MQTT_DumpLength                        0x0800139c   Section        0  mqttkit.o(i.MQTT_DumpLength)
    i.MQTT_NewBuffer                         0x080013ca   Section        0  mqttkit.o(i.MQTT_NewBuffer)
    i.MQTT_PacketConnect                     0x08001424   Section        0  mqttkit.o(i.MQTT_PacketConnect)
    i.MQTT_PacketPublish                     0x080016c4   Section        0  mqttkit.o(i.MQTT_PacketPublish)
    i.MQTT_PacketSaveData                    0x0800187c   Section        0  mqttkit.o(i.MQTT_PacketSaveData)
    i.MQTT_PacketSubscribe                   0x080018e0   Section        0  mqttkit.o(i.MQTT_PacketSubscribe)
    i.MQTT_ReadLength                        0x080019de   Section        0  mqttkit.o(i.MQTT_ReadLength)
    i.MQTT_UnPacketConnectAck                0x08001a24   Section        0  mqttkit.o(i.MQTT_UnPacketConnectAck)
    i.MQTT_UnPacketPublish                   0x08001a44   Section        0  mqttkit.o(i.MQTT_UnPacketPublish)
    i.MQTT_UnPacketPublishAck                0x08001c04   Section        0  mqttkit.o(i.MQTT_UnPacketPublishAck)
    i.MQTT_UnPacketRecv                      0x08001c24   Section        0  mqttkit.o(i.MQTT_UnPacketRecv)
    i.MQTT_UnPacketSubscribe                 0x08001c98   Section        0  mqttkit.o(i.MQTT_UnPacketSubscribe)
    i.MemManage_Handler                      0x08001ccc   Section        0  stm32f10x_it.o(i.MemManage_Handler)
    i.NMI_Handler                            0x08001d18   Section        0  stm32f10x_it.o(i.NMI_Handler)
    i.NVIC_Init                              0x08001d1c   Section        0  misc.o(i.NVIC_Init)
    i.NVIC_PriorityGroupConfig               0x08001d8c   Section        0  misc.o(i.NVIC_PriorityGroupConfig)
    i.OLED_Clear                             0x08001da0   Section        0  oled.o(i.OLED_Clear)
    i.OLED_DrawPoint                         0x08001dd0   Section        0  oled.o(i.OLED_DrawPoint)
    i.OLED_I2C_Start                         0x08001e48   Section        0  oled.o(i.OLED_I2C_Start)
    i.OLED_I2C_Stop                          0x08001e84   Section        0  oled.o(i.OLED_I2C_Stop)
    i.OLED_I2C_WaitAck                       0x08001eb0   Section        0  oled.o(i.OLED_I2C_WaitAck)
    i.OLED_Init                              0x08001ee4   Section        0  oled.o(i.OLED_Init)
    i.OLED_Pow                               0x08002010   Section        0  oled.o(i.OLED_Pow)
    i.OLED_Refresh                           0x08002028   Section        0  oled.o(i.OLED_Refresh)
    i.OLED_Send_Byte                         0x08002090   Section        0  oled.o(i.OLED_Send_Byte)
    i.OLED_ShowChar                          0x080020e4   Section        0  oled.o(i.OLED_ShowChar)
    i.OLED_ShowChinese                       0x08002220   Section        0  oled.o(i.OLED_ShowChinese)
    i.OLED_ShowNum                           0x08002324   Section        0  oled.o(i.OLED_ShowNum)
    i.OLED_ShowString                        0x080023b8   Section        0  oled.o(i.OLED_ShowString)
    i.OLED_WR_Byte                           0x08002406   Section        0  oled.o(i.OLED_WR_Byte)
    i.OTA_UrlEncode                          0x08002440   Section        0  onenet.o(i.OTA_UrlEncode)
    OTA_UrlEncode                            0x08002441   Thumb Code   246  onenet.o(i.OTA_UrlEncode)
    i.OneNET_Authorization                   0x08002558   Section        0  onenet.o(i.OneNET_Authorization)
    OneNET_Authorization                     0x08002559   Thumb Code   284  onenet.o(i.OneNET_Authorization)
    i.OneNET_Publish                         0x080026f4   Section        0  onenet.o(i.OneNET_Publish)
    i.OneNET_Subscribe                       0x08002770   Section        0  onenet.o(i.OneNET_Subscribe)
    i.OneNet_DevLink                         0x08002810   Section        0  onenet.o(i.OneNet_DevLink)
    i.OneNet_FillBuf                         0x08002a8c   Section        0  onenet.o(i.OneNet_FillBuf)
    i.OneNet_RevPro                          0x08002b7c   Section        0  onenet.o(i.OneNet_RevPro)
    i.OneNet_SendData                        0x08002eec   Section        0  onenet.o(i.OneNet_SendData)
    i.RCC_APB1PeriphClockCmd                 0x08002fd4   Section        0  stm32f10x_rcc.o(i.RCC_APB1PeriphClockCmd)
    i.RCC_APB2PeriphClockCmd                 0x08002ff4   Section        0  stm32f10x_rcc.o(i.RCC_APB2PeriphClockCmd)
    i.RCC_GetClocksFreq                      0x08003014   Section        0  stm32f10x_rcc.o(i.RCC_GetClocksFreq)
    i.RTC_IRQHandler                         0x080030e8   Section        0  stm32f10x_it.o(i.RTC_IRQHandler)
    i.SVC_Handler                            0x080030ea   Section        0  stm32f10x_it.o(i.SVC_Handler)
    i.SetSysClock                            0x080030ec   Section        0  system_stm32f10x.o(i.SetSysClock)
    SetSysClock                              0x080030ed   Thumb Code     8  system_stm32f10x.o(i.SetSysClock)
    i.SetSysClockTo72                        0x080030f4   Section        0  system_stm32f10x.o(i.SetSysClockTo72)
    SetSysClockTo72                          0x080030f5   Thumb Code   214  system_stm32f10x.o(i.SetSysClockTo72)
    i.SysTick_Handler                        0x080031d4   Section        0  stm32f10x_it.o(i.SysTick_Handler)
    i.SystemInit                             0x080031d8   Section        0  system_stm32f10x.o(i.SystemInit)
    i.USART1_IRQHandler                      0x08003238   Section        0  usart.o(i.USART1_IRQHandler)
    i.USART2_IRQHandler                      0x08003254   Section        0  esp8266.o(i.USART2_IRQHandler)
    i.USART_ClearFlag                        0x080032a0   Section        0  stm32f10x_usart.o(i.USART_ClearFlag)
    i.USART_Cmd                              0x080032b2   Section        0  stm32f10x_usart.o(i.USART_Cmd)
    i.USART_GetFlagStatus                    0x080032ca   Section        0  stm32f10x_usart.o(i.USART_GetFlagStatus)
    i.USART_GetITStatus                      0x080032e4   Section        0  stm32f10x_usart.o(i.USART_GetITStatus)
    i.USART_ITConfig                         0x08003338   Section        0  stm32f10x_usart.o(i.USART_ITConfig)
    i.USART_Init                             0x08003384   Section        0  stm32f10x_usart.o(i.USART_Init)
    i.USART_SendData                         0x0800345c   Section        0  stm32f10x_usart.o(i.USART_SendData)
    i.UsageFault_Handler                     0x08003464   Section        0  stm32f10x_it.o(i.UsageFault_Handler)
    i.Usart1_Init                            0x080034b4   Section        0  usart.o(i.Usart1_Init)
    i.Usart2_Init                            0x08003564   Section        0  usart.o(i.Usart2_Init)
    i.UsartPrintf                            0x08003610   Section        0  usart.o(i.UsartPrintf)
    i.Usart_SendString                       0x08003658   Section        0  usart.o(i.Usart_SendString)
    i.__0snprintf                            0x0800368c   Section        0  printfa.o(i.__0snprintf)
    i.__0sprintf                             0x080036c0   Section        0  printfa.o(i.__0sprintf)
    i.__0vsnprintf                           0x080036e8   Section        0  printfa.o(i.__0vsnprintf)
    i.__ARM_fpclassify                       0x0800371c   Section        0  fpclassify.o(i.__ARM_fpclassify)
    i.__aeabi_errno_addr                     0x08003744   Section        0  errno.o(i.__aeabi_errno_addr)
    i.__kernel_poly                          0x0800374c   Section        0  poly.o(i.__kernel_poly)
    i.__mathlib_dbl_divzero                  0x080037f8   Section        0  dunder.o(i.__mathlib_dbl_divzero)
    i.__mathlib_dbl_infnan2                  0x08003808   Section        0  dunder.o(i.__mathlib_dbl_infnan2)
    i.__mathlib_dbl_invalid                  0x0800380c   Section        0  dunder.o(i.__mathlib_dbl_invalid)
    i.__mathlib_dbl_overflow                 0x08003818   Section        0  dunder.o(i.__mathlib_dbl_overflow)
    i.__mathlib_dbl_underflow                0x08003828   Section        0  dunder.o(i.__mathlib_dbl_underflow)
    i.__scatterload_copy                     0x08003838   Section       14  handlers.o(i.__scatterload_copy)
    i.__scatterload_null                     0x08003846   Section        2  handlers.o(i.__scatterload_null)
    i.__scatterload_zeroinit                 0x08003848   Section       14  handlers.o(i.__scatterload_zeroinit)
    i.__set_errno                            0x08003858   Section        0  errno.o(i.__set_errno)
    i._fp_digits                             0x08003864   Section        0  printfa.o(i._fp_digits)
    _fp_digits                               0x08003865   Thumb Code   366  printfa.o(i._fp_digits)
    i._printf_core                           0x080039e8   Section        0  printfa.o(i._printf_core)
    _printf_core                             0x080039e9   Thumb Code  1704  printfa.o(i._printf_core)
    i._printf_post_padding                   0x0800409c   Section        0  printfa.o(i._printf_post_padding)
    _printf_post_padding                     0x0800409d   Thumb Code    36  printfa.o(i._printf_post_padding)
    i._printf_pre_padding                    0x080040c0   Section        0  printfa.o(i._printf_pre_padding)
    _printf_pre_padding                      0x080040c1   Thumb Code    46  printfa.o(i._printf_pre_padding)
    i._snputc                                0x080040ee   Section        0  printfa.o(i._snputc)
    _snputc                                  0x080040ef   Thumb Code    22  printfa.o(i._snputc)
    i._sputc                                 0x08004104   Section        0  printfa.o(i._sputc)
    _sputc                                   0x08004105   Thumb Code    10  printfa.o(i._sputc)
    i.cJSON_Delete                           0x08004110   Section        0  cjson.o(i.cJSON_Delete)
    i.cJSON_GetObjectItem                    0x08004168   Section        0  cjson.o(i.cJSON_GetObjectItem)
    i.cJSON_New_Item                         0x08004188   Section        0  cjson.o(i.cJSON_New_Item)
    cJSON_New_Item                           0x08004189   Thumb Code    26  cjson.o(i.cJSON_New_Item)
    i.cJSON_Parse                            0x080041a8   Section        0  cjson.o(i.cJSON_Parse)
    i.cJSON_ParseWithOpts                    0x080041b8   Section        0  cjson.o(i.cJSON_ParseWithOpts)
    i.cJSON_strcasecmp                       0x0800421c   Section        0  cjson.o(i.cJSON_strcasecmp)
    cJSON_strcasecmp                         0x0800421d   Thumb Code    76  cjson.o(i.cJSON_strcasecmp)
    i.delay_ms                               0x08004268   Section        0  delay.o(i.delay_ms)
    i.delay_us                               0x080042b0   Section        0  delay.o(i.delay_us)
    i.free                                   0x080042f0   Section        0  malloc.o(i.free)
    i.ft                                     0x08004340   Section        0  hmac_sha1.o(i.ft)
    i.hmac_sha1                              0x0800438c   Section        0  hmac_sha1.o(i.hmac_sha1)
    i.k                                      0x080044d8   Section        0  hmac_sha1.o(i.k)
    i.main                                   0x0800450c   Section        0  main.o(i.main)
    i.malloc                                 0x08004848   Section        0  malloc.o(i.malloc)
    i.parse_array                            0x080048b4   Section        0  cjson.o(i.parse_array)
    parse_array                              0x080048b5   Thumb Code   166  cjson.o(i.parse_array)
    i.parse_hex4                             0x08004960   Section        0  cjson.o(i.parse_hex4)
    parse_hex4                               0x08004961   Thumb Code   276  cjson.o(i.parse_hex4)
    i.parse_number                           0x08004a74   Section        0  cjson.o(i.parse_number)
    parse_number                             0x08004a75   Thumb Code   432  cjson.o(i.parse_number)
    i.parse_object                           0x08004c30   Section        0  cjson.o(i.parse_object)
    parse_object                             0x08004c31   Thumb Code   270  cjson.o(i.parse_object)
    i.parse_string                           0x08004d44   Section        0  cjson.o(i.parse_string)
    parse_string                             0x08004d45   Thumb Code   448  cjson.o(i.parse_string)
    i.parse_value                            0x08004f10   Section        0  cjson.o(i.parse_value)
    parse_value                              0x08004f11   Thumb Code   158  cjson.o(i.parse_value)
    i.pow                                    0x08004fcc   Section        0  pow.o(i.pow)
    i.rotl                                   0x080059a4   Section        0  hmac_sha1.o(i.rotl)
    i.sha1                                   0x080059d4   Section        0  hmac_sha1.o(i.sha1)
    i.skip                                   0x08005c58   Section        0  cjson.o(i.skip)
    skip                                     0x08005c59   Thumb Code    18  cjson.o(i.skip)
    i.sqrt                                   0x08005c6a   Section        0  sqrt.o(i.sqrt)
    .constdata                               0x08005cb6   Section     7664  oled.o(.constdata)
    .constdata                               0x08007aa6   Section      192  base64.o(.constdata)
    base64_enc_map                           0x08007aa6   Data          64  base64.o(.constdata)
    base64_dec_map                           0x08007ae6   Data         128  base64.o(.constdata)
    .constdata                               0x08007b66   Section        7  cjson.o(.constdata)
    firstByteMark                            0x08007b66   Data           7  cjson.o(.constdata)
    .constdata                               0x08007b70   Section      136  pow.o(.constdata)
    bp                                       0x08007b70   Data          16  pow.o(.constdata)
    dp_h                                     0x08007b80   Data          16  pow.o(.constdata)
    dp_l                                     0x08007b90   Data          16  pow.o(.constdata)
    L                                        0x08007ba0   Data          48  pow.o(.constdata)
    P                                        0x08007bd0   Data          40  pow.o(.constdata)
    .constdata                               0x08007bf8   Section        8  qnan.o(.constdata)
    .constdata                               0x08007c00   Section      129  ctype_o.o(.constdata)
    .constdata                               0x08007c84   Section        4  ctype_o.o(.constdata)
    table                                    0x08007c84   Data           4  ctype_o.o(.constdata)
    .conststring                             0x08007c88   Section       71  onenet.o(.conststring)
    .data                                    0x20000000   Section       20  stm32f10x_rcc.o(.data)
    APBAHBPrescTable                         0x20000000   Data          16  stm32f10x_rcc.o(.data)
    ADCPrescTable                            0x20000010   Data           4  stm32f10x_rcc.o(.data)
    .data                                    0x20000014   Section        4  delay.o(.data)
    .data                                    0x20000018   Section        4  main.o(.data)
    .data                                    0x2000001c   Section        4  onenet.o(.data)
    pkt_id                                   0x2000001e   Data           2  onenet.o(.data)
    .data                                    0x20000020   Section       12  cjson.o(.data)
    ep                                       0x20000020   Data           4  cjson.o(.data)
    cJSON_malloc                             0x20000024   Data           4  cjson.o(.data)
    cJSON_free                               0x20000028   Data           4  cjson.o(.data)
    .data                                    0x2000002c   Section        4  esp8266.o(.data)
    .data                                    0x20000030   Section        4  mvars.o(.data)
    .data                                    0x20000034   Section        4  mvars.o(.data)
    .data                                    0x20000038   Section        4  errno.o(.data)
    _errno                                   0x20000038   Data           4  errno.o(.data)
    .bss                                     0x2000003c   Section     1152  oled.o(.bss)
    .bss                                     0x200004bc   Section      512  esp8266.o(.bss)
    HEAP                                     0x200006c0   Section     3072  startup_stm32f10x_hd.o(HEAP)
    STACK                                    0x200012c0   Section     3072  startup_stm32f10x_hd.o(STACK)

    Global Symbols

    Symbol Name                              Value     Ov Type        Size  Object(Section)

    BuildAttributes$$THM_ISAv4$P$D$K$B$S$PE$A:L22UL41UL21$X:L11$S22US41US21$IEEE1$IW$USESV6$~STKCKD$USESV7$~SHL$OTIME$ROPI$IEEEX$EBA8$MICROLIB$REQ8$PRES8$EABIv2 0x00000000   Number         0  anon$$obj.o ABSOLUTE
    __ARM_use_no_argv                        0x00000000   Number         0  main.o ABSOLUTE
    _printf_a                                0x00000000   Number         0  stubs.o ABSOLUTE
    _printf_c                                0x00000000   Number         0  stubs.o ABSOLUTE
    _printf_charcount                        0x00000000   Number         0  stubs.o ABSOLUTE
    _printf_d                                0x00000000   Number         0  stubs.o ABSOLUTE
    _printf_e                                0x00000000   Number         0  stubs.o ABSOLUTE
    _printf_f                                0x00000000   Number         0  stubs.o ABSOLUTE
    _printf_flags                            0x00000000   Number         0  stubs.o ABSOLUTE
    _printf_fp_dec                           0x00000000   Number         0  stubs.o ABSOLUTE
    _printf_fp_hex                           0x00000000   Number         0  stubs.o ABSOLUTE
    _printf_g                                0x00000000   Number         0  stubs.o ABSOLUTE
    _printf_i                                0x00000000   Number         0  stubs.o ABSOLUTE
    _printf_int_dec                          0x00000000   Number         0  stubs.o ABSOLUTE
    _printf_l                                0x00000000   Number         0  stubs.o ABSOLUTE
    _printf_lc                               0x00000000   Number         0  stubs.o ABSOLUTE
    _printf_ll                               0x00000000   Number         0  stubs.o ABSOLUTE
    _printf_lld                              0x00000000   Number         0  stubs.o ABSOLUTE
    _printf_lli                              0x00000000   Number         0  stubs.o ABSOLUTE
    _printf_llo                              0x00000000   Number         0  stubs.o ABSOLUTE
    _printf_llu                              0x00000000   Number         0  stubs.o ABSOLUTE
    _printf_llx                              0x00000000   Number         0  stubs.o ABSOLUTE
    _printf_longlong_dec                     0x00000000   Number         0  stubs.o ABSOLUTE
    _printf_longlong_hex                     0x00000000   Number         0  stubs.o ABSOLUTE
    _printf_longlong_oct                     0x00000000   Number         0  stubs.o ABSOLUTE
    _printf_ls                               0x00000000   Number         0  stubs.o ABSOLUTE
    _printf_mbtowc                           0x00000000   Number         0  stubs.o ABSOLUTE
    _printf_n                                0x00000000   Number         0  stubs.o ABSOLUTE
    _printf_o                                0x00000000   Number         0  stubs.o ABSOLUTE
    _printf_p                                0x00000000   Number         0  stubs.o ABSOLUTE
    _printf_percent                          0x00000000   Number         0  stubs.o ABSOLUTE
    _printf_pre_padding                      0x00000000   Number         0  stubs.o ABSOLUTE
    _printf_return_value                     0x00000000   Number         0  stubs.o ABSOLUTE
    _printf_s                                0x00000000   Number         0  stubs.o ABSOLUTE
    _printf_sizespec                         0x00000000   Number         0  stubs.o ABSOLUTE
    _printf_str                              0x00000000   Number         0  stubs.o ABSOLUTE
    _printf_truncate_signed                  0x00000000   Number         0  stubs.o ABSOLUTE
    _printf_truncate_unsigned                0x00000000   Number         0  stubs.o ABSOLUTE
    _printf_u                                0x00000000   Number         0  stubs.o ABSOLUTE
    _printf_wc                               0x00000000   Number         0  stubs.o ABSOLUTE
    _printf_wctomb                           0x00000000   Number         0  stubs.o ABSOLUTE
    _printf_widthprec                        0x00000000   Number         0  stubs.o ABSOLUTE
    _printf_x                                0x00000000   Number         0  stubs.o ABSOLUTE
    __arm_fini_                               - Undefined Weak Reference
    __cpp_initialize__aeabi_                  - Undefined Weak Reference
    __cxa_finalize                            - Undefined Weak Reference
    __decompress                              - Undefined Weak Reference
    _clock_init                               - Undefined Weak Reference
    _microlib_exit                            - Undefined Weak Reference
    _scanf_longlong                           - Undefined Weak Reference
    _scanf_real                               - Undefined Weak Reference
    __Vectors_Size                           0x00000130   Number         0  startup_stm32f10x_hd.o ABSOLUTE
    __Vectors                                0x08000000   Data           4  startup_stm32f10x_hd.o(RESET)
    __Vectors_End                            0x08000130   Data           0  startup_stm32f10x_hd.o(RESET)
    __main                                   0x08000131   Thumb Code     0  entry.o(.ARM.Collect$$$$00000000)
    _main_stk                                0x08000131   Thumb Code     0  entry2.o(.ARM.Collect$$$$00000001)
    _main_scatterload                        0x08000135   Thumb Code     0  entry5.o(.ARM.Collect$$$$00000004)
    __main_after_scatterload                 0x08000139   Thumb Code     0  entry5.o(.ARM.Collect$$$$00000004)
    _main_clock                              0x08000139   Thumb Code     0  entry7b.o(.ARM.Collect$$$$00000008)
    _main_cpp_init                           0x08000139   Thumb Code     0  entry8b.o(.ARM.Collect$$$$0000000A)
    _main_init                               0x08000139   Thumb Code     0  entry9a.o(.ARM.Collect$$$$0000000B)
    __rt_lib_shutdown_fini                   0x08000141   Thumb Code     0  entry12b.o(.ARM.Collect$$$$0000000E)
    __rt_final_cpp                           0x08000145   Thumb Code     0  entry10a.o(.ARM.Collect$$$$0000000F)
    __rt_final_exit                          0x08000145   Thumb Code     0  entry11a.o(.ARM.Collect$$$$00000011)
    Reset_Handler                            0x08000149   Thumb Code     8  startup_stm32f10x_hd.o(.text)
    PendSV_Handler                           0x0800015f   Thumb Code     2  startup_stm32f10x_hd.o(.text)
    ADC1_2_IRQHandler                        0x08000163   Thumb Code     0  startup_stm32f10x_hd.o(.text)
    ADC3_IRQHandler                          0x08000163   Thumb Code     0  startup_stm32f10x_hd.o(.text)
    CAN1_RX1_IRQHandler                      0x08000163   Thumb Code     0  startup_stm32f10x_hd.o(.text)
    CAN1_SCE_IRQHandler                      0x08000163   Thumb Code     0  startup_stm32f10x_hd.o(.text)
    DMA1_Channel1_IRQHandler                 0x08000163   Thumb Code     0  startup_stm32f10x_hd.o(.text)
    DMA1_Channel2_IRQHandler                 0x08000163   Thumb Code     0  startup_stm32f10x_hd.o(.text)
    DMA1_Channel3_IRQHandler                 0x08000163   Thumb Code     0  startup_stm32f10x_hd.o(.text)
    DMA1_Channel4_IRQHandler                 0x08000163   Thumb Code     0  startup_stm32f10x_hd.o(.text)
    DMA1_Channel5_IRQHandler                 0x08000163   Thumb Code     0  startup_stm32f10x_hd.o(.text)
    DMA1_Channel6_IRQHandler                 0x08000163   Thumb Code     0  startup_stm32f10x_hd.o(.text)
    DMA1_Channel7_IRQHandler                 0x08000163   Thumb Code     0  startup_stm32f10x_hd.o(.text)
    DMA2_Channel1_IRQHandler                 0x08000163   Thumb Code     0  startup_stm32f10x_hd.o(.text)
    DMA2_Channel2_IRQHandler                 0x08000163   Thumb Code     0  startup_stm32f10x_hd.o(.text)
    DMA2_Channel3_IRQHandler                 0x08000163   Thumb Code     0  startup_stm32f10x_hd.o(.text)
    DMA2_Channel4_5_IRQHandler               0x08000163   Thumb Code     0  startup_stm32f10x_hd.o(.text)
    EXTI15_10_IRQHandler                     0x08000163   Thumb Code     0  startup_stm32f10x_hd.o(.text)
    EXTI1_IRQHandler                         0x08000163   Thumb Code     0  startup_stm32f10x_hd.o(.text)
    EXTI2_IRQHandler                         0x08000163   Thumb Code     0  startup_stm32f10x_hd.o(.text)
    EXTI3_IRQHandler                         0x08000163   Thumb Code     0  startup_stm32f10x_hd.o(.text)
    EXTI4_IRQHandler                         0x08000163   Thumb Code     0  startup_stm32f10x_hd.o(.text)
    EXTI9_5_IRQHandler                       0x08000163   Thumb Code     0  startup_stm32f10x_hd.o(.text)
    FLASH_IRQHandler                         0x08000163   Thumb Code     0  startup_stm32f10x_hd.o(.text)
    FSMC_IRQHandler                          0x08000163   Thumb Code     0  startup_stm32f10x_hd.o(.text)
    I2C1_ER_IRQHandler                       0x08000163   Thumb Code     0  startup_stm32f10x_hd.o(.text)
    I2C1_EV_IRQHandler                       0x08000163   Thumb Code     0  startup_stm32f10x_hd.o(.text)
    I2C2_ER_IRQHandler                       0x08000163   Thumb Code     0  startup_stm32f10x_hd.o(.text)
    I2C2_EV_IRQHandler                       0x08000163   Thumb Code     0  startup_stm32f10x_hd.o(.text)
    PVD_IRQHandler                           0x08000163   Thumb Code     0  startup_stm32f10x_hd.o(.text)
    RCC_IRQHandler                           0x08000163   Thumb Code     0  startup_stm32f10x_hd.o(.text)
    RTCAlarm_IRQHandler                      0x08000163   Thumb Code     0  startup_stm32f10x_hd.o(.text)
    SDIO_IRQHandler                          0x08000163   Thumb Code     0  startup_stm32f10x_hd.o(.text)
    SPI1_IRQHandler                          0x08000163   Thumb Code     0  startup_stm32f10x_hd.o(.text)
    SPI2_IRQHandler                          0x08000163   Thumb Code     0  startup_stm32f10x_hd.o(.text)
    SPI3_IRQHandler                          0x08000163   Thumb Code     0  startup_stm32f10x_hd.o(.text)
    TAMPER_IRQHandler                        0x08000163   Thumb Code     0  startup_stm32f10x_hd.o(.text)
    TIM1_BRK_IRQHandler                      0x08000163   Thumb Code     0  startup_stm32f10x_hd.o(.text)
    TIM1_CC_IRQHandler                       0x08000163   Thumb Code     0  startup_stm32f10x_hd.o(.text)
    TIM1_TRG_COM_IRQHandler                  0x08000163   Thumb Code     0  startup_stm32f10x_hd.o(.text)
    TIM1_UP_IRQHandler                       0x08000163   Thumb Code     0  startup_stm32f10x_hd.o(.text)
    TIM2_IRQHandler                          0x08000163   Thumb Code     0  startup_stm32f10x_hd.o(.text)
    TIM3_IRQHandler                          0x08000163   Thumb Code     0  startup_stm32f10x_hd.o(.text)
    TIM4_IRQHandler                          0x08000163   Thumb Code     0  startup_stm32f10x_hd.o(.text)
    TIM5_IRQHandler                          0x08000163   Thumb Code     0  startup_stm32f10x_hd.o(.text)
    TIM6_IRQHandler                          0x08000163   Thumb Code     0  startup_stm32f10x_hd.o(.text)
    TIM7_IRQHandler                          0x08000163   Thumb Code     0  startup_stm32f10x_hd.o(.text)
    TIM8_BRK_IRQHandler                      0x08000163   Thumb Code     0  startup_stm32f10x_hd.o(.text)
    TIM8_CC_IRQHandler                       0x08000163   Thumb Code     0  startup_stm32f10x_hd.o(.text)
    TIM8_TRG_COM_IRQHandler                  0x08000163   Thumb Code     0  startup_stm32f10x_hd.o(.text)
    TIM8_UP_IRQHandler                       0x08000163   Thumb Code     0  startup_stm32f10x_hd.o(.text)
    UART4_IRQHandler                         0x08000163   Thumb Code     0  startup_stm32f10x_hd.o(.text)
    UART5_IRQHandler                         0x08000163   Thumb Code     0  startup_stm32f10x_hd.o(.text)
    USART3_IRQHandler                        0x08000163   Thumb Code     0  startup_stm32f10x_hd.o(.text)
    USBWakeUp_IRQHandler                     0x08000163   Thumb Code     0  startup_stm32f10x_hd.o(.text)
    USB_HP_CAN1_TX_IRQHandler                0x08000163   Thumb Code     0  startup_stm32f10x_hd.o(.text)
    USB_LP_CAN1_RX0_IRQHandler               0x08000163   Thumb Code     0  startup_stm32f10x_hd.o(.text)
    WWDG_IRQHandler                          0x08000163   Thumb Code     0  startup_stm32f10x_hd.o(.text)
    tolower                                  0x0800016d   Thumb Code    12  tolower.o(.text)
    __aeabi_memcpy                           0x08000179   Thumb Code    36  memcpya.o(.text)
    __aeabi_memcpy4                          0x08000179   Thumb Code     0  memcpya.o(.text)
    __aeabi_memcpy8                          0x08000179   Thumb Code     0  memcpya.o(.text)
    __aeabi_memset                           0x0800019d   Thumb Code    14  memseta.o(.text)
    __aeabi_memset4                          0x0800019d   Thumb Code     0  memseta.o(.text)
    __aeabi_memset8                          0x0800019d   Thumb Code     0  memseta.o(.text)
    __aeabi_memclr                           0x080001ab   Thumb Code     4  memseta.o(.text)
    __aeabi_memclr4                          0x080001ab   Thumb Code     0  memseta.o(.text)
    __aeabi_memclr8                          0x080001ab   Thumb Code     0  memseta.o(.text)
    _memset$wrapper                          0x080001af   Thumb Code    18  memseta.o(.text)
    strcat                                   0x080001c1   Thumb Code    24  strcat.o(.text)
    strstr                                   0x080001d9   Thumb Code    36  strstr.o(.text)
    strchr                                   0x080001fd   Thumb Code    20  strchr.o(.text)
    strlen                                   0x08000211   Thumb Code    14  strlen.o(.text)
    strncat                                  0x0800021f   Thumb Code    40  strncat.o(.text)
    strcpy                                   0x08000247   Thumb Code    18  strcpy.o(.text)
    strncmp                                  0x08000259   Thumb Code    30  strncmp.o(.text)
    atoi                                     0x08000277   Thumb Code    26  atoi.o(.text)
    __aeabi_dadd                             0x08000291   Thumb Code   322  dadd.o(.text)
    __aeabi_dsub                             0x080003d3   Thumb Code     6  dadd.o(.text)
    __aeabi_drsub                            0x080003d9   Thumb Code     6  dadd.o(.text)
    __aeabi_dmul                             0x080003df   Thumb Code   228  dmul.o(.text)
    __aeabi_i2d                              0x080004c3   Thumb Code    34  dflti.o(.text)
    __aeabi_d2iz                             0x080004e5   Thumb Code    62  dfixi.o(.text)
    __aeabi_cdrcmple                         0x08000525   Thumb Code    48  cdrcmple.o(.text)
    __aeabi_uidiv                            0x08000555   Thumb Code     0  uidiv.o(.text)
    __aeabi_uidivmod                         0x08000555   Thumb Code    44  uidiv.o(.text)
    __aeabi_uldivmod                         0x08000581   Thumb Code    98  uldiv.o(.text)
    __aeabi_llsl                             0x080005e3   Thumb Code    30  llshl.o(.text)
    _ll_shift_l                              0x080005e3   Thumb Code     0  llshl.o(.text)
    __aeabi_llsr                             0x08000601   Thumb Code    32  llushr.o(.text)
    _ll_ushift_r                             0x08000601   Thumb Code     0  llushr.o(.text)
    __aeabi_lasr                             0x08000621   Thumb Code    36  llsshr.o(.text)
    _ll_sshift_r                             0x08000621   Thumb Code     0  llsshr.o(.text)
    _chval                                   0x08000645   Thumb Code    28  _chval.o(.text)
    strtol                                   0x08000661   Thumb Code   112  strtol.o(.text)
    __I$use$fp                               0x080006d1   Thumb Code     0  iusefp.o(.text)
    _double_round                            0x080006d1   Thumb Code    30  depilogue.o(.text)
    _double_epilogue                         0x080006ef   Thumb Code   156  depilogue.o(.text)
    __aeabi_ddiv                             0x0800078b   Thumb Code   222  ddiv.o(.text)
    __ARM_scalbn                             0x08000869   Thumb Code    46  dscalb.o(.text)
    scalbn                                   0x08000869   Thumb Code     0  dscalb.o(.text)
    __aeabi_d2ulz                            0x08000897   Thumb Code    48  dfixul.o(.text)
    __scatterload                            0x080008c9   Thumb Code    28  init.o(.text)
    __scatterload_rt2                        0x080008c9   Thumb Code     0  init.o(.text)
    __rt_ctype_table                         0x080008ed   Thumb Code     4  ctype_o.o(.text)
    _strtoul                                 0x080008f5   Thumb Code   158  _strtoul.o(.text)
    _dsqrt                                   0x08000993   Thumb Code   162  dsqrt.o(.text)
    BASE64_Decode                            0x08000a35   Thumb Code   360  base64.o(i.BASE64_Decode)
    BASE64_Encode                            0x08000ba1   Thumb Code   320  base64.o(i.BASE64_Encode)
    BusFault_Handler                         0x08000ce5   Thumb Code    12  stm32f10x_it.o(i.BusFault_Handler)
    DHT11_Check                              0x08000d31   Thumb Code    88  dht11.o(i.DHT11_Check)
    DHT11_Init                               0x08000d8d   Thumb Code    58  dht11.o(i.DHT11_Init)
    DHT11_Mode                               0x08000dcd   Thumb Code    52  dht11.o(i.DHT11_Mode)
    DHT11_Read_Bit                           0x08000e05   Thumb Code    88  dht11.o(i.DHT11_Read_Bit)
    DHT11_Read_Byte                          0x08000e61   Thumb Code    30  dht11.o(i.DHT11_Read_Byte)
    DHT11_Read_Data                          0x08000e7f   Thumb Code   110  dht11.o(i.DHT11_Read_Data)
    DHT11_Rst                                0x08000eed   Thumb Code    42  dht11.o(i.DHT11_Rst)
    DebugMon_Handler                         0x08000f1d   Thumb Code     2  stm32f10x_it.o(i.DebugMon_Handler)
    Delay_Init                               0x08000f21   Thumb Code    48  delay.o(i.Delay_Init)
    ESP8266_Clear                            0x08000f59   Thumb Code    20  esp8266.o(i.ESP8266_Clear)
    ESP8266_GetIPD                           0x08000f75   Thumb Code    68  esp8266.o(i.ESP8266_GetIPD)
    ESP8266_Init                             0x08000fc5   Thumb Code   136  esp8266.o(i.ESP8266_Init)
    ESP8266_SendCmd                          0x080010ed   Thumb Code    76  esp8266.o(i.ESP8266_SendCmd)
    ESP8266_SendData                         0x08001141   Thumb Code    46  esp8266.o(i.ESP8266_SendData)
    ESP8266_WaitRecive                       0x08001189   Thumb Code    42  esp8266.o(i.ESP8266_WaitRecive)
    EXTI0_IRQHandler                         0x080011bd   Thumb Code     2  stm32f10x_it.o(i.EXTI0_IRQHandler)
    GPIO_Init                                0x080011bf   Thumb Code   278  stm32f10x_gpio.o(i.GPIO_Init)
    GPIO_ReadInputDataBit                    0x080012d5   Thumb Code    18  stm32f10x_gpio.o(i.GPIO_ReadInputDataBit)
    GPIO_ResetBits                           0x080012e7   Thumb Code     4  stm32f10x_gpio.o(i.GPIO_ResetBits)
    GPIO_SetBits                             0x080012eb   Thumb Code     4  stm32f10x_gpio.o(i.GPIO_SetBits)
    HardFault_Handler                        0x080012f1   Thumb Code    12  stm32f10x_it.o(i.HardFault_Handler)
    IIC_delay                                0x0800133d   Thumb Code    16  oled.o(i.IIC_delay)
    LED_Init                                 0x0800134d   Thumb Code    48  led.o(i.LED_Init)
    MQTT_DeleteBuffer                        0x08001381   Thumb Code    28  mqttkit.o(i.MQTT_DeleteBuffer)
    MQTT_DumpLength                          0x0800139d   Thumb Code    46  mqttkit.o(i.MQTT_DumpLength)
    MQTT_NewBuffer                           0x080013cb   Thumb Code    88  mqttkit.o(i.MQTT_NewBuffer)
    MQTT_PacketConnect                       0x08001425   Thumb Code   666  mqttkit.o(i.MQTT_PacketConnect)
    MQTT_PacketPublish                       0x080016c5   Thumb Code   440  mqttkit.o(i.MQTT_PacketPublish)
    MQTT_PacketSaveData                      0x0800187d   Thumb Code    68  mqttkit.o(i.MQTT_PacketSaveData)
    MQTT_PacketSubscribe                     0x080018e1   Thumb Code   254  mqttkit.o(i.MQTT_PacketSubscribe)
    MQTT_ReadLength                          0x080019df   Thumb Code    70  mqttkit.o(i.MQTT_ReadLength)
    MQTT_UnPacketConnectAck                  0x08001a25   Thumb Code    30  mqttkit.o(i.MQTT_UnPacketConnectAck)
    MQTT_UnPacketPublish                     0x08001a45   Thumb Code   438  mqttkit.o(i.MQTT_UnPacketPublish)
    MQTT_UnPacketPublishAck                  0x08001c05   Thumb Code    30  mqttkit.o(i.MQTT_UnPacketPublishAck)
    MQTT_UnPacketRecv                        0x08001c25   Thumb Code   106  mqttkit.o(i.MQTT_UnPacketRecv)
    MQTT_UnPacketSubscribe                   0x08001c99   Thumb Code    52  mqttkit.o(i.MQTT_UnPacketSubscribe)
    MemManage_Handler                        0x08001ccd   Thumb Code    12  stm32f10x_it.o(i.MemManage_Handler)
    NMI_Handler                              0x08001d19   Thumb Code     2  stm32f10x_it.o(i.NMI_Handler)
    NVIC_Init                                0x08001d1d   Thumb Code   100  misc.o(i.NVIC_Init)
    NVIC_PriorityGroupConfig                 0x08001d8d   Thumb Code    10  misc.o(i.NVIC_PriorityGroupConfig)
    OLED_Clear                               0x08001da1   Thumb Code    42  oled.o(i.OLED_Clear)
    OLED_DrawPoint                           0x08001dd1   Thumb Code   114  oled.o(i.OLED_DrawPoint)
    OLED_I2C_Start                           0x08001e49   Thumb Code    56  oled.o(i.OLED_I2C_Start)
    OLED_I2C_Stop                            0x08001e85   Thumb Code    38  oled.o(i.OLED_I2C_Stop)
    OLED_I2C_WaitAck                         0x08001eb1   Thumb Code    46  oled.o(i.OLED_I2C_WaitAck)
    OLED_Init                                0x08001ee5   Thumb Code   294  oled.o(i.OLED_Init)
    OLED_Pow                                 0x08002011   Thumb Code    22  oled.o(i.OLED_Pow)
    OLED_Refresh                             0x08002029   Thumb Code   100  oled.o(i.OLED_Refresh)
    OLED_Send_Byte                           0x08002091   Thumb Code    78  oled.o(i.OLED_Send_Byte)
    OLED_ShowChar                            0x080020e5   Thumb Code   300  oled.o(i.OLED_ShowChar)
    OLED_ShowChinese                         0x08002221   Thumb Code   244  oled.o(i.OLED_ShowChinese)
    OLED_ShowNum                             0x08002325   Thumb Code   148  oled.o(i.OLED_ShowNum)
    OLED_ShowString                          0x080023b9   Thumb Code    78  oled.o(i.OLED_ShowString)
    OLED_WR_Byte                             0x08002407   Thumb Code    56  oled.o(i.OLED_WR_Byte)
    OneNET_Publish                           0x080026f5   Thumb Code    86  onenet.o(i.OneNET_Publish)
    OneNET_Subscribe                         0x08002771   Thumb Code    82  onenet.o(i.OneNET_Subscribe)
    OneNet_DevLink                           0x08002811   Thumb Code   242  onenet.o(i.OneNet_DevLink)
    OneNet_FillBuf                           0x08002a8d   Thumb Code   126  onenet.o(i.OneNet_FillBuf)
    OneNet_RevPro                            0x08002b7d   Thumb Code   558  onenet.o(i.OneNet_RevPro)
    OneNet_SendData                          0x08002eed   Thumb Code   130  onenet.o(i.OneNet_SendData)
    RCC_APB1PeriphClockCmd                   0x08002fd5   Thumb Code    26  stm32f10x_rcc.o(i.RCC_APB1PeriphClockCmd)
    RCC_APB2PeriphClockCmd                   0x08002ff5   Thumb Code    26  stm32f10x_rcc.o(i.RCC_APB2PeriphClockCmd)
    RCC_GetClocksFreq                        0x08003015   Thumb Code   192  stm32f10x_rcc.o(i.RCC_GetClocksFreq)
    RTC_IRQHandler                           0x080030e9   Thumb Code     2  stm32f10x_it.o(i.RTC_IRQHandler)
    SVC_Handler                              0x080030eb   Thumb Code     2  stm32f10x_it.o(i.SVC_Handler)
    SysTick_Handler                          0x080031d5   Thumb Code     2  stm32f10x_it.o(i.SysTick_Handler)
    SystemInit                               0x080031d9   Thumb Code    78  system_stm32f10x.o(i.SystemInit)
    USART1_IRQHandler                        0x08003239   Thumb Code    24  usart.o(i.USART1_IRQHandler)
    USART2_IRQHandler                        0x08003255   Thumb Code    64  esp8266.o(i.USART2_IRQHandler)
    USART_ClearFlag                          0x080032a1   Thumb Code    18  stm32f10x_usart.o(i.USART_ClearFlag)
    USART_Cmd                                0x080032b3   Thumb Code    24  stm32f10x_usart.o(i.USART_Cmd)
    USART_GetFlagStatus                      0x080032cb   Thumb Code    26  stm32f10x_usart.o(i.USART_GetFlagStatus)
    USART_GetITStatus                        0x080032e5   Thumb Code    84  stm32f10x_usart.o(i.USART_GetITStatus)
    USART_ITConfig                           0x08003339   Thumb Code    74  stm32f10x_usart.o(i.USART_ITConfig)
    USART_Init                               0x08003385   Thumb Code   210  stm32f10x_usart.o(i.USART_Init)
    USART_SendData                           0x0800345d   Thumb Code     8  stm32f10x_usart.o(i.USART_SendData)
    UsageFault_Handler                       0x08003465   Thumb Code    12  stm32f10x_it.o(i.UsageFault_Handler)
    Usart1_Init                              0x080034b5   Thumb Code   166  usart.o(i.Usart1_Init)
    Usart2_Init                              0x08003565   Thumb Code   162  usart.o(i.Usart2_Init)
    UsartPrintf                              0x08003611   Thumb Code    72  usart.o(i.UsartPrintf)
    Usart_SendString                         0x08003659   Thumb Code    50  usart.o(i.Usart_SendString)
    __0snprintf                              0x0800368d   Thumb Code    48  printfa.o(i.__0snprintf)
    __1snprintf                              0x0800368d   Thumb Code     0  printfa.o(i.__0snprintf)
    __2snprintf                              0x0800368d   Thumb Code     0  printfa.o(i.__0snprintf)
    __c89snprintf                            0x0800368d   Thumb Code     0  printfa.o(i.__0snprintf)
    snprintf                                 0x0800368d   Thumb Code     0  printfa.o(i.__0snprintf)
    __0sprintf                               0x080036c1   Thumb Code    34  printfa.o(i.__0sprintf)
    __1sprintf                               0x080036c1   Thumb Code     0  printfa.o(i.__0sprintf)
    __2sprintf                               0x080036c1   Thumb Code     0  printfa.o(i.__0sprintf)
    __c89sprintf                             0x080036c1   Thumb Code     0  printfa.o(i.__0sprintf)
    sprintf                                  0x080036c1   Thumb Code     0  printfa.o(i.__0sprintf)
    __0vsnprintf                             0x080036e9   Thumb Code    46  printfa.o(i.__0vsnprintf)
    __1vsnprintf                             0x080036e9   Thumb Code     0  printfa.o(i.__0vsnprintf)
    __2vsnprintf                             0x080036e9   Thumb Code     0  printfa.o(i.__0vsnprintf)
    __c89vsnprintf                           0x080036e9   Thumb Code     0  printfa.o(i.__0vsnprintf)
    vsnprintf                                0x080036e9   Thumb Code     0  printfa.o(i.__0vsnprintf)
    __ARM_fpclassify                         0x0800371d   Thumb Code    40  fpclassify.o(i.__ARM_fpclassify)
    __aeabi_errno_addr                       0x08003745   Thumb Code     4  errno.o(i.__aeabi_errno_addr)
    __rt_errno_addr                          0x08003745   Thumb Code     0  errno.o(i.__aeabi_errno_addr)
    __kernel_poly                            0x0800374d   Thumb Code   170  poly.o(i.__kernel_poly)
    __mathlib_dbl_divzero                    0x080037f9   Thumb Code    12  dunder.o(i.__mathlib_dbl_divzero)
    __mathlib_dbl_infnan2                    0x08003809   Thumb Code     4  dunder.o(i.__mathlib_dbl_infnan2)
    __mathlib_dbl_invalid                    0x0800380d   Thumb Code    12  dunder.o(i.__mathlib_dbl_invalid)
    __mathlib_dbl_overflow                   0x08003819   Thumb Code    14  dunder.o(i.__mathlib_dbl_overflow)
    __mathlib_dbl_underflow                  0x08003829   Thumb Code    10  dunder.o(i.__mathlib_dbl_underflow)
    __scatterload_copy                       0x08003839   Thumb Code    14  handlers.o(i.__scatterload_copy)
    __scatterload_null                       0x08003847   Thumb Code     2  handlers.o(i.__scatterload_null)
    __scatterload_zeroinit                   0x08003849   Thumb Code    14  handlers.o(i.__scatterload_zeroinit)
    __set_errno                              0x08003859   Thumb Code     6  errno.o(i.__set_errno)
    cJSON_Delete                             0x08004111   Thumb Code    82  cjson.o(i.cJSON_Delete)
    cJSON_GetObjectItem                      0x08004169   Thumb Code    30  cjson.o(i.cJSON_GetObjectItem)
    cJSON_Parse                              0x080041a9   Thumb Code    16  cjson.o(i.cJSON_Parse)
    cJSON_ParseWithOpts                      0x080041b9   Thumb Code    96  cjson.o(i.cJSON_ParseWithOpts)
    delay_ms                                 0x08004269   Thumb Code    66  delay.o(i.delay_ms)
    delay_us                                 0x080042b1   Thumb Code    60  delay.o(i.delay_us)
    free                                     0x080042f1   Thumb Code    76  malloc.o(i.free)
    ft                                       0x08004341   Thumb Code    76  hmac_sha1.o(i.ft)
    hmac_sha1                                0x0800438d   Thumb Code   330  hmac_sha1.o(i.hmac_sha1)
    k                                        0x080044d9   Thumb Code    34  hmac_sha1.o(i.k)
    main                                     0x0800450d   Thumb Code   604  main.o(i.main)
    malloc                                   0x08004849   Thumb Code    92  malloc.o(i.malloc)
    pow                                      0x08004fcd   Thumb Code  2512  pow.o(i.pow)
    rotl                                     0x080059a5   Thumb Code    46  hmac_sha1.o(i.rotl)
    sha1                                     0x080059d5   Thumb Code   632  hmac_sha1.o(i.sha1)
    sqrt                                     0x08005c6b   Thumb Code    76  sqrt.o(i.sqrt)
    asc2_0806                                0x08005cb6   Data         552  oled.o(.constdata)
    asc2_1206                                0x08005ede   Data        1140  oled.o(.constdata)
    asc2_1608                                0x08006352   Data        1520  oled.o(.constdata)
    asc2_2412                                0x08006942   Data        3420  oled.o(.constdata)
    Hzk1                                     0x0800769e   Data         320  oled.o(.constdata)
    Hzk2                                     0x080077de   Data          72  oled.o(.constdata)
    Hzk3                                     0x08007826   Data         128  oled.o(.constdata)
    Hzk4                                     0x080078a6   Data         512  oled.o(.constdata)
    __mathlib_zero                           0x08007bf8   Data           8  qnan.o(.constdata)
    __ctype_table                            0x08007c00   Data         129  ctype_o.o(.constdata)
    Region$$Table$$Base                      0x08007cd0   Number         0  anon$$obj.o(Region$$Table)
    Region$$Table$$Limit                     0x08007cf0   Number         0  anon$$obj.o(Region$$Table)
    UsCount                                  0x20000014   Data           1  delay.o(.data)
    MsCount                                  0x20000016   Data           2  delay.o(.data)
    temperature                              0x20000018   Data           1  main.o(.data)
    humidity                                 0x20000019   Data           1  main.o(.data)
    temperature_temp                         0x2000001a   Data           1  main.o(.data)
    humidity_temp                            0x2000001b   Data           1  main.o(.data)
    auto_manual_mode                         0x2000001c   Data           1  onenet.o(.data)
    key_val                                  0x2000001d   Data           1  onenet.o(.data)
    esp8266_cnt                              0x2000002c   Data           2  esp8266.o(.data)
    esp8266_cntPre                           0x2000002e   Data           2  esp8266.o(.data)
    __microlib_freelist                      0x20000030   Data           4  mvars.o(.data)
    __microlib_freelist_initialised          0x20000034   Data           4  mvars.o(.data)
    OLED_GRAM                                0x2000003c   Data        1152  oled.o(.bss)
    esp8266_buf                              0x200004bc   Data         512  esp8266.o(.bss)
    __heap_base                              0x200006c0   Data           0  startup_stm32f10x_hd.o(HEAP)
    __heap_limit                             0x200012c0   Data           0  startup_stm32f10x_hd.o(HEAP)
    __initial_sp                             0x20001ec0   Data           0  startup_stm32f10x_hd.o(STACK)



==============================================================================

Memory Map of the image

  Image Entry point : 0x08000131

  Load Region LR_IROM1 (Base: 0x08000000, Size: 0x00007d2c, Max: 0x00010000, ABSOLUTE)

    Execution Region ER_IROM1 (Exec base: 0x08000000, Load base: 0x08000000, Size: 0x00007cf0, Max: 0x00010000, ABSOLUTE)

    Exec Addr    Load Addr    Size         Type   Attr      Idx    E Section Name        Object

    0x08000000   0x08000000   0x00000130   Data   RO          209    RESET               startup_stm32f10x_hd.o
    0x08000130   0x08000130   0x00000000   Code   RO         1910  * .ARM.Collect$$$$00000000  mc_w.l(entry.o)
    0x08000130   0x08000130   0x00000004   Code   RO         2273    .ARM.Collect$$$$00000001  mc_w.l(entry2.o)
    0x08000134   0x08000134   0x00000004   Code   RO         2276    .ARM.Collect$$$$00000004  mc_w.l(entry5.o)
    0x08000138   0x08000138   0x00000000   Code   RO         2278    .ARM.Collect$$$$00000008  mc_w.l(entry7b.o)
    0x08000138   0x08000138   0x00000000   Code   RO         2280    .ARM.Collect$$$$0000000A  mc_w.l(entry8b.o)
    0x08000138   0x08000138   0x00000008   Code   RO         2281    .ARM.Collect$$$$0000000B  mc_w.l(entry9a.o)
    0x08000140   0x08000140   0x00000004   Code   RO         2288    .ARM.Collect$$$$0000000E  mc_w.l(entry12b.o)
    0x08000144   0x08000144   0x00000000   Code   RO         2283    .ARM.Collect$$$$0000000F  mc_w.l(entry10a.o)
    0x08000144   0x08000144   0x00000000   Code   RO         2285    .ARM.Collect$$$$00000011  mc_w.l(entry11a.o)
    0x08000144   0x08000144   0x00000004   Code   RO         2274    .ARM.Collect$$$$00002712  mc_w.l(entry2.o)
    0x08000148   0x08000148   0x00000024   Code   RO          210    .text               startup_stm32f10x_hd.o
    0x0800016c   0x0800016c   0x0000000c   Code   RO         1913    .text               mc_w.l(tolower.o)
    0x08000178   0x08000178   0x00000024   Code   RO         1915    .text               mc_w.l(memcpya.o)
    0x0800019c   0x0800019c   0x00000024   Code   RO         1917    .text               mc_w.l(memseta.o)
    0x080001c0   0x080001c0   0x00000018   Code   RO         1919    .text               mc_w.l(strcat.o)
    0x080001d8   0x080001d8   0x00000024   Code   RO         1921    .text               mc_w.l(strstr.o)
    0x080001fc   0x080001fc   0x00000014   Code   RO         1923    .text               mc_w.l(strchr.o)
    0x08000210   0x08000210   0x0000000e   Code   RO         1925    .text               mc_w.l(strlen.o)
    0x0800021e   0x0800021e   0x00000028   Code   RO         1927    .text               mc_w.l(strncat.o)
    0x08000246   0x08000246   0x00000012   Code   RO         1929    .text               mc_w.l(strcpy.o)
    0x08000258   0x08000258   0x0000001e   Code   RO         1931    .text               mc_w.l(strncmp.o)
    0x08000276   0x08000276   0x0000001a   Code   RO         2230    .text               mc_w.l(atoi.o)
    0x08000290   0x08000290   0x0000014e   Code   RO         2232    .text               mf_w.l(dadd.o)
    0x080003de   0x080003de   0x000000e4   Code   RO         2234    .text               mf_w.l(dmul.o)
    0x080004c2   0x080004c2   0x00000022   Code   RO         2236    .text               mf_w.l(dflti.o)
    0x080004e4   0x080004e4   0x0000003e   Code   RO         2238    .text               mf_w.l(dfixi.o)
    0x08000522   0x08000522   0x00000002   PAD
    0x08000524   0x08000524   0x00000030   Code   RO         2244    .text               mf_w.l(cdrcmple.o)
    0x08000554   0x08000554   0x0000002c   Code   RO         2292    .text               mc_w.l(uidiv.o)
    0x08000580   0x08000580   0x00000062   Code   RO         2294    .text               mc_w.l(uldiv.o)
    0x080005e2   0x080005e2   0x0000001e   Code   RO         2296    .text               mc_w.l(llshl.o)
    0x08000600   0x08000600   0x00000020   Code   RO         2298    .text               mc_w.l(llushr.o)
    0x08000620   0x08000620   0x00000024   Code   RO         2300    .text               mc_w.l(llsshr.o)
    0x08000644   0x08000644   0x0000001c   Code   RO         2311    .text               mc_w.l(_chval.o)
    0x08000660   0x08000660   0x00000070   Code   RO         2317    .text               mc_w.l(strtol.o)
    0x080006d0   0x080006d0   0x00000000   Code   RO         2319    .text               mc_w.l(iusefp.o)
    0x080006d0   0x080006d0   0x000000ba   Code   RO         2320    .text               mf_w.l(depilogue.o)
    0x0800078a   0x0800078a   0x000000de   Code   RO         2322    .text               mf_w.l(ddiv.o)
    0x08000868   0x08000868   0x0000002e   Code   RO         2324    .text               mf_w.l(dscalb.o)
    0x08000896   0x08000896   0x00000030   Code   RO         2326    .text               mf_w.l(dfixul.o)
    0x080008c6   0x080008c6   0x00000002   PAD
    0x080008c8   0x080008c8   0x00000024   Code   RO         2328    .text               mc_w.l(init.o)
    0x080008ec   0x080008ec   0x00000008   Code   RO         2333    .text               mc_w.l(ctype_o.o)
    0x080008f4   0x080008f4   0x0000009e   Code   RO         2363    .text               mc_w.l(_strtoul.o)
    0x08000992   0x08000992   0x000000a2   Code   RO         2366    .text               mf_w.l(dsqrt.o)
    0x08000a34   0x08000a34   0x0000016c   Code   RO         1274    i.BASE64_Decode     base64.o
    0x08000ba0   0x08000ba0   0x00000144   Code   RO         1275    i.BASE64_Encode     base64.o
    0x08000ce4   0x08000ce4   0x0000004c   Code   RO           17    i.BusFault_Handler  stm32f10x_it.o
    0x08000d30   0x08000d30   0x0000005c   Code   RO          846    i.DHT11_Check       dht11.o
    0x08000d8c   0x08000d8c   0x00000040   Code   RO          847    i.DHT11_Init        dht11.o
    0x08000dcc   0x08000dcc   0x00000038   Code   RO          848    i.DHT11_Mode        dht11.o
    0x08000e04   0x08000e04   0x0000005c   Code   RO          849    i.DHT11_Read_Bit    dht11.o
    0x08000e60   0x08000e60   0x0000001e   Code   RO          850    i.DHT11_Read_Byte   dht11.o
    0x08000e7e   0x08000e7e   0x0000006e   Code   RO          851    i.DHT11_Read_Data   dht11.o
    0x08000eec   0x08000eec   0x00000030   Code   RO          852    i.DHT11_Rst         dht11.o
    0x08000f1c   0x08000f1c   0x00000002   Code   RO           18    i.DebugMon_Handler  stm32f10x_it.o
    0x08000f1e   0x08000f1e   0x00000002   PAD
    0x08000f20   0x08000f20   0x00000038   Code   RO          770    i.Delay_Init        delay.o
    0x08000f58   0x08000f58   0x0000001c   Code   RO         1844    i.ESP8266_Clear     esp8266.o
    0x08000f74   0x08000f74   0x00000050   Code   RO         1845    i.ESP8266_GetIPD    esp8266.o
    0x08000fc4   0x08000fc4   0x00000128   Code   RO         1846    i.ESP8266_Init      esp8266.o
    0x080010ec   0x080010ec   0x00000054   Code   RO         1847    i.ESP8266_SendCmd   esp8266.o
    0x08001140   0x08001140   0x00000048   Code   RO         1848    i.ESP8266_SendData  esp8266.o
    0x08001188   0x08001188   0x00000034   Code   RO         1849    i.ESP8266_WaitRecive  esp8266.o
    0x080011bc   0x080011bc   0x00000002   Code   RO           19    i.EXTI0_IRQHandler  stm32f10x_it.o
    0x080011be   0x080011be   0x00000116   Code   RO          282    i.GPIO_Init         stm32f10x_gpio.o
    0x080012d4   0x080012d4   0x00000012   Code   RO          286    i.GPIO_ReadInputDataBit  stm32f10x_gpio.o
    0x080012e6   0x080012e6   0x00000004   Code   RO          289    i.GPIO_ResetBits    stm32f10x_gpio.o
    0x080012ea   0x080012ea   0x00000004   Code   RO          290    i.GPIO_SetBits      stm32f10x_gpio.o
    0x080012ee   0x080012ee   0x00000002   PAD
    0x080012f0   0x080012f0   0x0000004c   Code   RO           20    i.HardFault_Handler  stm32f10x_it.o
    0x0800133c   0x0800133c   0x00000010   Code   RO          928    i.IIC_delay         oled.o
    0x0800134c   0x0800134c   0x00000034   Code   RO         1085    i.LED_Init          led.o
    0x08001380   0x08001380   0x0000001c   Code   RO         1660    i.MQTT_DeleteBuffer  mqttkit.o
    0x0800139c   0x0800139c   0x0000002e   Code   RO         1661    i.MQTT_DumpLength   mqttkit.o
    0x080013ca   0x080013ca   0x00000058   Code   RO         1662    i.MQTT_NewBuffer    mqttkit.o
    0x08001422   0x08001422   0x00000002   PAD
    0x08001424   0x08001424   0x000002a0   Code   RO         1664    i.MQTT_PacketConnect  mqttkit.o
    0x080016c4   0x080016c4   0x000001b8   Code   RO         1667    i.MQTT_PacketPublish  mqttkit.o
    0x0800187c   0x0800187c   0x00000064   Code   RO         1673    i.MQTT_PacketSaveData  mqttkit.o
    0x080018e0   0x080018e0   0x000000fe   Code   RO         1674    i.MQTT_PacketSubscribe  mqttkit.o
    0x080019de   0x080019de   0x00000046   Code   RO         1676    i.MQTT_ReadLength   mqttkit.o
    0x08001a24   0x08001a24   0x0000001e   Code   RO         1678    i.MQTT_UnPacketConnectAck  mqttkit.o
    0x08001a42   0x08001a42   0x00000002   PAD
    0x08001a44   0x08001a44   0x000001c0   Code   RO         1679    i.MQTT_UnPacketPublish  mqttkit.o
    0x08001c04   0x08001c04   0x0000001e   Code   RO         1680    i.MQTT_UnPacketPublishAck  mqttkit.o
    0x08001c22   0x08001c22   0x00000002   PAD
    0x08001c24   0x08001c24   0x00000074   Code   RO         1684    i.MQTT_UnPacketRecv  mqttkit.o
    0x08001c98   0x08001c98   0x00000034   Code   RO         1685    i.MQTT_UnPacketSubscribe  mqttkit.o
    0x08001ccc   0x08001ccc   0x0000004c   Code   RO           21    i.MemManage_Handler  stm32f10x_it.o
    0x08001d18   0x08001d18   0x00000002   Code   RO           22    i.NMI_Handler       stm32f10x_it.o
    0x08001d1a   0x08001d1a   0x00000002   PAD
    0x08001d1c   0x08001d1c   0x00000070   Code   RO          214    i.NVIC_Init         misc.o
    0x08001d8c   0x08001d8c   0x00000014   Code   RO          215    i.NVIC_PriorityGroupConfig  misc.o
    0x08001da0   0x08001da0   0x00000030   Code   RO          929    i.OLED_Clear        oled.o
    0x08001dd0   0x08001dd0   0x00000078   Code   RO          936    i.OLED_DrawPoint    oled.o
    0x08001e48   0x08001e48   0x0000003c   Code   RO          937    i.OLED_I2C_Start    oled.o
    0x08001e84   0x08001e84   0x0000002c   Code   RO          938    i.OLED_I2C_Stop     oled.o
    0x08001eb0   0x08001eb0   0x00000034   Code   RO          939    i.OLED_I2C_WaitAck  oled.o
    0x08001ee4   0x08001ee4   0x0000012c   Code   RO          940    i.OLED_Init         oled.o
    0x08002010   0x08002010   0x00000016   Code   RO          941    i.OLED_Pow          oled.o
    0x08002026   0x08002026   0x00000002   PAD
    0x08002028   0x08002028   0x00000068   Code   RO          942    i.OLED_Refresh      oled.o
    0x08002090   0x08002090   0x00000054   Code   RO          944    i.OLED_Send_Byte    oled.o
    0x080020e4   0x080020e4   0x0000013c   Code   RO          945    i.OLED_ShowChar     oled.o
    0x08002220   0x08002220   0x00000104   Code   RO          946    i.OLED_ShowChinese  oled.o
    0x08002324   0x08002324   0x00000094   Code   RO          947    i.OLED_ShowNum      oled.o
    0x080023b8   0x080023b8   0x0000004e   Code   RO          949    i.OLED_ShowString   oled.o
    0x08002406   0x08002406   0x00000038   Code   RO          950    i.OLED_WR_Byte      oled.o
    0x0800243e   0x0800243e   0x00000002   PAD
    0x08002440   0x08002440   0x00000118   Code   RO         1133    i.OTA_UrlEncode     onenet.o
    0x08002558   0x08002558   0x0000019c   Code   RO         1134    i.OneNET_Authorization  onenet.o
    0x080026f4   0x080026f4   0x0000007c   Code   RO         1135    i.OneNET_Publish    onenet.o
    0x08002770   0x08002770   0x000000a0   Code   RO         1137    i.OneNET_Subscribe  onenet.o
    0x08002810   0x08002810   0x0000027c   Code   RO         1138    i.OneNet_DevLink    onenet.o
    0x08002a8c   0x08002a8c   0x000000f0   Code   RO         1139    i.OneNet_FillBuf    onenet.o
    0x08002b7c   0x08002b7c   0x00000370   Code   RO         1140    i.OneNet_RevPro     onenet.o
    0x08002eec   0x08002eec   0x000000e8   Code   RO         1141    i.OneNet_SendData   onenet.o
    0x08002fd4   0x08002fd4   0x00000020   Code   RO          392    i.RCC_APB1PeriphClockCmd  stm32f10x_rcc.o
    0x08002ff4   0x08002ff4   0x00000020   Code   RO          394    i.RCC_APB2PeriphClockCmd  stm32f10x_rcc.o
    0x08003014   0x08003014   0x000000d4   Code   RO          402    i.RCC_GetClocksFreq  stm32f10x_rcc.o
    0x080030e8   0x080030e8   0x00000002   Code   RO           23    i.RTC_IRQHandler    stm32f10x_it.o
    0x080030ea   0x080030ea   0x00000002   Code   RO           24    i.SVC_Handler       stm32f10x_it.o
    0x080030ec   0x080030ec   0x00000008   Code   RO          173    i.SetSysClock       system_stm32f10x.o
    0x080030f4   0x080030f4   0x000000e0   Code   RO          174    i.SetSysClockTo72   system_stm32f10x.o
    0x080031d4   0x080031d4   0x00000002   Code   RO           25    i.SysTick_Handler   stm32f10x_it.o
    0x080031d6   0x080031d6   0x00000002   PAD
    0x080031d8   0x080031d8   0x00000060   Code   RO          176    i.SystemInit        system_stm32f10x.o
    0x08003238   0x08003238   0x0000001c   Code   RO          800    i.USART1_IRQHandler  usart.o
    0x08003254   0x08003254   0x0000004c   Code   RO         1850    i.USART2_IRQHandler  esp8266.o
    0x080032a0   0x080032a0   0x00000012   Code   RO          590    i.USART_ClearFlag   stm32f10x_usart.o
    0x080032b2   0x080032b2   0x00000018   Code   RO          594    i.USART_Cmd         stm32f10x_usart.o
    0x080032ca   0x080032ca   0x0000001a   Code   RO          597    i.USART_GetFlagStatus  stm32f10x_usart.o
    0x080032e4   0x080032e4   0x00000054   Code   RO          598    i.USART_GetITStatus  stm32f10x_usart.o
    0x08003338   0x08003338   0x0000004a   Code   RO          600    i.USART_ITConfig    stm32f10x_usart.o
    0x08003382   0x08003382   0x00000002   PAD
    0x08003384   0x08003384   0x000000d8   Code   RO          601    i.USART_Init        stm32f10x_usart.o
    0x0800345c   0x0800345c   0x00000008   Code   RO          611    i.USART_SendData    stm32f10x_usart.o
    0x08003464   0x08003464   0x00000050   Code   RO           26    i.UsageFault_Handler  stm32f10x_it.o
    0x080034b4   0x080034b4   0x000000b0   Code   RO          801    i.Usart1_Init       usart.o
    0x08003564   0x08003564   0x000000ac   Code   RO          802    i.Usart2_Init       usart.o
    0x08003610   0x08003610   0x00000048   Code   RO          803    i.UsartPrintf       usart.o
    0x08003658   0x08003658   0x00000032   Code   RO          804    i.Usart_SendString  usart.o
    0x0800368a   0x0800368a   0x00000002   PAD
    0x0800368c   0x0800368c   0x00000034   Code   RO         2169    i.__0snprintf       mc_w.l(printfa.o)
    0x080036c0   0x080036c0   0x00000028   Code   RO         2170    i.__0sprintf        mc_w.l(printfa.o)
    0x080036e8   0x080036e8   0x00000034   Code   RO         2173    i.__0vsnprintf      mc_w.l(printfa.o)
    0x0800371c   0x0800371c   0x00000028   Code   RO         2260    i.__ARM_fpclassify  m_ws.l(fpclassify.o)
    0x08003744   0x08003744   0x00000008   Code   RO         2304    i.__aeabi_errno_addr  mc_w.l(errno.o)
    0x0800374c   0x0800374c   0x000000aa   Code   RO         2262    i.__kernel_poly     m_ws.l(poly.o)
    0x080037f6   0x080037f6   0x00000002   PAD
    0x080037f8   0x080037f8   0x00000010   Code   RO         2246    i.__mathlib_dbl_divzero  m_ws.l(dunder.o)
    0x08003808   0x08003808   0x00000004   Code   RO         2248    i.__mathlib_dbl_infnan2  m_ws.l(dunder.o)
    0x0800380c   0x0800380c   0x0000000c   Code   RO         2249    i.__mathlib_dbl_invalid  m_ws.l(dunder.o)
    0x08003818   0x08003818   0x0000000e   Code   RO         2250    i.__mathlib_dbl_overflow  m_ws.l(dunder.o)
    0x08003826   0x08003826   0x00000002   PAD
    0x08003828   0x08003828   0x00000010   Code   RO         2252    i.__mathlib_dbl_underflow  m_ws.l(dunder.o)
    0x08003838   0x08003838   0x0000000e   Code   RO         2373    i.__scatterload_copy  mc_w.l(handlers.o)
    0x08003846   0x08003846   0x00000002   Code   RO         2374    i.__scatterload_null  mc_w.l(handlers.o)
    0x08003848   0x08003848   0x0000000e   Code   RO         2375    i.__scatterload_zeroinit  mc_w.l(handlers.o)
    0x08003856   0x08003856   0x00000002   PAD
    0x08003858   0x08003858   0x0000000c   Code   RO         2306    i.__set_errno       mc_w.l(errno.o)
    0x08003864   0x08003864   0x00000184   Code   RO         2175    i._fp_digits        mc_w.l(printfa.o)
    0x080039e8   0x080039e8   0x000006b4   Code   RO         2176    i._printf_core      mc_w.l(printfa.o)
    0x0800409c   0x0800409c   0x00000024   Code   RO         2177    i._printf_post_padding  mc_w.l(printfa.o)
    0x080040c0   0x080040c0   0x0000002e   Code   RO         2178    i._printf_pre_padding  mc_w.l(printfa.o)
    0x080040ee   0x080040ee   0x00000016   Code   RO         2179    i._snputc           mc_w.l(printfa.o)
    0x08004104   0x08004104   0x0000000a   Code   RO         2180    i._sputc            mc_w.l(printfa.o)
    0x0800410e   0x0800410e   0x00000002   PAD
    0x08004110   0x08004110   0x00000058   Code   RO         1318    i.cJSON_Delete      cjson.o
    0x08004168   0x08004168   0x0000001e   Code   RO         1327    i.cJSON_GetObjectItem  cjson.o
    0x08004186   0x08004186   0x00000002   PAD
    0x08004188   0x08004188   0x00000020   Code   RO         1331    i.cJSON_New_Item    cjson.o
    0x080041a8   0x080041a8   0x00000010   Code   RO         1332    i.cJSON_Parse       cjson.o
    0x080041b8   0x080041b8   0x00000064   Code   RO         1333    i.cJSON_ParseWithOpts  cjson.o
    0x0800421c   0x0800421c   0x0000004c   Code   RO         1339    i.cJSON_strcasecmp  cjson.o
    0x08004268   0x08004268   0x00000048   Code   RO          771    i.delay_ms          delay.o
    0x080042b0   0x080042b0   0x00000040   Code   RO          772    i.delay_us          delay.o
    0x080042f0   0x080042f0   0x00000050   Code   RO         2196    i.free              mc_w.l(malloc.o)
    0x08004340   0x08004340   0x0000004c   Code   RO         1225    i.ft                hmac_sha1.o
    0x0800438c   0x0800438c   0x0000014a   Code   RO         1226    i.hmac_sha1         hmac_sha1.o
    0x080044d6   0x080044d6   0x00000002   PAD
    0x080044d8   0x080044d8   0x00000034   Code   RO         1227    i.k                 hmac_sha1.o
    0x0800450c   0x0800450c   0x0000033c   Code   RO         1100    i.main              main.o
    0x08004848   0x08004848   0x0000006c   Code   RO         2197    i.malloc            mc_w.l(malloc.o)
    0x080048b4   0x080048b4   0x000000ac   Code   RO         1343    i.parse_array       cjson.o
    0x08004960   0x08004960   0x00000114   Code   RO         1344    i.parse_hex4        cjson.o
    0x08004a74   0x08004a74   0x000001bc   Code   RO         1345    i.parse_number      cjson.o
    0x08004c30   0x08004c30   0x00000114   Code   RO         1346    i.parse_object      cjson.o
    0x08004d44   0x08004d44   0x000001cc   Code   RO         1347    i.parse_string      cjson.o
    0x08004f10   0x08004f10   0x000000bc   Code   RO         1348    i.parse_value       cjson.o
    0x08004fcc   0x08004fcc   0x000009d8   Code   RO         1901    i.pow               m_ws.l(pow.o)
    0x080059a4   0x080059a4   0x0000002e   Code   RO         1228    i.rotl              hmac_sha1.o
    0x080059d2   0x080059d2   0x00000002   PAD
    0x080059d4   0x080059d4   0x00000284   Code   RO         1230    i.sha1              hmac_sha1.o
    0x08005c58   0x08005c58   0x00000012   Code   RO         1356    i.skip              cjson.o
    0x08005c6a   0x08005c6a   0x0000004c   Code   RO         2266    i.sqrt              m_ws.l(sqrt.o)
    0x08005cb6   0x08005cb6   0x00001df0   Data   RO          952    .constdata          oled.o
    0x08007aa6   0x08007aa6   0x000000c0   Data   RO         1276    .constdata          base64.o
    0x08007b66   0x08007b66   0x00000007   Data   RO         1359    .constdata          cjson.o
    0x08007b6d   0x08007b6d   0x00000003   PAD
    0x08007b70   0x08007b70   0x00000088   Data   RO         1902    .constdata          m_ws.l(pow.o)
    0x08007bf8   0x08007bf8   0x00000008   Data   RO         2264    .constdata          m_ws.l(qnan.o)
    0x08007c00   0x08007c00   0x00000081   Data   RO         2334    .constdata          mc_w.l(ctype_o.o)
    0x08007c81   0x08007c81   0x00000003   PAD
    0x08007c84   0x08007c84   0x00000004   Data   RO         2335    .constdata          mc_w.l(ctype_o.o)
    0x08007c88   0x08007c88   0x00000047   Data   RO         1143    .conststring        onenet.o
    0x08007ccf   0x08007ccf   0x00000001   PAD
    0x08007cd0   0x08007cd0   0x00000020   Data   RO         2371    Region$$Table       anon$$obj.o


    Execution Region RW_IRAM1 (Exec base: 0x20000000, Load base: 0x08007cf0, Size: 0x00001ec0, Max: 0x00005000, ABSOLUTE)

    Exec Addr    Load Addr    Size         Type   Attr      Idx    E Section Name        Object

    0x20000000   0x08007cf0   0x00000014   Data   RW          422    .data               stm32f10x_rcc.o
    0x20000014   0x08007d04   0x00000004   Data   RW          773    .data               delay.o
    0x20000018   0x08007d08   0x00000004   Data   RW         1101    .data               main.o
    0x2000001c   0x08007d0c   0x00000004   Data   RW         1144    .data               onenet.o
    0x20000020   0x08007d10   0x0000000c   Data   RW         1360    .data               cjson.o
    0x2000002c   0x08007d1c   0x00000004   Data   RW         1852    .data               esp8266.o
    0x20000030   0x08007d20   0x00000004   Data   RW         2302    .data               mc_w.l(mvars.o)
    0x20000034   0x08007d24   0x00000004   Data   RW         2303    .data               mc_w.l(mvars.o)
    0x20000038   0x08007d28   0x00000004   Data   RW         2307    .data               mc_w.l(errno.o)
    0x2000003c        -       0x00000480   Zero   RW          951    .bss                oled.o
    0x200004bc        -       0x00000200   Zero   RW         1851    .bss                esp8266.o
    0x200006bc   0x08007d2c   0x00000004   PAD
    0x200006c0        -       0x00000c00   Zero   RW          208    HEAP                startup_stm32f10x_hd.o
    0x200012c0        -       0x00000c00   Zero   RW          207    STACK               startup_stm32f10x_hd.o


==============================================================================

Image component sizes


      Code (inc. data)   RO Data    RW Data    ZI Data      Debug   Object Name

       688          8        192          0          0       3424   base64.o
      2176         82          7         12          0      11233   cjson.o
         0          0          0          0          0       4540   core_cm3.o
       192         18          0          4          0       1701   delay.o
       492         24          0          0          0       4209   dht11.o
       688        236          0          4        512       4739   esp8266.o
      1148         30          0          0          0       4191   hmac_sha1.o
        52          4          0          0          0        443   led.o
       828        224          0          4          0       1049   main.o
       132         22          0          0          0     204639   misc.o
      2374         58          0          0          0      13212   mqttkit.o
      1708         76       7664          0       1152      10476   oled.o
      2964       1216         71          4          0      11410   onenet.o
        36          8        304          0       6144        780   startup_stm32f10x_hd.o
       304          0          0          0          0       3364   stm32f10x_gpio.o
       320        260          0          0          0      26961   stm32f10x_it.o
       276         32          0         20          0       4150   stm32f10x_rcc.o
       450          6          0          0          0       5711   stm32f10x_usart.o
       328         28          0          0          0       1721   system_stm32f10x.o
       498         24          0          0          0       4473   usart.o

    ----------------------------------------------------------------------
     15682       2356       8274         48       7812     322426   Object Totals
         0          0         32          0          0          0   (incl. Generated)
        28          0          4          0          4          0   (incl. Padding)

    ----------------------------------------------------------------------

      Code (inc. data)   RO Data    RW Data    ZI Data      Debug   Library Member Name

        62         10          0          0          0        340   dunder.o
        40          0          0          0          0         68   fpclassify.o
       170          0          0          0          0         96   poly.o
      2520        190        136          0          0        324   pow.o
         0          0          8          0          0          0   qnan.o
        76          0          0          0          0         84   sqrt.o
        28          0          0          0          0         68   _chval.o
       158          0          0          0          0         92   _strtoul.o
        26          0          0          0          0         80   atoi.o
         8          4        133          0          0         68   ctype_o.o
         0          0          0          0          0          0   entry.o
         0          0          0          0          0          0   entry10a.o
         0          0          0          0          0          0   entry11a.o
         4          0          0          0          0          0   entry12b.o
         8          4          0          0          0          0   entry2.o
         4          0          0          0          0          0   entry5.o
         0          0          0          0          0          0   entry7b.o
         0          0          0          0          0          0   entry8b.o
         8          4          0          0          0          0   entry9a.o
        20         10          0          4          0        136   errno.o
        30          0          0          0          0          0   handlers.o
        36          8          0          0          0         68   init.o
         0          0          0          0          0          0   iusefp.o
        30          0          0          0          0         68   llshl.o
        36          0          0          0          0         68   llsshr.o
        32          0          0          0          0         68   llushr.o
       188         20          0          0          0        160   malloc.o
        36          0          0          0          0         68   memcpya.o
        36          0          0          0          0        108   memseta.o
         0          0          0          8          0          0   mvars.o
      2362         96          0          0          0        768   printfa.o
        24          0          0          0          0         68   strcat.o
        20          0          0          0          0         68   strchr.o
        18          0          0          0          0         68   strcpy.o
        14          0          0          0          0         68   strlen.o
        40          0          0          0          0         76   strncat.o
        30          0          0          0          0         80   strncmp.o
        36          0          0          0          0         80   strstr.o
       112          0          0          0          0         88   strtol.o
        12          0          0          0          0         68   tolower.o
        44          0          0          0          0         80   uidiv.o
        98          0          0          0          0         92   uldiv.o
        48          0          0          0          0         68   cdrcmple.o
       334          0          0          0          0        148   dadd.o
       222          0          0          0          0        100   ddiv.o
       186          0          0          0          0        176   depilogue.o
        62          0          0          0          0         80   dfixi.o
        48          0          0          0          0         68   dfixul.o
        34          0          0          0          0         76   dflti.o
       228          0          0          0          0         96   dmul.o
        46          0          0          0          0         80   dscalb.o
       162          0          0          0          0        100   dsqrt.o

    ----------------------------------------------------------------------
      7748        346        280         12          0       4560   Library Totals
        12          0          3          0          0          0   (incl. Padding)

    ----------------------------------------------------------------------

      Code (inc. data)   RO Data    RW Data    ZI Data      Debug   Library Name

      2868        200        144          0          0        912   m_ws.l
      3498        146        133         12          0       2656   mc_w.l
      1370          0          0          0          0        992   mf_w.l

    ----------------------------------------------------------------------
      7748        346        280         12          0       4560   Library Totals

    ----------------------------------------------------------------------

==============================================================================


      Code (inc. data)   RO Data    RW Data    ZI Data      Debug   

     23430       2702       8554         60       7812     319130   Grand Totals
     23430       2702       8554         60       7812     319130   ELF Image Totals
     23430       2702       8554         60          0          0   ROM Totals

==============================================================================

    Total RO  Size (Code + RO Data)                31984 (  31.23kB)
    Total RW  Size (RW Data + ZI Data)              7872 (   7.69kB)
    Total ROM Size (Code + RO Data + RW Data)      32044 (  31.29kB)

==============================================================================

